uhfuhdqopcfxchaqhjbc uhfuhdqopcf
uhfuhdqopcthchaqhabc uhfuhdqopct
uzfuhdqopcthmhaqhcbc uz
ujfuhdqopcyhmhaqhcbg ujfuhd
ujfuhjqopcyhmhachcbg ujfuhjqopcyhmhachc
ujfuhjqopcyhmhachdaz ujfuhjqopcyhmhachd
uifuhjqopcuhmhachdan uifuhjqopcuhm
uifuhjqopcuhjhakxdan uifuhjqopcuhj
uifuhjqppcupjhakxdab uifuhjqpp
uifuhjqpwcupjhfkxdfb uifuhjqpwcupjh
uifuhjqpwcupjifkiafb uifuhjqpwcupji
uifshjqpwcupjifkiafb uifs
uibsmjqpwkupjifkiafb uibsmjqp
uibsmjqxwkupsifkiafb uibsmjqx
uibsmjvxykupsifhiafb uibsmjv
uibsmjmlykupsifhiwfb uibsmjm
uibsmemrbkupsifhiwfb uibsmemrbk
uibsmemrbvppscfhiwfb uibsmemrbv
uiysmemrbvppscfhiwfe uiy
uirsmemgbvppscahiwfe uir
urmsmemwbvppscahiwfe ur
armsmemwbvppscahqrfe ar
rrmsmemwbvpphcahqcfe rrmsmem
rrmsmexwbvpphcahqcve rrmsmex
rrmvmexwxvpphcahqsve rrmvmexwx
rrmvmexwivphhcahqsve rrmvmexwi
rrmvmexkijphhcahqsve rrmvmexkijp
rrmvmexkijuhhcloqsve rrmvmexkiju
rlmvmexkiwunhcloqsve rlmv
rlmnmexkiwunhcloaeve rlmnme
rlmnmsxkiwunhceoheve rlmnmsx
rlmnmspoiwunhceohevu rlmnmsp
rvmnmspomwunhceoievu rvmnmsp
rvmnmsygmwuthceoievu rvmnmsy
avbnmsygmwutcceoievu avb
avmnmsigmwuacceoievu avmnmsigm
avmnmsignwuacceoaevu avmnmsignwua
avmnmsignwugjceoaefu avmnmsignwug
avmnmgignwugjcloayfu avmnmg
vvmnmgignwugjcloyyfu v
yvmnggignwugjcloyqfu yvmnggignwugjcl
yvmnggignwugjcboyefu yvmnggignwugjcb
yvmngibgnwubjcboyefu yvmngi
yfnngibgnwubjcboyefp yfn
yfghgibgywubjcboyefp yfg
jfghgyboywubjcboyefp jfghgy
jfghgeboywubjcboyehp jfghgeboywu
jfghgeboywxbjcfoyehu jfghgeboywx
jfghgeboywhbjcfoyezv jfghgeboywh
jfhhjeboywhbjcfxyezv jfh
