oazvctjnuhhdlegowytg oa
ospvctjnghhdlegowytg ospvctjnghhdlegowytg
ospvctjnghhdlegowytx ospvctjnghhdlegowytx
hspvstjnwhhdlegowytx hspvstj
hspvstoxwhhdnegowytx hspvstoxwhhdne
hspvstoxwhhdnrtowytx hspvstoxwhhdnr
hspdstopwhhdnrtowxtx hspd
hsydltopwhhdnrtowxtx hsydltopwhhdnr
hsydltopwhhdnjbxwxtx hsydltopwhhdnj
hsydlkzpwhhdnjbxwxtx hsydlk
hsydskzpqhhdhjbxwxtx hsydskzpqhhdh
hsydskzpqhhdjlbxwxtf hsydskzpqhhdj
hsydskzjqhidjlfxwxtf hsydskzjqh
hsydskzjqiidkofxwxtf hsydskzjqi
hsydskboqiidkouxwxtf hsydskb
hsyzskboaiidkorxwxtf hsyzskboaii
hsyzskboaixdnorrwxtf hsyzskboaix
huyzskboaixdnorrghtf hu
nuzzskboaixdnorrghkf nuzz
nuzpskboaixdnorrgjkf nuzp
ncznskboaixdnorrgjxf nczn
nczhskbowibdnorrgjxf nczhs
nczhpkbowibddorrrjxf nczhp
fczhkkbowibddlrrrjxf fc
cczhkkpowibddlrrrjxb cczhkkpow
cczhkkpodibdwlrrrjxb cczhkkpod
cczhkkpogibdulrrrjxq cczhkkpog
cczhkwpogibdulwrrjeq cczhkw
cczckwpogibdflwbrjeq cczc
cyzckwpogibvflwzrjeq cyzck
cyzcqwpogibvflwgjjeq cyzcq
cyzciwpegibvflwgjjes cyzci
lnzciwpegibvflwgjjes lnzci
lnzcjjppgibvflwgjjes lnzcjjppg
lnzcjjppsibvflwgsjeq lnzcjjpps
lnzcmjppsibvflwgvjeq lnzcmj
lnzcmuypsibvflwfvjeq lnzcmu
lnzcnaypsibvflwfvjen lnzcn
lrzonaypsibvflwfvjsn lr
jrzonnypsibvflwfvjkn jrzonnyp
jrzonnyjsibfflwfvjzn jrzonnyj
jrzonnojswbfflwfvjzh jrzonno
jrzqnnojswbffnwfvjzh jrzq
nrzqnnojsobffnwfvxzh nrzq
nrzvnnzjmobffnwfvxzh nrzvn
nrzvfnzjmobffnlfvxzs nrzvf
nizvfnzjmobffnlfcxks niz
nilvfnzjepbffnlfcxks nil
niwvfnsjepbffnlfcdks niwvfnsje
niwvfnsjdpbffnlfedns niwvfnsjd
nbwufnsjdpbffnlferns nbwufnsjdpbf
nbwufnsjdpbxfnlfebfs nbwufnsjdpbx
nbqsfnsjdpbxfnlfebfm nbq
nbdsfnszdpbnfnlfebfm nbd
nblsfnszdpbnfnlfebim nbls
nblcfnszdpbnfjlfebzm nblcfnszdpbnfjl
nblcfnszdpbnfjvfebzm nblcfnszdpbnfjv
bblcfiszdpbnfjvfeyzm bblc
bblqfiszdpcnrjvfeyzm bblq
bbqqfispdpcnrjvfeyzm bbq
bbmqfispypcnsjvfeyzm bbmqfis
bbmqfiopyochsjvfeyzm bbmqfio
bbmqgidpyochsjvfeyzg bbmqgi
bbmqglnpyschsjvfeyzg bbmqgl
bbmqgenpykchsjvheyzg bbmqge
bbmbgewppkchsjvheyzg bbmb
fnmbgewppkchbjvheyzg fn
enmzgewppkchbjvheqzg enmzge
enmzgxwppkcobjvheqzg enmzgxw
enmzgxuppkcocjvhcqzg enmzgxu
enezgcuxpkcocjvhcqzg enezgc
enezgtuxikcocjvhfqzg enezgtuxikco
enezgtuxikclcavhsqzg enezgtuxikclca
enezgtuxikclcgvhsqxg enezgtuxikclcg
eiezgtuxixllcgvhsqxg ei
eseugtuxixllcgvhsqxg eseugtuxixllcgvh
eseugtuxixllcgvatqtg eseugtuxixllcgva
esgugtutixflcgvatqtg esgug
esguztutixfpcgvatqtg esguztut
esguztuiixfpcgvhtqtd esguztui
bsguztuiixopcgkhtqtd bsguzt
bsguzruizxopjgkhtqtd bsguzr
bsvjzrunzxopjgkhtqtd bsv
vsvfzrunzxopjgkhtqcd vsvfz
jswfzrunzxopjgkjtqcd jswfzr
jswfzeuczxopjgkhtqcd jswfze
jswfteuczxopfgkhtqcf jswft
vsvfteuczxopfgkltqcf vsvft
vsvqteuczxocfgkltqcg vsvqt
vsvqbouczbocfgkltqcg vsvqb
ksvqbouczbocpgkltqcg ksvqb
ksvqfoeczbbcpgkltqcg ksvqf
kavqfoeczbbcpgtltqcq ka
kgxqfoeczbbcpftltqcq kgxqf
kgxqnoeczrbcpftltkcq kgxqnoecz
kgxqnoeckrbcpftntkcg kgxqnoeck
kgxqjdeckrbcpftntkcg kgxqj
raxqjdeckrbcpftntkcg raxqjd
raxqjteckrbclftntycg raxqjteckrbclf
raxqjteckrbclgtntfct raxqjteckrbclg
