bpubuqetprmwipusyaug bp
lpubuqktprmwipusyaug lpubuqktprmwipu
lpubuqktprmwipgjyaug lpubuqktprmwipg
lpubjqkbprmwipgjyhug lpubj
hpmbjqkbprmwipgryhug hpmb
hpmtjqkbprqwipgryhug hpmtjqkbprqwi
hpmtjqkbprqwepgerhug hpmtjqkbprqwe
hpmtjqnbpruwepgerwug hpmtjqnbpruw
hpmtjqnbprujepgerwue hpmtjqnbpruj
hpmtjqnlprumepgercue hpmtjqnl
hlmtjqnlprumepgeryue hlm
hlstjqnlprpmspgeryue hls
hcstjqnlprpmspgeiyqe hcstjqnlp
hcstjqnlrrpmspgkiyqe hcstjqnlrrpms
hcstjqnlrrpmrpgkiyae hcstjqnlrrpmrpgki
hcstjqnlrrpmrpgkgpae hcstjqnlrrpmrpgkg
ocstjqnlrrpmrpgkzvae ocs
ocytjqnlrrpzrpgkztae ocytjqnl
ocytjqnkmrpzrpgkzeae ocytjqnk
ocytjqrkmrporpgkzete ocytjqr
ocytgqrkmrporpgxzote ocytg
omytgqrkmwporpgxtote omy
omvtgqkkmwnorpgxtote omvtgqk
omvtgqfkmwnorpgxfoke omvtgqf
omvogqfkmwvorugxfoke omvo
ommogqfkqwvorugxfoke ommogqfkq
ommogqfkowvorugxfokm ommogqfko
ommocqmkowvozugxfokm ommoc
obmocqmkowvyzugxfokm obmocqmkow
obmocqmkoxvyzumxfoks obmocqmkoxvy
obmocqmkoxvhzumxfovs obmocqmkoxvh
obmocqmkcgvhzumkfovs obmocqmkc
obvocqmkcsvhzumkfovs obvocqmkcsvhzumk
obvocqmkcsvhzumthovs obvocqmkcsvhzumt
opvocqmkdsvhzlmthovs opvocqmkdsvhzlmth
opvocqmkdsvhzlmtaqgs opvocqmkdsvhzlmta
opvoaqmkdsvhzlmtacgy opvoaqmk
opvoaqmndsvpzlmcacgy opvoaqmn
opeoaqnndsvpzlmcacwy opeoaqnndsv
opeoaqnndsnpzlmcacvy opeoaqnndsn
opxoaqnndsnpzlmaaccy opxoaqnndsnpz
opxoaqnndsnpaumtaccy opxoaqnndsnpa
opxeaqnndswpaumtaxcy opxeaqnnd
opxeaqnnaswuaumvaxcy opxeaqnnaswuaumva
opxeaqnnaswuaumvqxcw opxeaqnnaswuaumvq
opxoyqnbaswuaumvqxcw opxoyqnbasw
opxoyqnbasxuacmvqxhw opxoyqnbasx
opuoyqnbasxuacmvqxbw opu
onuoyqnbasxcaamvqxbw on
ovuoyqnbgsxcawmvqxbw ovuoyqnb
ovuoyqnxgtxcawmuqxbw ovuoyqnx
ovuonqnxgtucagmuqxbw ovuon
ovuouqnxgtucagmuqxiw ovuou
ovnouqnxgtucagmuqxdw ovnouqnxgtuc
ovnouqnxgtuyarmuqxdt ovnouqnxgtuy
opnouqnxgtuyarmqqzdt opnouqnx
opnouqnmgtuyarmqqzdn opnouqnm
opnouqomgtuvarmqqzdj opnouqo
ipnouwomgtumarmqqzdj ip
ifnouwomgtbmarmqqzdj ifno
ifnuuwomxtbmjrmqqzdj ifnuu
ifnuswqextbmjrmqqzdj ifnuswqextbmj
ifnuswqextbmlrmqqzhj ifnuswqextbml
ifnuswqextlmarmqqzho ifnuswqextlmarm
ifnuswqextlmarbeqfho ifnuswqextlmarb
ifnyswqevtymarbeqfho ifnyswq
ifnyswuevtymarwyqfho ifnyswuevtymar
ifnyswuevtymatkyqfho ifnyswuevtymat
ifnyswuegtymitkyqyho ifnyswueg
ianmmwuegtymitkyqyho ia
iynmmeuegtymitkyqyho iyn
iydmmyuegtyoitkyqyho iyd
xydmmyuegtyoitxcqyho xy
xzdmmyuegtyontxcwyho xzdmmyu
xzdmmyhegxyontxcjyho xzdmmyh
xzdemyhygxyontxcjzho xzdemyhygx
xzdemyhygiyontgcjzho xzdemyhygi
xzdymuhygiyontgcjzhe xzdy
xldymuhygpymntgcjzhe xldymuhygpymntgcj
xldymuhygpymntgcvzre xldymuhygpymntgcv
xldymuhygxxmnqgcvzre xldymuhygx
xldymuxyggxmnqgcnzre xldymux
xlcymuxyugxmnqgcnzre xlc
xrcyuuxyugxmnegcnzre xrcyuuxyugxm
xrcyuuxyugxlnxgcnzre xrcyuuxyugxl
jrdyuuxjugxlnxgcnzre jr
jedyuuyjugxlnxgcnzre je
medluuyjugxlnxecnzre medl
meddduykugxlnxecnzre meddduy
medddudkugxlnxeenzre medddudkugxlnx
medddudkugxlnlelnzre medddudkugxlnl
medddunkugxlnlflnzre medddun
medhdjnkugxlnlfinzre medhdjnk
medhdjnnugxlnlkingre medhdjnn
medhdjnvugxlklkingre medhdjnv
oededjnvugxlklhingre oededj
oededqnvugxlklhingje oededq
oededknvugxoklhingke oededk
oegedknvugxoklhinmkc oegedkn
oegedkjvugxoklhznmlc oegedkj
yegedkjvugxwmlhznmlc ye
ylggdkjhugxwmlhznmlc ylggdkjhugxwmlhz
ylggdkjhugxwmlhqnolc ylggdkjhugxwmlhq
ylsgzkjhugxwmlhqnolz yls
ypcgzkjhugxwmlhqnolz yp
yfcgzkjhugxwmlhuyolz yf
xftgzkjjugxwmlhuyolz xftg
xftuzkjjugxwmlhgoolz xftuzkjj
xftuzkjdugxwmlhloolz xftuzkjd
xfluzkjduxxwmlhloolc xfluzkjd
xfluzkjcuxxwmlglooly xfluzkjcuxxwm
xfluzkjcuxxwyvnlooly xfluzkjcuxxwy
xfluzkjzuqxwfvnlooly xfluzkjz
xfluzojzwqxwfvnlozly xfluzo
zfluzojzwqnwfvnlozli zfluzojz
zfluzojqwqlwfvklozli zfluzojq
ffluzojqwslwfvklozlw ffluzojqwslwfv
ffluzojqwslwfeklozuz ffluzojqwslwfe
ffluzojqwslwslklozuz ffluzojqwslws
ffluzojqwslhslllozuz ffluzojqwslhslllo
ffluzojqwslhslllizkz ffluzojqwslhsllli
ffluzojqwmlhowllizkz ffluzojqwm
cfluzojqumlhoullizkz cfluzojq
cfluzojzumlheultizkz cfluzojz
cflnzojzumlhemltickz cfln
cfllzojzuilhemlqickz cfllzojzuilh
cfllzojzuilnlmlqicaz cfllzojzuiln
cfjlzojruilnlmlqicaz cfjlzojr
cfjlzojiuilnlmlqiaaz cfjlzoji
nfjlzzjauilnlmlqiaaz nfjlz
nfjldzjauilnlmlqiraz nfjld
ifjldxjauilnlmlqirad ifjld
ifjlrxjauilnlmpqirag ifjlr
ifjlwxjauilnlmpqirpg ifjlwxj
ifjlwxaauionlmpqirph ifjlwxa
ifhlwxaauionlmpqirxh ifhlwxaaui
ifhlwxaauzenlmpqirxh ifhlwxaauz
ifwlwxaauuerlmpqirxh ifwlwxaau
ifwlwxaazuerlmppilxh ifwlwxaaz
ifnewxaazuerlmppiwxh ifnew
ifnexxaazuerlmpniwxh ifnexxaazu
ifnexxaazserlcpniwxn ifnexxaazs
ifnexxzazherlcpniwxn ifnexxz
ifnfxxzazherugpniwxn ifnfxx
ifnfxtzazherugpnilxn ifnfxt
ifnlxtzazherugpnilxn ifnlx
ifnljtzazoerugpnnlxn ifnljtzazoerug
ifnljtzazoerulpnnlxf ifnljtzazoerul
ifnlrtzajoerulpnnlof ifnlr
iwnlrtzajoerjlpnulof iwnl
iwntrtzajieejlpnulof iwntrtzajie
iwntrtzajiaejnpnuvof iwntrtzajia
iwntrtzajfaejnpnhvrf iwntrtzajf
iwntrzzajfaejnanhvnf iwntrz
iwntrotajfazjnanhvnf iwntrotajfazjn
iwntrotajfazjzanhunz iwntrotajfazjz
iwrdrotajfazjzanhune iwrdrota
iwrdrotfjfazjzanruae iwrdrotf
iwxdyotfjfazjzanruhe iwx
zwxdyotfjqazjzanruhe zw
zsxdyotfjwazjzinruhe zsxdy
zsxdbotfjwazjzinrxqe zsxdbot
zsxdbogfjuazjzicrxqe zsxdbog
zxxdbogfjtazjzicrxqk zxx
zxsdbogfjtazjziytxqk zxsdb
zxsdcogfjkazjziytxqk zxsdc
vxsdcogflkazjziytxqk vxsdco
vxsdctgflgazrziytxqk vxsdct
vxsdstgaleazrziytxqk vxsds
bxedstgaleazrziytxqk bxeds
bxedqtgalelzrziytxqk bxedqtg
bxedqtzaxelzrziytxqe bxedqtz
oxedqrzaxelzrziytxqe oxe
oxrdqrzamelzrziyxxqe oxrdqrzamelzrziyxx
oxrdqrzamelzrziyxuxg oxrdqrzamelzrziyxu
oxrdqrzamelzxzivxuxu oxrdqrzamelzxzi
oxrdqrzamelzxzzvgvxu oxrdqrzamelzxzz
oxrdqrzamedzxzzoggxu oxrdqrzamed
oxrdqrzasehzxzzoggxu oxrdqrzasehzxzzoggxu
oxrdqrzasehzxzzoggxx oxrdqrzasehzxzzoggxx
oxrdqrsasehzxzzoggxw oxrdqrsasehzxzz
oxrdqrsasehzxzknggxb oxrdqrsasehzxzk
owrdqisasehzxzknggxj owrd
owrnqzsashhzxzknggxj owrn
arrnmzsashhzxzknggxj arrn
arrvmzsashhzxuknvgxj arrvmzsashhzxu
arrvmzsashhzxfkfvgfj arrvmzsashhzxf
arrvmoszshhzxmkfvgfj arrvmosz
arrvmossshhzxqkfvgfj arrvmoss
arrvmnsssghzxqkfvguj arrvmnsssg
arrvmnsssnhtxqkbvguj arrvmnsssn
arrvmdsssnhtsikbvguj arrvmd
arcvmdsssnhtsikbvvul arc
arkvmdsssnhtwikbevul ark
arlvidssmnhtwikbevul arlvi
arlvudssmnhtwikbrvwl arlvudssmnhtwi
arlvudssmnhtwdhbrvgl arlvudssmnhtwdhb
arlvudssmnhtwdhtxvgc arlvudssmnhtwdht
arlvukssmnytwdhtnvgc arlvuk
aflvxkssnnytwdhtnvgc aflvxkssnnyt
aflvxkssnnyvsdhtnvgu aflvxkssnnyv
aflvykssnnyvsdhtnbgt aflvy
eclvykssnnyvsdhtnbgt eclvyk
eclvyvssnnyvsdhvnbgt eclvyv
eclxnvssnnyvsdhfnbgt eclx
zclxnvssnnyvsdhfnugt zclxnvss
zclxnvsjnnyvrdhfgugt zclxnvsjnnyvrd
zclxnvsjnnyvrsyfglgt zclxnvsjnnyvrs
zclxnysjnkyvpsyfglgt zclxny
zclxnesjnkyvpsyfgxgt zclxne
zclxxesjnkyvpsyfgxgt zclxx
uvlxxesjnkyvpeyfgxgt uvlxxe
uvlxxtspnkyvpezfgxgt uvlxxt
uvlxxpspeklvpezfgxgt uvlxxpspekl
uvlxxpspekkvpezfgxgt uvlxxpspekk
uvlxxhspekkvaezwgxgt uvlxxh
mvlxxhspekkveezwgxgy mvlxxhspekkve
mvlxxhspekkvyezwgxgx mvlxxhspekkvy
mvlxxhspesavvezwgxgx mvlxxhspes
vvlnxhspesavvezwgxbx vvln
vvllxhspesavvezwaybx vvll
vzlvxhspexavvezwaybx vz
vkluxtspexavvezwaybx vk
mfluxtspexavvezwaxbx mfluxtsp
mfluxtslexalvezwaobx mfluxtsl
mfluxtssexrlvezwaobd mfluxtss
mfmuxtssexrlvezwqkbd mfm
mfyuxtssexrlvtzwqkbu mfyuxtsse
mfyuxtssbxrlvtiwqkxu mfyuxtssb
mfyuxcosbxrlvtiwqkdu mfyuxc
mfufxcosbxrlvtiwqktu mfuf
mfudxcoybxrlvtieqktu mfudx
mfudpooybxrlvrieqktu mfudpooybxrl
mfudpooybxrnuridqktu mfudpooybxrn
mfugpooybxrnurodqkte mfugpooybxrn
mfugpooybxrdurokqkte mfugpooybxrd
mfugptoybxgdurokvkte mfugpt
mfulytoybxgduaokvkte mfulytoy
mfulytoobxgdqaokvktx mfulytoob
mfulytoocxddqaokaktx mfulytooc
mfulytoacxddqaowoktx mfulytoa
mkulytoacxddwaowokax mku
mkblyhoacxddwaywokax mkblyhoacxddwaywoka
mkblyhoacxddwaywokix mkblyhoacxddwaywoki
mkblyhoauxdduauwokix mkblyhoau
moblyhoauxdduaukvkix mo
mrbgyhoauxdkuaukvkix mr
mcbfyeoauxdkuaukvkix mc
kcbfyeoauxdkuaukvkcj kcbfy
kcbfjeoixxdkuaukvkcj kcbfj
kcbkjeoixxjquaukvkcj kcbk
kqbkjeoixxjquauivkcj kq
kbbkseoixxjquauifkcj kb
ybbkseoixajquaeifkcj yb
ydbksexixajqmaeifkcj ydbksexixa
ydbksexixhjqmaeifkcc ydbksexixh
ydbksexxxhjqmaeiekcc ydbksexx
ydbhsexxxkjqmaeiekcc ydbhsexxxkj
ydbhsexxxkaqaaeiokcc ydbhsexxxka
ydbhsbxxxkaqaaeinkcc ydbhsb
ydbhqbxxgkaqaaeinkcc ydbhq
ydbhobxxgkaqaeeinkhc ydbho
ldbhobxxgkaqaeeinkhj ldbhobxxg
ldbhobxxlkaqaeemqkhj ldbhobxxl
lddhobaxekaqaeemqkhj lddh
lddnozaxekaqaeemqkhj lddn
ldynmzaxekaqaeimqkhj ldynm
ldynyahxekaqaeimqkhj ldynyahxek
ldynyahxeoaqaeimqfhj ldynyahxeo
qdynyahxeoacaeimqfhj qd
odyniahxeoncaeimqfhj odynia
odynijhxeoncieimwfhj odynij
bdyeijvxeoncieimwfhj bd
kdyeixvxeoncieimwfhg kdyeixv
kdyeixbmeoncoeimwfhg kdyeixbme
kdyeixbmgoncoebmqfhg kdyeixbmg
kdyeaxbmgonwoebmefhg kdyea
kdxeaxbfgonwoeboefhg kdx
udxeaxbfgonwoebonqhg udxea
udxeuxbmgonwoebonqhi udxeu
udxewxbmgonpoemonqhi udxewxbmgon
udxewxbmgolpoelonqhi udxewxbmgol
udsewdbmgolpowlonqhi uds
udrewdblgolpowgonqhi udrewdblgolpow
udrewdblgolpoigonqhj udrewdblgolpoi
udrewdblsnleoigonqhj udrewdbls
udreadblsnleoiconqhj udrea
uareadylsnseoiconqhj uareadylsns
uareadylsnjeoitonqhj uareadylsnj
uareanblsnjeoitooqhj uarean
uarranblhrjeoitooqhj uarr
uauranbahrjeoitooohj uauranbahrjeoitoo
uauranbahrjeoitogohj uauranbahrjeoitog
uauranbabrjeiitogchj uauranbab
uauransabrjkiitogchj uauransabr
uauransabpjkiithgcqj uauransabp
uauoansahpjkiithgcmj uauoansahpjk
uauoansahpjaiithgcit uauoansahpja
uauoansrhpjaiathgcit uauoansrhpj
uauoansrhpwaiathgoit uauoansrhpw
uauoansfhjzaiathgoit uauoansf
uauovnwfhjzsiathgoit uauov
uafovnwfhjgsiathgoit uafovnw
uafovnbthhgsiathgoit uafovnb
uabivnbthhgsiachgoit uabivnbth
uabivnbtdhgsianhgoit uabivnbtd
uaxivnbzdhgsiauhgoit uaxivnbz
uaxivnbsdhgsyaungoit uaxivnbsdhgsy
uaxivnbsdhgsqauneont uaxivnbsdhgsq
uaxivnbsdegsmauneond uaxivnbsde
uaxkvnbsdegtmauneond uaxkvn
uaxkvybsrmgtmauneond uaxkvy
jaxkvybsrmfsmauneond ja
daxkvybsrmzbmauneond dax
dagkvybsrmzbmauneonl dagkvy
dagkvgbsrmztmauneofl dagkvg
dalkveosrmztmauneofl dal
malkveocrmzemauneofl malkveocrmz
malkveocrmcemahneofg malkveocrmc
zalkveocrmcemzhneobg za
zclkvebcrmyemzhneobg zclkvebc
zclkvebnrmyemfaneobg zclkvebn
yclkvennrmyemfanvobg yclkvennrmyem
yclkvennrmyecfagvobp yclkvennrmyec
nolkvennrmyecfagvobp nolkven
nolkvepxrmyecfagvfbp nolkvep
nolkvmpxamyecfagvfbf nolkvmpxamyecf
nolkvmpxamyecwagffbf nolkvmpxamyecw
nolkvmpxayyrcsagffbf nolkvmpxay
colkvmpxmyyrisagffbf col
cobkvmpxmyyrisaxfabf cobkvmpxmyyrisaxfab
cobkvmpxmyyrisaxfaqt cobkvmpxmyyrisaxfaq
cobkvopymyyvisaxfaqt cobkvo
ctbkvoiymyevisaxfaqt ctbkvo
ctbkveiymyevisuxfapt ctbkveiym
ctbkveiywyevisukfapy ctbkveiyw
ctbkveeywyevssukzapy ctbkveeywyevs
ctbkveeywyevdvukzapy ctbkveeywyevd
ccbkveeywyevdaukzapy ccbkveeywyevda
ccbkveeywyevdiukoapy ccbkveeywyevdi
ccbkveeywyevddjkoavy ccbkveeywyevdd
cybkveeyjyevddjgoavy cy
gybkveeijyhvddjgoavy g
vybkvflijyhvddjgoavy vybkvflijyh
vybkvflijypvddjgvany vybkvflijyp
vybkvflieypvdhggvany vybkvflie
vyskvflieypvdhggoeny vys
dyskvwlieypvdhggoeny dy
qyskvwlieypvdhgsoehy qys
qyvkvwwieypvdhgsnehy qyvkvw
qyvkvjwieypvdhgsyehy qyvkvj
qyvkpjwieypjdhgsyehy qyvkpjwieypj
qyvkpjwieyphdhgsytvy qyvkpjwieyph
qhykpjwieyphdlgsytvy qhykpjwieyphdlgsytv
qhykpjwieyphdlgsytay qhykpjwieyphdlgsyta
qhykpcwiedphdlgsytay qhykpc
qhykpfwwedphdlgeytay qhykpfw
qhykpfjwemphdlgeytay qhykpfj
qhyopsjwemphdlgeytay qhyo
quyopsjwemcrdlgeytay quyop
quyoosewemcrdlgeytay quyoo
nuyoosewemcrdhgeymay nu
auyoobewemcydhgeymay auyoo
auyokbewehcydheeymay auyokbewehcy
auyokbewehcrdhoeymap auyokbewehcr
auyokbvweacrdhieymap auyokbvwe
auyokbvwkacrdhzyymap auyokbvwkac
auyokbvwkahkdhbyymap auyokbvwkah
duykkbvwcahkdhbyymap duy
dukkkbjwcahkdhbyymap dukkkbjwcahkdh
dukkkbjwcahkdkblymap dukkkbjwcahkdk
dukkkbhwcahfdkalymap dukkkbh
dukktbhwcahfdkalzmap dukkt
dukkibhpcahfdkhlzmap dukki
dukpidhpcahydkhlzmap dukp
dukritvpcahydkhlzmap dukritvpcahydk
dukritvpcahydphlkmau dukritvpcahydp
dukritvpcvhydghpkmau dukritvpcv
duerisvpcvhydghpkmag due
dderisvpcvhydghpknqg dde
ddkrijvptvhydghpknqg ddkrijvptvh
ddkrijvptvwydghphnqg ddkrijvptvw
dddrijvpvvwydghphnqg dddrij
dddrivvpvkwydghphnbg dddrivvpvkwy
dddrivvpvkwadghphnva dddrivvpvkwa
dddrivvpvkmadgrphdva dddrivvpvkm
dddrodvpvsmadgrphdva dddro
ddsrodapvsmadgrphdve dds
dxsrodapvnmxdgrphdve dxsroda
dxsrodepvnsxdgrphgve dxsrodepvnsx
dxsrodepvnsydorphgve dxsrodepvnsy
dxsrddepvnsydorphcve dxsrddepvns
dxsrddepvniydwrfhcve dxsrddepvni
dxsrdtepvniddwryhcve dxsrdt
dxsadtepvniddwbyheve dxsadtepvni
dxsadtepvnqsdwbyheve dxsadtepvnq
dxsadtepanqsdgbyheve dxsadtepa
dxsxdtepanxkdgbyheve dxsxdtep
dxsxdtedanxkdbbyheve dxsxdted
dxzxdtedanxxdbiyheve dxz
dxhxdtedanxxdfiyheme dxh
oohxdtedanxxdfiyzeme oohxdte
oohxdtidanxddfiyzeme oohxdtid
oohxdtiqaexddfiyztme oohxdtiq
oohxdehqaexddfiyztye oohxde
oihxdehqaexbdfiyztye oihxdehq
oihxdehoaexbdfiaetye oihxdeho
ozhxdehoaexbdfiaejyl ozhx
ozhtdehoaecbnfiaejyl ozhtdehoaecbn
ozhtdehoaecbeciuejyl ozhtdehoaecbe
ozhtdehoaecseciuejdv ozhtdehoaecs
ozhtdeqoaecseciukjdv ozhtdeq
oahydeqoaecseciukxdv oa
cahydeqoaecseciikxdv ca
hahydeqoaecseciiuxdg ha
kkhyqeqoaecseciiuxdg kkhyq
kkhygeaoamcseciiuxdg kkhygeaoamcs
kkhygeaoamcvccxiuxdg kkhygeaoamcv
rkhygeaoamrvccxiusdg rkhyge
rkhygdaoamrvcdxiusdg rkhygd
rkhzgdaoamrvcgxiqsdg rkhzgdao
rkhzgdadwmrncgxiqsdg rkhzgdad
ikhkgdadwmancgxiqsdg ik
fkhkgdadwmancgximsdg fkhkgd
fkhkgsadwmancgximfdg fkhkgsa
fkhkgstdwmanngiimfdg fkhkgst
fkhpgstdwmanngiimhdd fkhpgstdw
fkhpgstdrmanngiimcds fkhpgstdrman
fkhpgstdrmarngiimcds fkhpgstdrmar
fuhpgotdsmarngiimcds fu
fshpgotdsmanngiimcdo fshp
fshegotdsmanngiimcdd fshe
fghegutdsmanngiimcda fghegutdsm
fghegutdsxanhgiimcda fghegutdsx
fohegutdmxanhgiimcda fo
pohegutdmtaihgiimcda poheg
pohevutdmtawhdiimcda pohev
pthevzkdmtawhdiimcda pth
ptrevzkmmtawhdiimcda ptrevzk
ptrevzxmmtawhkiimcca ptrevzxmmt
ptrevzxmmpewhkiimcpa ptrevzxmmp
ptbevzxmmpewvkiumcpa ptbevzxm
ptbevzxcmpezvkiumcpa ptbevzxcmpezvkiumc
ptbevzxcmpezvkiumlpr ptbevzxcmpezvkiuml
ptbevzxcmpezvkfumnpe ptbevzxcmpezvkf
ptpenzxcmpezvkeumnpe ptpenzxcmpezv
ptpenzxcmpezzkeufnfe ptpenzxcmpezz
ptpenzxcmpeczhqufnfe ptpenzxcmpec
ptpenjxcmwyczhqufnfe ptpenj
ptaexlxcmwyczhqufnfe pta
ctaexlxdmwyczsqufnfe cta
ctsexlxdtwvczsqufnfe ctsexlxdtwv
ctsexlxdtwucrsqufnfe ctsexlxdtwu
thdexlxdtwucrsqufnfe thdexlxdtwucrsqu
thdexlxdtwucrsqefnfe thdexlxdtwucrsqe
thdexlxdtwocrcqefdfe thdexlxdtwo
thwexlxdtwocrcqcxdfe thwexlxdtw
thwexlxdtfccrcqbxdfe thwexlxdtf
xhwjxlxxtfccrcqbxdfe xh
uewjxlxxtfcnrcqbxdfe uewj
uewwxlxxtfcnrcqbpdfe uewwxl
uewwxjxxtfcgrcqbptfe uewwxj
uckwxjxxtfcgrpqbptfe uc
uzkwxjxxtfcyrnqbptfe uz
vqkwxjxxtfcyrnqbpyfe vq
lquwxjxxtfcyrncbpyfe lquwxj
lquwxyxxtfcyrncqpyae lquwxyxxtfcyrncqp
lquwxyxxtfcyrncqfyae lquwxyxxtfcyrncqf
lquwxytxtfcysncqfrae lquwxyt
luuwxytxtscysncqfwae luuwxytxt
luuwxytxmfcysncbfwae luuwxytxm
luuwxjtxwfcysccbfwae luuwxj
jquwxjtxwfcysccbfgae jquw
jqurxjtxofcysccbfgre jqur
jvurujtxofcyscfbfgre jvurujtxof
jvurujtxoneyscfbfgre jvurujtxon
jvurujkxoneyscrbfgrn jvurujk
jguruikxoneyscrbfgrn jg
vguruikxoneyscjbfgrt vgurui
vguruhkxoneyscjcagrt vguruh
vgurozkxoneyacjcagrt vguro
ogurozkxoieyacjcacrt og
wourozkxoxeyacjcacrt wouroz
wouroekxoxeyacjcaqrt wouroekxoxe
wouroekxoxjyacjcaqsy wouroekxoxj
wouroetxoxjyacjcaqzy wouroet
wokroetxoxjylcjcxqzy wok
wozroutuoxjylcjcxqzy woz
worrouruoxjylcjcxbzy wor
wsgrouguoxjylcjcxbzy wsgrou
wsgroiguoxjylcnpxbzy wsgroi
wsgrohluoxjylcmpxbzy wsgrohluoxjy
wsgrohluoxjelcmptbjy wsgrohluoxje
wsarosquoxjelcmptbjy wsar
wsawosqjtxjelcmptbjy wsaw
tsawosqjtxjelnmpmbjy tsawosqj
tsawosqytxjolnmpmbjy tsawosqytx
tsawosqythjoqnmqmbjy tsawosqyth
tsawqsqythjoqqyqmbjy tsawqsqy
tsawqsqethjoqqyqmejd tsawqsqe
