xuogojousrhstexvjxve xuogojousr
xuogojousmhstgxvkxve xuogojousm
xucgojousmhstgxvkxve xucgojous
xucgojoucmhstgxvcxvy xucgojouc
xucbwjoucmhstgxvjxvy xucb
xucqwjoucmhstgpijxvy xucqwjoucmhstgpi
xucqwjoucmhstgptbxvy xucqwjoucmhstgpt
xucqwjoucmhsxgptbqvc xucqwjoucmhsx
xucqzjovcmhsxgptbmvc xucqz
xwcqzjolcuhsxgptbmvc xwc
xwsqbjolcuhmxgptbmvc xws
rwsqbjolcuhmxlptbmvc rw
frsqbjolcuhmxcptbmvc fr
faoqbjolcuhmxcptbxvc fao
fanqbjylcuhmxfptbxvc fanq
fanmbjylcchmxfptbxrc fanm
fenmbjylcchmxfptmprc fenm
fenhbjylcccmxfpjmprc fenh
fbnhajylcccmxfpjmwrc fbnh
fbnmajylcccyxfpgmwrc fbnmajyl
fbnmajyicccyxfbgmwrc fbnmajyiccc
fbnmajyiccmhxfbgmsrc fbnmajyiccm
fbnsajyiccmhxcfgmsrc fbns
bbnlajyiccmxxcfgmsrc bbn
bbelajwikcmxxcfgmsrc bbela
bbelejwikchxxcfgmsrc bbele
bbqlejwikchxxctgmsoc bbq
kbqlejwikchxxctgmsec kbq
koqlejwiwchxxctgesec ko
aoqleuwiwahxxctgesec aoq
noqleuwiwahxxctaescc noqleu
noqlekwiwahxectaescp noqlek
nohlekwiwahxhcnaescp nohle
nohlbkwiwahzlcnaescp nohlb
iohkbkwiwahzlcnaescp ioh
oohkbkwcwahzlcnaesup oo
uodkbkwcwahzlcnaesup uodkb
uodkgkwcwahzlcnaqsfp uodkg
nodkgkqcwahzlcnamsfp nodkgkqcwahzlcnam
nodkgkqcwahzlcnahsfp nodkgkqcwahzlcnah
nodkgkecwahzlcnausfp nodkgke
noykgkeciahzlinausfp noykgkeci
noykgkeckahzligausfz noykgkeck
nomkgveckahzligatsfz nom
iomjgveckahzligatszz iomjgveck
iomjgveceihzligafszz iomjgvece
iomjgxeceihzligafyzz iomjgx
iomjmxbceyhzligafyzz iomjmxb
iomjmxkcfyhzligalyzz iomjmxkcf
iomjmxkcxyhpligalyzz iomjmxkcx
iomjmxxcxyhpligalmzz iomjmxx
iomcmxxcxwhpligalmlz iomcmxx
iomcmxpqxwhpligwlmlz iomcmxp
iomcmxdkxwhpligwcmlz iomcmxd
iomcmkdkxwhplwgwamlz iomcmkdkxwh
iomcmkdkxwkplwgwamlb iomcmkdkxwk
comcmkdktwkplwgwamlb comcmkdktwkplw
comcmkdktwkpljgwampb comcmkdktwkplj
comcmkdktwcpqjgwampf comcmkdktwc
comcikdktwcpqjgwamnf comcikdkt
comcikdknwkpqjpwamnf comcikdkn
cmmcikoknwkpqjpwahnf cmmcikoknwkpqjpw
cmmcikoknwkpqjpgahns cmmcikoknwkpqjpg
cmmcikrknckpqjpgahps cmmcikr
cmmchkrknckpqbpgahps cmmchkr
cmmchkmknckpygpgahps cmmchkm
cjmchkmknckpyghgahpw cjmchkmk
cjmchkmvudkpyghgahpw cjmchkmvudkpyg
cjmchkmvudkpyohgaipw cjmchkmvudkpyo
cjmchkmaudkpyoogkipw cjmchkma
cjmckkmaudkpyoofkihw cjmck
cjmzkkmabdkppoofkihw cjmzkkmabdkp
cjmzkkmabdkzpooakiuw cjmzkkmabdkz
cjmzkkmubdkzpohatiuw cjmzkkmu
bjmzkkmubdkzpohnmiuw bjm
bjfzkkwubdkzpohnmiuw bjfzkkwubdkzpohn
bjfzkkwubdkzpohusiew bjfzkkwubdkzpohu
bcxzkkwuodkzpohusiew bcxzkk
bcxzkmwuodkzpymusiew bcxzkmwuodkz
bcxzkmwuodkspymubzew bcxzkmwuodks
bcxikmwgodkspymgbzew bcxikmwgodk
bcxikmwgodevppmgbzew bcxikmwgode
bcxukmwgodevppmgvzel bcxukmwgodevppm
bcxukmwgodevpptgvvel bcxukmwgodevppt
bcxukmpqodevpptgvvyl bcxukmp
bccukmpqodefpptgvqyl bcc
sccukmpgodffpptgvqyl sccukmpg
sccukmpnodffpatgnqyl sccukmpn
sscvkmpnonffpatgnqyl ss
swcvkmpsxnffpatgnqyl swcvk
swcvtmpixnffpatgnryl swcvt
secvtmpiwnffpatgnmyl secvtmpiwnf
secvtmpiwnifsatgwmyl secvtmpiwni
gecvtmpiwnifsatgwbyp ge
necvtmbiwnifsatmwbyp necvtmbiwnifsat
necvtmbiwnifsabmubyk necvtmbiwnifsab
nicvtmbiwniksabmmbyk ni
nkcvtmbiwnivsabpmbyk nk
nzcvtmiiwnivsabpmbyk nzcvt
nzcvymwiwnivsabpmbyk nzcvymwiw
nzcvymwivnwvsabpmbyl nzcvymwiv
njcvymwivnwfsabpmbyl njcvymw
njcvymzivnxfsabphbyl njcvymz
ujtvomzivnxfsabphbyl ujtv
ujttoozivnxfszbphbyl ujttoozivnxfszbphby
ujttoozivnxfszbphbqb ujttoozivnxfszbphbq
ujttoozoenxfszbvhbqb ujttoozo
ubttoozoenxfszbdhbqb ubtto
ubttzoloenxflzbdhbqb ubttz
ubttboloenxflvbdxbqb ubttb
ubtoboloynxflvbdxbqb ubto
ujtobokoynxnlvbdxbqb ujtobo
ujtobieoynxnlvydxbqb ujtobi
ultobiooynxnlvwdxbqb ultobiooynxnl
ultobiooynxntzwdxbqb ultobiooynxnt
ultoboioynxntfwdxbqb ultobo
ulthwoioynxntfwdxbqb ulth
ylwhwoioynxntfwdxbqb ylwhwoioyn
ylwhwoioyxuntfwdubqb ylwhwoioyx
ylfhwoiogfuntfwdubqb ylfhwo
ylfhwpiogfknffwdubqb ylfhwp
dlfhwpikgfknffweubqb dlf
dlhhwpikgiknffieubqb dlh
qlhhwpikniknffbeubqb ql
qvhhwpiknianffbeuzqb qvhhwpi
qvhhwpqknbwnffbeuzqb qvhhwpq
lvhhwpqknbqnbfbeuzqb lvh
lvwhwpqknysnbfbeuzqb lvwhwp
lvwhwvqknysnpfbeuzqb lvwhwv
lvwfwvbknysrpfbeuzqb lvwf
jvwfwvbknysrpfleuzib jvwfwv
jvwfwhbknysrpkleuzib jvwfwh
jvwfmhbknytrpkleuzib jvwfm
jvifmubknytrpkleuzib jvifmubk
jvifmubgnytipklouzib jvifmubg
jvifmabgnytipklouwib jvifma
jvffoabgnydipklouwib jvffoa
jvffokbgnygipklouwib jvffok
jxffbkbgnygipclouwib jxffbkbgny
jxffbkbgnqgifclouwib jxffbkbgnq
nxhfbkbgntgifclouwib nx
nvhfbkbgktgifclfuwib nvhf
nvidbkbgktgifclfuwob nvidbkbg
nvidbkbnkhgifklfuwob nvidbkbnkhg
nvidbkbnkhwsfkxfuwob nvidbkbnkhw
nvqdbzbokhwsfkxfuwob nvqdb
nvqdhzlokhwsfkxfuwoy nvqdhzlok
nvqdhzlothwsfkxouwoy nvqdhzlot
nvwdhzlothwsfkxuuwey nvw
nvhdhzlothcsfkbuuwey nvhdhzloth
nvhdhzlotjcsjkbuuwzy nvhdhzlotj
cvadrzlotjcsjkbuuwzy cvadrzlotjcsjkbuu
cvadrzlotjcsjkbuxwzo cvadrzlotjcsjkbux
cvqdrzlorjcsjkbuxwao cvqdr
cvqdmzlorjcsjzouxwao cvqdmzlorjcsjz
cvqdmzlorjcsjoofowao cvqdmzlorjcsjo
cvqdmzporjcsjoqfowap cvqdmzp
clsdmzporjchjoqfowap clsdmz
clsdmnpozjchjoqfowap clsdmn
clsdmmpozjchroqlowap clsdmm
cfsdmmpoujchroqlogap cf
ctsdmmpoujxhroqlogrp ctsd
ctsimmpowjxhroqlbgrp ctsi
ttsvmmpowjxhpoqlbgrp ttsvmm
ttsvmkpowzxhplqlbgrp ttsvmkpo
ttsvmkpgwgxhplllbgrp ttsvmkpg
ttsvmlpgwixhplllbgkp ttsvml
ttovmlpgwixhpillbgrp tto
ftovmlpgwixhpilbbcrp ftovmlpgwixhpi
ftovmlpgwixhpulbbczf ftovmlpgwixhpu
ftovmlpgwixkpuvbbczf ftovmlpgwixk
fsxvmlpgwickpuvbbczf fs
rsxvmlpgwecknuvbbczf rsxvmlpg
rsxvmlpqwecknupbbczq rsxvmlpqwecknu
rsxvmlpqwecknjpbzfzq rsxvmlpqwecknj
rsxxmloqwgcknjpbzfzq rsxxmloqwgck
rsxxmloqwgcanjpbcfzq rsxxmloqwgca
rsxxmseqwgcanjbbcfzq rsxxmse
rsxxmsfqigcxnjbbcfzq rsxxmsfqig
rsxxmsfqiwvxnjbbcfzq rsxxmsfqiw
rsxxmsfqywvxnjbbcfzj rsxxmsfqy
rsxxmsnsdwvxnjbbcfzj rsxxmsn
rsxumsnsdfvxnjbbcbzj rsxumsns
rsxumsnznqvxnjbbcbzj rsxumsnznqvxn
rsxumsnznqvxbjbbzszj rsxumsnznqvxb
rsxumsnzqqvxbjbbzskj rsxumsnzq
rsxumsnzjqvxbjbbejkj rsxumsnzj
rsxumsnzpqvxbjbbtakj rsxumsnzp
rsxpmspzpqvxbjbbtavj rsxpmspzpqvxbjbb
rsxpmspzpqvxbjbyuanj rsxpmspzpqvxbjby
rsypmspepqvxbjbyutnj rsypmspepqvx
rsypmspepqvwbjbsucnj rsypmspepqvw
rsypmepppqvwbjbnucnj rsypme
rsyxmepppqvwbjbnuyqj rsyxm
rsyxdcpmpqvwbjbnuyqj rsyxd
gsyxdcpmpqvwbjbntyqj gsyxdcp
gsyxdcvmpqvwbbbntyyj gsyxdcv
gsoxdcvmpxvwbbbntiyj gsox
gsfadcvmpxvsbbbntiyj gsfadc
gsfaddvmpxvsbbbbtitj gsfaddv
gsfaddkmpxvsbbubtizj gsfaddk
gsoaddkmpxvsbbubbiij gsoad
gsoaxdkmplvsbbubbzij gsoax
gsoexdqmplvsbbubbzid gsoexdqmp
gsoexdqmklvsbbubbzyd gsoexdqmk
gsoexdtmklvfbbubbzyo gsoexdt
csoexdtmklvfnbubbzgo csoex
csoebdtmklvfnbubbzfp csoebdtmkl
csoebdtmkzvfnbzbbzsp csoebdtmkz
csoebdtmtzvfnbubhzsp csoebdtmt
cgoebdtmtzvfybubhzsn cgoebdtmt
cgoebdtmszvfybuvozsn cgoebdtmsz
cgoebdtmslvfzbuvowsn cgoebdtmsl
cgoebdzmslvfxbuvowsn cgoebdz
cgoxbdzmslvfxbuuojsn cgox
ogoxbdzvslvfxbuudjsn ogoxbdzvslv
ogoxbdzvslcfxbuudjwn ogoxbdzvslc
ogoxldzjslcfxbuudtwn ogoxldzjslcfxbuud
ogoxldzjslcfxbuujtqw ogoxldzjslcfxbuuj
ogofldsjsicfxbuujtqw ogofld
ogoflxsjsucfxbuujttw ogoflx
ogoolxsjsxcfxbutjttw ogoo
ocoolxsjsxcfxbstjgtw oco
ocdllxsjsxcfxbstjgtx ocdl
ocdhlzsjsxcfxbstjgox ocdhlzsjsxcfx
ocdhlzsjsxcffbetjgox ocdhlzsjsxcff
ocdvlesjsxcfkbetjgox ocdv
tcdvlosjsxczkbetjgox tcdvlosjsxc
tcdvlosjsxnzobetjgox tcdvlosjsxn
tcdvlosjsonhobenjgox tcdvlosjso
tcuvxosjsonhobecjgox tcuvx
tcuvuusjsdnhobecjgox tcuvuu
tcuvubsjodnhcbecjgox tcuvub
acuvubsjodnhzbecjgox acuvubsjod
acuvubsjoimhzbecjjox acuvubsjoi
acuvubscoimhzbjcjjox acuvubsc
aluvubscoimhybvcjjox aluvu
aluvdbbcoimvybvcjjox aluvdbbco
aluvdbbcyimvycvcnjox aluvdbbcy
aluvdbbcuimvycvcnjox aluvdbbcuimvyc
aluvdbbcuimvywvcnjfx aluvdbbcuimvyw
aluvdbbouimpylvcnjfx aluvdbbouim
aluvdbbouinpylacnjft aluvdbbouin
aljvwebouinpylacnjft aljvwebo
aljvwebyuinpylacnjff aljvweby
aljvcebyuiypylarnjff aljvcebyuiyp
aljvcebyuiyfylafdjff aljvcebyuiyf
aljvcebyuiwfyqafdjff aljvcebyuiw
aljocebyuiwfyqakdjff aljoc
aljosebyuiwfnqakdjnf aljos
aleosebyuiwpoqakdjnf ale
alnowebyuiwpoqakdjnf aln
aonowebyuywpoqakdjyf aonowe
aonowubyuywsoqtkdjyf aonowu
sonomubyuywsoqtkdmyf so
snnomubyuywyoqtkdmyf snnomubyuywyoq
snnomubyuywyohtudmyf snnomubyuywyoh
sntomkbyuywyohtudvyf snto
sntcmlbyuyyyohtudvyf sntcmlbyuy
sntcmlbyuszyohtudvyq sntcmlbyuszyo
sntcmlbyuszyhhtidvyq sntcmlbyuszyh
enteolbyuszyhhtidvyq ent
enbeolbvuszyhhtidvyq enbeolbvus
enbeolbvulzynhtidvyq enbeolbvulzynht
enbeolbvulzynhmidvbm enbeolbvulzynhm
enbuolbvulzynhmijibm enbuo
enbudlbvulzynhmizibm enbudlbvulz
enbudlbvultynhmiffbm enbudlbvult
enbuqlbvumtynhmifffm enbuq
enbtqlbvudtynhmifffm enbtql
enbtqfbvrdtynhmcfffm enbtqfbvr
enbtqfbvidtyuhmcfffm enbtqfbvi
rnbtqfbvidtsjhmcfffm rnbtqfbvidtsjh
rnbtqfbvidtsjtmzfffm rnbtqfbvidtsjt
dvbtqfbvidtsjtmzffsm dv
dcbtqfbvidtyjbmzffsm dcb
dcwtqfbvidtyjbmzfdfm dcwt
dcwiqfbvidtyjbazfdim dcwi
dcwyqfbdidtyjbazfdiu dcwyqfbdid
dcwyqfbdixtyjjazfuiu dcwyqfbdix
dcwyofbdixtyajazfuzu dcwyo
djwysfbdixtyajazfyzu djwy
djwbsfbdpgtyajazfyzu djwbsfb
djwbsfgdpgtyajazkpzu djwbsfg
djwisfgdpgtyahazkpzu djwisfgdpgtya
djwisfgdpgtyshazkpzl djwisfgdpgtys
djwisfgdzgtyahazkphl djwisfgdz
ojwiifgdzgtyahazaphl ojwiif
ojwiivgmzgtyahazaphl ojwiiv
ojjiivgmzwthahazaphl ojj
njjiivgmfwthahazaxhl njjiivg
njjiivnmfwthahajlxhl njjiivnmfw
njjiivnmfbtnfhajlxhl njjiivnmfbt
njjiivnmfbsnfhvjlvhl njjiivnmfbs
njjiivnvfbskfhvjlvll njjiivnvf
njjiivnvrbarfhvjlvll njjiivnvr
vjjiisnvrbarfhvhlvll vjjii
vjjiusnvrbarfhehlall vjjiu
vhjiusnvrlarfheflall vhjiusnvrlarfh
vhjiusnvrlarfweflall vhjiusnvrlarfw
vheiusnvrnasfweflall vhe
jheiusnvrnasfweflalu jh
ehehusnvrbasfweflalu ehehusnvrb
ehehusnvrzasfweglalx ehehusnvrz
ehxhusnvrzasfzeglalx ehx
knxmusnvrzasfzeglalx knx
knkmusnirzasfzeglapx knkm
knkrusnirzaxfveglapx knkr
knmrusrirzaxfveglahx knmrusr
knmrushirzaxfveglghx knmrushirzaxf
knmrushirzaxmsemlghx knmrushirzaxmseml
knmrushirzaxmsemmnhx knmrushirzaxmsemm
knmrgshiruaxmsemmnhx knmrg
knmogshiruaxmsemmnhp knmo
kntogshiruaomsjmmnhp kntogshiruaomsjmmn
kntogshiruaomsjmmiyf kntogshiruaomsjmmi
kbeogshiruaomsjmmiuf kbe
mbeqgshirqaomsjmmiuf mbeqgsh
mbeqgsrirqaolsjmmiuf mbeqgsr
mbewesrirqaolsjmmiux mbewe
mbewqsrirqaoqsjmmiex mbewqsr
mbewqshirqaoqsjmziex mbewqshirqa
mbewqshirqfoqsjdzlex mbewqshirqf
mbewqshirqdoqbjdzlex mbewqshirqd
mbewqshirqsoqbjdzlwx mbewqshirqs
mbewqslmrvsoqbjdzlwx mbewqsl
mbewqsnmrvsoqbjdzwwl mbewqsn
mbewqscmeosoqbjdzwwl mbewqsc
mbedqscmyosoqbjxzwwl mbedqscmyosoq
mbedqscmyosonbbuzwwl mbedqscmyoson
mbedqsdmyjsonbbuzwwl mbedqsd
obidqsdmyjsonbbuzzwl obidqsdmyjsonbb
obidqsdmyjsonbxuozwf obidqsdmyjsonbx
obidqsdgyjspnbxuowwf obidqsdgyjspn
obidqsdgyjspqbxqowwf obidqsdgyjspq
obfdqsdgyjspgbxcowwf obf
dbfdqsdgljspgbxcowaf db
lbfhosdgljspgbxcowaf lbfhosdg
lbfhosdyljsplbxcowbf lbfhosdy
lbfqopdyljsplbxcowcf lbfq
fbfqopdylusplbxcowcf fbfqopd
fbfqopgylusplbkcowcf fbfqopg
fbfqorgylusplekcowcf fbfqorg
fbfqorxylusolekzowcf fbfqorx
fbsqovxylusolekzowrf fbs
fesxovxylusolekeowrf fesxovx
fesxovgylqsolmkeowrf fesxovg
fesxovtylqxolmkevwrf fesxovtyl
fesxovtyrqxolgkevwrf fesxovtyr
fesjodtyrqxomgkevwrf fesj
fesrodtyrqxoqgkewwrf fesrodty
fesrodtzrqxjqgkewtrf fesrodtz
fespodtzrcxjqgkvwtrf fespodtzr
fespodtzbcxjqokvwtrk fespodtzb
feappdtzbcxbqokvwtrk feappdtzbcxbqokv
feappdtzbcxbqokfwtrk feappdtzbcxbqokf
feadpdtzzcxbqokfwtrk fead
fealpdtzzcxbqokfftrc feal
fpalldtzccxbqokfftrc fp
fhalldtzccabqpkfftrc fhalldtzccabq
fhalldtzccabepkffwrb fhalldtzccabe
fgalldmzccahepkffwrb fga
fgwlldfzjcahepkffwrb fgw
fgxlldxzjcuhepkffwrb fgxlld
fgxlloqujcuhepkffwrb fgxllo
ffxlloqujcufepkffwrb ff
efxwloqujsufepkffwrb efxw
efxzloqujsumepkffwob efxz
efjzloqujsumetkffwoq efjz
efjywoqujrumetkffwoq efjy
efjgworujrumutkffwoq efjgworu
efjgworijrimutkffwoq efjgwori
efjgdorijrimutoffwoq efjgd
vfjgdorijtimutogfwoq vf
vwjgdoryjtwmutogfwoq vwjgdory
vwjgdorvjtwmutogfwoj vwjgdorvjtwmut
vwjgborvjtwmutogywkj vwjgb
vwjgdorvjtwmulogywkj vwjgdorvjtwmul
vyjgmorvjtwmqlogywkj vyjgmo
vyjgmfrvjtwmqlzgywks vyjgmfr
vyjgmfqvjtwmqlzoywzs vyjgmfq
vyjgsfqvjtmmqyzoywzs vyjgsfqvjtmmqy
vyjgsfqvjtmmqrzoyrzs vyjgsfqvjtmmqr
vxjgsfqejtmmqezoyrzs vx
vojgsfqejtsmqezoyrds vojgsfq
vojgsfdejtsiqezoyods vojgsfd
vojgsfzvjtsiqszoyods vojgsfzvj
vojgsfzvqlsiqszoygds vojgsfzvq
volgxfzvqlkiqszoygds volg
volixfxvqlkiqtzoygds voli
voldxfnfqlkiqtzoygds voldxfnfql
voldxfnfqpkqqtzoygds voldxfnfqp
vollxfnfypkqqtzpygds voll
volpxfnfypkqwuzpygds volp
vompxfnlypkqcuzpygds vomp
vomixfnlypkqyuzfygds vomixf
vomixoklylkqyuzfygds vomixo
vpmixoklylkqyuzftgdj vp
hzmixoklylkqyurftgdj hzm
hzvixoklylkqyorftgdq hzv
hhoiuoklylkqyorftgdq hho
hhmiuoklylkeybrftgdq hhm
hhciuoklzlkeybrfygdq hhciuok
hhciuovlzzkeywrfygdq hhciuov
hhciuoylzzkjywrfegdq hhciuoy
hhcnqoylzznjywrfegdq hhcnqo
hhcnqaylsznjywrjegdq hhcnqa
hscnqaylszneywdjegdq hscnqa
hscnqlylszyeywdjegdq hscnql
hscnqwylszyeywdjegdd hscnqw
hscsqwylszyeyqdjsgdd hscsqwyl
hscsqwynszyeyqdjstdg hscsqwynsz
hscsqwynstyeyqwpstdg hscsqwynst
hsmsqwyndtyeyqypstdg hsmsqw
hsmsqgkndtyeyqypstdg hsmsqg
hsmsqdknbtyeyqypstqg hsmsqd
hsscqdknbtyhyqypstqg hsscq
hsscfdhnbtyhyqypztqg hsscfdhnbtyh
hsscfdhnbtyeyqrpqtqg hsscfdhnbtye
hsscfdhdbtyeyvrfqtqg hsscfdhd
hsscodhpbsyeyvrfqtqg hsscodhp
hsscodhobsieyvkfqtqg hsscodho
hkscodhobzoeyvkfqtqg hkscod
hkscopmobzoeyekfqtqg hkscop
hksgopeobzoeyekfitqg hksg
pasgopeobzovyekfitqg pasgopeo
pasgopekbzocyekfitrg pasgopek
pasgophkbzocvekfitag pasgoph
pacgodgkbzocvekfitag pacgodg
pacgodfbtzocvekfitag pacgodfbtzo
pacgodfbtzmcvekfftag pacgodfbtzm
pacgodfbtqmcdekvftag pacgodfbtq
cacgodfbtqmcdekvftcg cacgodfbt
cacgodfbxqvcdekvfscg cacgodfbxqvc
cacgodfbxqvwdekvfscm cacgodfbxqvw
caqgodfaxqvwrekvfscm caqgodfaxq
caqgodfaxgvdrekvfscm caqgodfaxg
cacgodfpxgvdgekvfscm cacgodfp
calgodfpxnvdgdkvfscm calgo
calgzdfpznsdgdkvfscm calgz
capgzdfpznsdcdkvfssm capgzdfpzns
capgzdfpznqdcdkvfssm capgzdfpznq
capgmdepznqdcdkvfssm capgm
capgsdepznqdcrkvfssm capgs
cmpgsdepnnxdcrkvfssm cmp
capgpdepnnmdcrkvfssm capgpdepnnmdcrk
capgpdepnnmdcrpjfssm capgpdepnnmdcrp
cwpgkdepnnmdcrpjfszm cwpgkdepnnm
cwpgkdepnncdcrpjtsnm cwpgkdepnnc
cwpgudepnnkdcrpjtswm cwpgudepn
cwpgudepqnkdcppjtswm cwpgudepq
chpguxepqnkdcppjtswe ch
qhpguxlpqnkkcppjtswe qhpguxlpqn
qhpguxlpqpkbcptjtswe qhpguxlpqpk
qhpguxlpqpzocptctswe qhpguxlpqpz
qhpquxwpqpzocpuctswe qhpq
mhpquxppqpzocpuctswx mhp
mhnquxppqpzocpucpswf mhnquxppq
mhnquxpprpzocpucpswx mhnquxppr
mhnquxppipzacuucpswx mhnquxppi
mhnquxppdpdacuucpnwx mhnquxppd
mhnquxupdpdaaukcpnwx mhnquxu
mhwquxupdpdgjukcpnwx mhwquxupdpdgju
mhwquxupdpdgjbkclnwx mhwquxupdpdgjb
mhwquxupdedgjbkzlnwx mhwquxupdedg
mhwquxupdedxebkelnwx mhwquxupdedx
mhwquxupdepxebtllnwx mhwquxupdep
mdwquxupdeplpbtllnwx mdwq
mdwuuxupdenlsbtllnwx mdwu
mdwouxopdenlsbthlnwx mdwo
mswouxopdsnlsbthlnwy mswouxop
mswouxoydpmlsbthlnwy mswouxoydpmlsb
mswouxoydpmlsetclnly mswouxoydpmlse
mewouxoydpmlsssclnly mewouxoydpm
mewouxoydpytssscdnly mewouxoydpy
mxwouhkydpytssscdnly mxwouhkyd
mxwouhkyooytssscdnly mxwouhkyooytsss
mxwouhkyooytssxcdwxy mxwouhkyooytssx
mxwyuhkkooytssxcdwxo mxwy
mxwzuhkaooytssxzdwxo mxwz
mjwzuhlaooytssxudwxo mj
miwzuhlvooytssxudwxq miwzuhlv
miwzuhluooytssuudwxq miwzuhluooyts
miwzuhluooytdsuuywxq miwzuhluooytd
miwzkhluooyttsuuywxq miwzk
miwznhluwoyttsuuywnq miwzn
miwzqhludoyttsuuywne miwzqh
miwzqsludoyotduuywne miwzqsludoyo
miwzqsludoyntduuwwnc miwzqsludoyn
miwycsludoxntduuwwnc miwy
miwlcsludnxntdudwwnc miwl
mowlcsludnrntdudwwnc mowlcsludnrn
mowlcsludnrdtdudwwvc mowlcsludnrd
mowlcsluynrdtdudbwnc mowlcsluy
mowlcshuynldzdudbwnc mowlcsh
dowvcshuyzldzdudbwnc do
xouvcshuyzgdzdudbwnc xo
xquvcshuyzgdzduubwnx xqu
xqyvcahuyzgnzduubwnx xqyvca
xqyvcbhiyzgqzduubwnx xqyvcb
