5 BbBbbAAAcCbCabBCACCaAaBbcCBBacbAccBCbcaACabBCBacaAAACBBa
5 BbBbbAAAcCbCabBCACCaAaBbcCBBacbAccBCbcaACabBCBacaAAACBBaAAAbABcaCbbA
5 BbBbbAAAcCbCabBCACCaAaBbcCBBacbAccBCbcaACabBCBacaAAACBBaAAAbABcaCbbAcBCcAabAaAcCabaaAccAbBbBBAbabBCbAbAAacbcBBCAcbBa
5 BbBbbAAAcCbCabBCACCaAaBbcCBBacbAccBCbcaACabBCBacaAAACBBaAAAbABcaCbbAcBCcAabAaAcCabaaAccAbBbBBAbabBCbAbAAacbcBBCAcbBaBABbaaAAcBAbCbABCCcCabbAcbcBbCbbCCaabcACAcaccaaBBBcCbbA
5 BbBbbAAAcCbCabBCACCaAaBbcCBBacbAccBCbcaACabBCBacaAAACBBaAAAbABcaCbbAcBCcAabAaAcCabaaAccAbBbBBAbabBCbAbAAacbcBBCAcbBaBABbaaAAcBAbCbABCCcCabbAcbcBbCbbCCaabcACAcaccaaBBBcCbbAAAAbcCcBbA
5 BbBbbAAAcCbCabBCACCaAaBbcCBBacbAccBCbcaACabBCBacaAAACBBaAAAbABcaCbbAcBCcAabAaAcCabaaAccAbBbBBAbabBCbAbAAacbcBBCAcbBaBABbaaAAcBAbCbABCCcCabbAcbcBbCbbCCaabcACAcaccaaBBBcCbbAAAAbcCcBbAcBacaAcBCBaCbBCAAbcaAbACcBbCCAbbABbbCAccBaAbbBcCaABCCbBA
26 aBbcCBBacbAccBCbcaACabBCBacaAAACBBaAAAbABcaCbbAcBCcAabAaAcCabaaAccAbBbBBAbabBCbAbAAacbcBBCAcbBa
26 aBbcCBBacbAccBCbcaACabBCBacaAAACBBaAAAbABcaCbbAcBCcAabAaAcCabaaAccAbBbBBAbabBCbAbAAacbcBBCAcbBaBABbaaAAcBAbCbABCCcCabbAcbcBbCbbCCaabcACAcaccaaBBBcCbbA
26 aBbcCBBacbAccBCbcaACabBCBacaAAACBBaAAAbABcaCbbAcBCcAabAaAcCabaaAccAbBbBBAbabBCbAbAAacbcBBCAcbBaBABbaaAAcBAbCbABCCcCabbAcbcBbCbbCCaabcACAcaccaaBBBcCbbAAAAbcCcBbA
26 aBbcCBBacbAccBCbcaACabBCBacaAAACBBaAAAbABcaCbbAcBCcAabAaAcCabaaAccAbBbBBAbabBCbAbAAacbcBBCAcbBaBABbaaAAcBAbCbABCCcCabbAcbcBbCbbCCaabcACAcaccaaBBBcCbbAAAAbcCcBbAcBacaAcBCBaCbBCAAbcaAbACcBbCCAbbABbbCAccBaAbbBcCaABCCbBA
98 AbabBCbAbAAacbcBBCAcbBaBABbaaAAcBAbCbABCCcCabbAcbcBbCbbCCaabcACAcaccaaBBBcCbbA
98 AbabBCbAbAAacbcBBCAcbBaBABbaaAAcBAbCbABCCcCabbAcbcBbCbbCCaabcACAcaccaaBBBcCbbAAAAbcCcBbA
98 AbabBCbAbAAacbcBBCAcbBaBABbaaAAcBAbCbABCCcCabbAcbcBbCbbCCaabcACAcaccaaBBBcCbbAAAAbcCcBbAcBacaAcBCBaCbBCAAbcaAbACcBbCCAbbABbbCAccBaAbbBcCaABCCbBA
139 cCabbAcbcBbCbbCCaabcACAcaccaaBBBcCbbAAAAbcCcBbAcBacaAcBCBaCbBCAAbcaAbACcBbCCAbbABbbCAccBaAbbBcCaABCCbBA
142 bbAcbcBbCbbCCaabcACAcaccaaBBBcCbbAAAAbcCcBbAcBacaAcBCBaCbBCAAbcaAbACcBbCCAbbABbbCAccBaAbbBcCaABCCbBA
150 CbbCCaabcACAcaccaaBBBcCbbAAAAbcCcBbAcBacaAcBCBaCbBCAAbcaAbACcBbCCAbbABbbCAccBaAbbBcCaABCCbBA
162 caccaaBBBcCbbAAAAbcCcBbAcBacaAcBCBaCbBCAAbcaAbACcBbCCAbbABbbCAccBaAbbBcCaABCCbBA
