0 CcAbCbcBA
0 CcAbCbcBABCabaBABcba
0 CcAbCbcBABCabaBABcbabcbA
0 CcAbCbcBABCabaBABcbabcbACcba
0 CcAbCbcBABCabaBABcbabcbACcbaCACCcA
0 CcAbCbcBABCabaBABcbabcbACcbaCACCcAcAcCbcAbCAA
0 CcAbCbcBABCabaBABcbabcbACcbaCACCcAcAcCbcAbCAAAbCBa
1 cAbCbcBA
1 cAbCbcBABCabaBABcba
1 cAbCbcBABCabaBABcbabcbA
1 cAbCbcBABCabaBABcbabcbACcba
1 cAbCbcBABCabaBABcbabcbACcbaCACCcA
1 cAbCbcBABCabaBABcbabcbACcbaCACCcAcAcCbcAbCAA
1 cAbCbcBABCabaBABcbabcbACcbaCACCcAcAcCbcAbCAAAbCBa
4 CbcBABCabaBABcba
4 CbcBABCabaBABcbabcbA
4 CbcBABCabaBABcbabcbACcba
4 CbcBABCabaBABcbabcbACcbaCACCcA
4 CbcBABCabaBABcbabcbACcbaCACCcAcAcCbcAbCAA
4 CbcBABCabaBABcbabcbACcbaCACCcAcAcCbcAbCAAAbCBa
6 cBABCabaBABcba
6 cBABCabaBABcbabcbA
6 cBABCabaBABcbabcbACcba
6 cBABCabaBABcbabcbACcbaCACCcA
6 cBABCabaBABcbabcbACcbaCACCcAcAcCbcAbCAA
6 cBABCabaBABcbabcbACcbaCACCcAcAcCbcAbCAAAbCBa
10 CabaBABcba
10 CabaBABcbabcbA
10 CabaBABcbabcbACcba
10 CabaBABcbabcbACcbaCACCcA
10 CabaBABcbabcbACcbaCACCcAcAcCbcAbCAA
10 CabaBABcbabcbACcbaCACCcAcAcCbcAbCAAAbCBa
17 cbabcbA
17 cbabcbACcba
17 cbabcbACcbaCACCcA
17 cbabcbACcbaCACCcAcAcCbcAbCAA
17 cbabcbACcbaCACCcAcAcCbcAbCAAAbCBa
21 cbACcba
21 cbACcbaCACCcA
21 cbACcbaCACCcAcAcCbcAbCAA
21 cbACcbaCACCcAcAcCbcAbCAAAbCBa
24 CcbaCACCcA
24 CcbaCACCcAcAcCbcAbCAA
24 CcbaCACCcAcAcCbcAbCAAAbCBa
25 cbaCACCcA
25 cbaCACCcAcAcCbcAbCAA
25 cbaCACCcAcAcCbcAbCAAAbCBa
28 CACCcA
28 CACCcAcAcCbcAbCAA
28 CACCcAcAcCbcAbCAAAbCBa
30 CCcAcAcCbcAbCAA
30 CCcAcAcCbcAbCAAAbCBa
31 CcAcAcCbcAbCAA
31 CcAcAcCbcAbCAAAbCBa
32 cAcAcCbcAbCAA
32 cAcAcCbcAbCAAAbCBa
34 cAcCbcAbCAA
34 cAcCbcAbCAAAbCBa
36 cCbcAbCAA
36 cCbcAbCAAAbCBa
37 CbcAbCAA
37 CbcAbCAAAbCBa
39 cAbCAA
39 cAbCAAAbCBa
42 CAAAbCBa
