14 BBCAcACbaCbcacABB
14 BBCAcACbaCbcacABBbCbbBbcBacBbAbacACCACaBc
23 CbcacABB
23 CbcacABBbCbbBbcBacBbAbacACCACaBc
