0 aa
0 aaCCa
0 aaCCaa
0 aaCCaacCcA
0 aaCCaacCcAccca
0 aaCCaacCcAcccaa
0 aaCCaacCcAcccaaBA
0 aaCCaacCcAcccaaBACa
0 aaCCaacCcAcccaaBACabA
0 aaCCaacCcAcccaaBACabACCA
0 aaCCaacCcAcccaaBACabACCAbBa
0 aaCCaacCcAcccaaBACabACCAbBaba
0 aaCCaacCcAcccaaBACabACCAbBabaBCcBCCa
0 aaCCaacCcAcccaaBACabACCAbBabaBCcBCCaca
0 aaCCaacCcAcccaaBACabACCAbBabaBCcBCCacaCA
0 aaCCaacCcAcccaaBACabACCAbBabaBCcBCCacaCACbcA
0 aaCCaacCcAcccaaBACabACCAbBabaBCcBCCacaCACbcAA
0 aaCCaacCcAcccaaBACabACCAbBabaBCcBCCacaCACbcAAbA
0 aaCCaacCcAcccaaBACabACCAbBabaBCcBCCacaCACbcAAbAA
0 aaCCaacCcAcccaaBACabACCAbBabaBCcBCCacaCACbcAAbAAa
0 aaCCaacCcAcccaaBACabACCAbBabaBCcBCCacaCACbcAAbAAabCA
0 aaCCaacCcAcccaaBACabACCAbBabaBCcBCCacaCACbcAAbAAabCAa
0 aaCCaacCcAcccaaBACabACCAbBabaBCcBCCacaCACbcAAbAAabCAaa
0 aaCCaacCcAcccaaBACabACCAbBabaBCcBCCacaCACbcAAbAAabCAaaa
0 aaCCaacCcAcccaaBACabACCAbBabaBCcBCCacaCACbcAAbAAabCAaaaA
0 aaCCaacCcAcccaaBACabACCAbBabaBCcBCCacaCACbcAAbAAabCAaaaACcba
0 aaCCaacCcAcccaaBACabACCAbBabaBCcBCCacaCACbcAAbAAabCAaaaACcbaCBBA
0 aaCCaacCcAcccaaBACabACCAbBabaBCcBCCacaCACbcAAbAAabCAaaaACcbaCBBACa
0 aaCCaacCcAcccaaBACabACCAbBabaBCcBCCacaCACbcAAbAAabCAaaaACcbaCBBACabbCa
0 aaCCaacCcAcccaaBACabACCAbBabaBCcBCCacaCACbcAAbAAabCAaaaACcbaCBBACabbCaa
0 aaCCaacCcAcccaaBACabACCAbBabaBCcBCCacaCACbcAAbAAabCAaaaACcbaCBBACabbCaaBBa
0 aaCCaacCcAcccaaBACabACCAbBabaBCcBCCacaCACbcAAbAAabCAaaaACcbaCBBACabbCaaBBacBCa
0 aaCCaacCcAcccaaBACabACCAbBabaBCcBCCacaCACbcAAbAAabCAaaaACcbaCBBACabbCaaBBacBCabBCa
0 aaCCaacCcAcccaaBACabACCAbBabaBCcBCCacaCACbcAAbAAabCAaaaACcbaCBBACabbCaaBBacBCabBCabA
0 aaCCaacCcAcccaaBACabACCAbBabaBCcBCCacaCACbcAAbAAabCAaaaACcbaCBBACabbCaaBBacBCabBCabAbBa
0 aaCCaacCcAcccaaBACabACCAbBabaBCcBCCacaCACbcAAbAAabCAaaaACcbaCBBACabbCaaBBacBCabBCabAbBaCA
1 aCCa
1 aCCaa
1 aCCaacCcA
1 aCCaacCcAccca
1 aCCaacCcAcccaa
1 aCCaacCcAcccaaBA
1 aCCaacCcAcccaaBACa
1 aCCaacCcAcccaaBACabA
1 aCCaacCcAcccaaBACabACCA
1 aCCaacCcAcccaaBACabACCAbBa
1 aCCaacCcAcccaaBACabACCAbBaba
1 aCCaacCcAcccaaBACabACCAbBabaBCcBCCa
1 aCCaacCcAcccaaBACabACCAbBabaBCcBCCaca
1 aCCaacCcAcccaaBACabACCAbBabaBCcBCCacaCA
1 aCCaacCcAcccaaBACabACCAbBabaBCcBCCacaCACbcA
1 aCCaacCcAcccaaBACabACCAbBabaBCcBCCacaCACbcAA
1 aCCaacCcAcccaaBACabACCAbBabaBCcBCCacaCACbcAAbA
1 aCCaacCcAcccaaBACabACCAbBabaBCcBCCacaCACbcAAbAA
1 aCCaacCcAcccaaBACabACCAbBabaBCcBCCacaCACbcAAbAAa
1 aCCaacCcAcccaaBACabACCAbBabaBCcBCCacaCACbcAAbAAabCA
1 aCCaacCcAcccaaBACabACCAbBabaBCcBCCacaCACbcAAbAAabCAa
1 aCCaacCcAcccaaBACabACCAbBabaBCcBCCacaCACbcAAbAAabCAaa
1 aCCaacCcAcccaaBACabACCAbBabaBCcBCCacaCACbcAAbAAabCAaaa
1 aCCaacCcAcccaaBACabACCAbBabaBCcBCCacaCACbcAAbAAabCAaaaA
1 aCCaacCcAcccaaBACabACCAbBabaBCcBCCacaCACbcAAbAAabCAaaaACcba
1 aCCaacCcAcccaaBACabACCAbBabaBCcBCCacaCACbcAAbAAabCAaaaACcbaCBBA
1 aCCaacCcAcccaaBACabACCAbBabaBCcBCCacaCACbcAAbAAabCAaaaACcbaCBBACa
1 aCCaacCcAcccaaBACabACCAbBabaBCcBCCacaCACbcAAbAAabCAaaaACcbaCBBACabbCa
1 aCCaacCcAcccaaBACabACCAbBabaBCcBCCacaCACbcAAbAAabCAaaaACcbaCBBACabbCaa
1 aCCaacCcAcccaaBACabACCAbBabaBCcBCCacaCACbcAAbAAabCAaaaACcbaCBBACabbCaaBBa
1 aCCaacCcAcccaaBACabACCAbBabaBCcBCCacaCACbcAAbAAabCAaaaACcbaCBBACabbCaaBBacBCa
1 aCCaacCcAcccaaBACabACCAbBabaBCcBCCacaCACbcAAbAAabCAaaaACcbaCBBACabbCaaBBacBCabBCa
1 aCCaacCcAcccaaBACabACCAbBabaBCcBCCacaCACbcAAbAAabCAaaaACcbaCBBACabbCaaBBacBCabBCabA
1 aCCaacCcAcccaaBACabACCAbBabaBCcBCCacaCACbcAAbAAabCAaaaACcbaCBBACabbCaaBBacBCabBCabAbBa
1 aCCaacCcAcccaaBACabACCAbBabaBCcBCCacaCACbcAAbAAabCAaaaACcbaCBBACabbCaaBBacBCabBCabAbBaCA
4 aa
4 aacCcA
4 aacCcAccca
4 aacCcAcccaa
4 aacCcAcccaaBA
4 aacCcAcccaaBACa
4 aacCcAcccaaBACabA
4 aacCcAcccaaBACabACCA
4 aacCcAcccaaBACabACCAbBa
4 aacCcAcccaaBACabACCAbBaba
4 aacCcAcccaaBACabACCAbBabaBCcBCCa
4 aacCcAcccaaBACabACCAbBabaBCcBCCaca
4 aacCcAcccaaBACabACCAbBabaBCcBCCacaCA
4 aacCcAcccaaBACabACCAbBabaBCcBCCacaCACbcA
4 aacCcAcccaaBACabACCAbBabaBCcBCCacaCACbcAA
4 aacCcAcccaaBACabACCAbBabaBCcBCCacaCACbcAAbA
4 aacCcAcccaaBACabACCAbBabaBCcBCCacaCACbcAAbAA
4 aacCcAcccaaBACabACCAbBabaBCcBCCacaCACbcAAbAAa
4 aacCcAcccaaBACabACCAbBabaBCcBCCacaCACbcAAbAAabCA
4 aacCcAcccaaBACabACCAbBabaBCcBCCacaCACbcAAbAAabCAa
4 aacCcAcccaaBACabACCAbBabaBCcBCCacaCACbcAAbAAabCAaa
4 aacCcAcccaaBACabACCAbBabaBCcBCCacaCACbcAAbAAabCAaaa
4 aacCcAcccaaBACabACCAbBabaBCcBCCacaCACbcAAbAAabCAaaaA
4 aacCcAcccaaBACabACCAbBabaBCcBCCacaCACbcAAbAAabCAaaaACcba
4 aacCcAcccaaBACabACCAbBabaBCcBCCacaCACbcAAbAAabCAaaaACcbaCBBA
4 aacCcAcccaaBACabACCAbBabaBCcBCCacaCACbcAAbAAabCAaaaACcbaCBBACa
4 aacCcAcccaaBACabACCAbBabaBCcBCCacaCACbcAAbAAabCAaaaACcbaCBBACabbCa
4 aacCcAcccaaBACabACCAbBabaBCcBCCacaCACbcAAbAAabCAaaaACcbaCBBACabbCaa
4 aacCcAcccaaBACabACCAbBabaBCcBCCacaCACbcAAbAAabCAaaaACcbaCBBACabbCaaBBa
4 aacCcAcccaaBACabACCAbBabaBCcBCCacaCACbcAAbAAabCAaaaACcbaCBBACabbCaaBBacBCa
4 aacCcAcccaaBACabACCAbBabaBCcBCCacaCACbcAAbAAabCAaaaACcbaCBBACabbCaaBBacBCabBCa
4 aacCcAcccaaBACabACCAbBabaBCcBCCacaCACbcAAbAAabCAaaaACcbaCBBACabbCaaBBacBCabBCabA
4 aacCcAcccaaBACabACCAbBabaBCcBCCacaCACbcAAbAAabCAaaaACcbaCBBACabbCaaBBacBCabBCabAbBa
4 aacCcAcccaaBACabACCAbBabaBCcBCCacaCACbcAAbAAabCAaaaACcbaCBBACabbCaaBBacBCabBCabAbBaCA
5 acCcA
5 acCcAccca
5 acCcAcccaa
5 acCcAcccaaBA
5 acCcAcccaaBACa
5 acCcAcccaaBACabA
5 acCcAcccaaBACabACCA
5 acCcAcccaaBACabACCAbBa
5 acCcAcccaaBACabACCAbBaba
5 acCcAcccaaBACabACCAbBabaBCcBCCa
5 acCcAcccaaBACabACCAbBabaBCcBCCaca
5 acCcAcccaaBACabACCAbBabaBCcBCCacaCA
5 acCcAcccaaBACabACCAbBabaBCcBCCacaCACbcA
5 acCcAcccaaBACabACCAbBabaBCcBCCacaCACbcAA
5 acCcAcccaaBACabACCAbBabaBCcBCCacaCACbcAAbA
5 acCcAcccaaBACabACCAbBabaBCcBCCacaCACbcAAbAA
5 acCcAcccaaBACabACCAbBabaBCcBCCacaCACbcAAbAAa
5 acCcAcccaaBACabACCAbBabaBCcBCCacaCACbcAAbAAabCA
5 acCcAcccaaBACabACCAbBabaBCcBCCacaCACbcAAbAAabCAa
5 acCcAcccaaBACabACCAbBabaBCcBCCacaCACbcAAbAAabCAaa
5 acCcAcccaaBACabACCAbBabaBCcBCCacaCACbcAAbAAabCAaaa
5 acCcAcccaaBACabACCAbBabaBCcBCCacaCACbcAAbAAabCAaaaA
5 acCcAcccaaBACabACCAbBabaBCcBCCacaCACbcAAbAAabCAaaaACcba
5 acCcAcccaaBACabACCAbBabaBCcBCCacaCACbcAAbAAabCAaaaACcbaCBBA
5 acCcAcccaaBACabACCAbBabaBCcBCCacaCACbcAAbAAabCAaaaACcbaCBBACa
5 acCcAcccaaBACabACCAbBabaBCcBCCacaCACbcAAbAAabCAaaaACcbaCBBACabbCa
5 acCcAcccaaBACabACCAbBabaBCcBCCacaCACbcAAbAAabCAaaaACcbaCBBACabbCaa
5 acCcAcccaaBACabACCAbBabaBCcBCCacaCACbcAAbAAabCAaaaACcbaCBBACabbCaaBBa
5 acCcAcccaaBACabACCAbBabaBCcBCCacaCACbcAAbAAabCAaaaACcbaCBBACabbCaaBBacBCa
5 acCcAcccaaBACabACCAbBabaBCcBCCacaCACbcAAbAAabCAaaaACcbaCBBACabbCaaBBacBCabBCa
5 acCcAcccaaBACabACCAbBabaBCcBCCacaCACbcAAbAAabCAaaaACcbaCBBACabbCaaBBacBCabBCabA
5 acCcAcccaaBACabACCAbBabaBCcBCCacaCACbcAAbAAabCAaaaACcbaCBBACabbCaaBBacBCabBCabAbBa
5 acCcAcccaaBACabACCAbBabaBCcBCCacaCACbcAAbAAabCAaaaACcbaCBBACabbCaaBBacBCabBCabAbBaCA
9 Accca
9 Acccaa
9 AcccaaBA
9 AcccaaBACa
9 AcccaaBACabA
9 AcccaaBACabACCA
9 AcccaaBACabACCAbBa
9 AcccaaBACabACCAbBaba
9 AcccaaBACabACCAbBabaBCcBCCa
9 AcccaaBACabACCAbBabaBCcBCCaca
9 AcccaaBACabACCAbBabaBCcBCCacaCA
9 AcccaaBACabACCAbBabaBCcBCCacaCACbcA
9 AcccaaBACabACCAbBabaBCcBCCacaCACbcAA
9 AcccaaBACabACCAbBabaBCcBCCacaCACbcAAbA
9 AcccaaBACabACCAbBabaBCcBCCacaCACbcAAbAA
9 AcccaaBACabACCAbBabaBCcBCCacaCACbcAAbAAa
9 AcccaaBACabACCAbBabaBCcBCCacaCACbcAAbAAabCA
9 AcccaaBACabACCAbBabaBCcBCCacaCACbcAAbAAabCAa
9 AcccaaBACabACCAbBabaBCcBCCacaCACbcAAbAAabCAaa
9 AcccaaBACabACCAbBabaBCcBCCacaCACbcAAbAAabCAaaa
9 AcccaaBACabACCAbBabaBCcBCCacaCACbcAAbAAabCAaaaA
9 AcccaaBACabACCAbBabaBCcBCCacaCACbcAAbAAabCAaaaACcba
9 AcccaaBACabACCAbBabaBCcBCCacaCACbcAAbAAabCAaaaACcbaCBBA
9 AcccaaBACabACCAbBabaBCcBCCacaCACbcAAbAAabCAaaaACcbaCBBACa
9 AcccaaBACabACCAbBabaBCcBCCacaCACbcAAbAAabCAaaaACcbaCBBACabbCa
9 AcccaaBACabACCAbBabaBCcBCCacaCACbcAAbAAabCAaaaACcbaCBBACabbCaa
9 AcccaaBACabACCAbBabaBCcBCCacaCACbcAAbAAabCAaaaACcbaCBBACabbCaaBBa
9 AcccaaBACabACCAbBabaBCcBCCacaCACbcAAbAAabCAaaaACcbaCBBACabbCaaBBacBCa
9 AcccaaBACabACCAbBabaBCcBCCacaCACbcAAbAAabCAaaaACcbaCBBACabbCaaBBacBCabBCa
9 AcccaaBACabACCAbBabaBCcBCCacaCACbcAAbAAabCAaaaACcbaCBBACabbCaaBBacBCabBCabA
9 AcccaaBACabACCAbBabaBCcBCCacaCACbcAAbAAabCAaaaACcbaCBBACabbCaaBBacBCabBCabAbBa
9 AcccaaBACabACCAbBabaBCcBCCacaCACbcAAbAAabCAaaaACcbaCBBACabbCaaBBacBCabBCabAbBaCA
13 aa
13 aaBA
13 aaBACa
13 aaBACabA
13 aaBACabACCA
13 aaBACabACCAbBa
13 aaBACabACCAbBaba
13 aaBACabACCAbBabaBCcBCCa
13 aaBACabACCAbBabaBCcBCCaca
13 aaBACabACCAbBabaBCcBCCacaCA
13 aaBACabACCAbBabaBCcBCCacaCACbcA
13 aaBACabACCAbBabaBCcBCCacaCACbcAA
13 aaBACabACCAbBabaBCcBCCacaCACbcAAbA
13 aaBACabACCAbBabaBCcBCCacaCACbcAAbAA
13 aaBACabACCAbBabaBCcBCCacaCACbcAAbAAa
13 aaBACabACCAbBabaBCcBCCacaCACbcAAbAAabCA
13 aaBACabACCAbBabaBCcBCCacaCACbcAAbAAabCAa
13 aaBACabACCAbBabaBCcBCCacaCACbcAAbAAabCAaa
13 aaBACabACCAbBabaBCcBCCacaCACbcAAbAAabCAaaa
13 aaBACabACCAbBabaBCcBCCacaCACbcAAbAAabCAaaaA
13 aaBACabACCAbBabaBCcBCCacaCACbcAAbAAabCAaaaACcba
13 aaBACabACCAbBabaBCcBCCacaCACbcAAbAAabCAaaaACcbaCBBA
13 aaBACabACCAbBabaBCcBCCacaCACbcAAbAAabCAaaaACcbaCBBACa
13 aaBACabACCAbBabaBCcBCCacaCACbcAAbAAabCAaaaACcbaCBBACabbCa
13 aaBACabACCAbBabaBCcBCCacaCACbcAAbAAabCAaaaACcbaCBBACabbCaa
13 aaBACabACCAbBabaBCcBCCacaCACbcAAbAAabCAaaaACcbaCBBACabbCaaBBa
13 aaBACabACCAbBabaBCcBCCacaCACbcAAbAAabCAaaaACcbaCBBACabbCaaBBacBCa
13 aaBACabACCAbBabaBCcBCCacaCACbcAAbAAabCAaaaACcbaCBBACabbCaaBBacBCabBCa
13 aaBACabACCAbBabaBCcBCCacaCACbcAAbAAabCAaaaACcbaCBBACabbCaaBBacBCabBCabA
13 aaBACabACCAbBabaBCcBCCacaCACbcAAbAAabCAaaaACcbaCBBACabbCaaBBacBCabBCabAbBa
13 aaBACabACCAbBabaBCcBCCacaCACbcAAbAAabCAaaaACcbaCBBACabbCaaBBacBCabBCabAbBaCA
14 aBA
14 aBACa
14 aBACabA
14 aBACabACCA
14 aBACabACCAbBa
14 aBACabACCAbBaba
14 aBACabACCAbBabaBCcBCCa
14 aBACabACCAbBabaBCcBCCaca
14 aBACabACCAbBabaBCcBCCacaCA
14 aBACabACCAbBabaBCcBCCacaCACbcA
14 aBACabACCAbBabaBCcBCCacaCACbcAA
14 aBACabACCAbBabaBCcBCCacaCACbcAAbA
14 aBACabACCAbBabaBCcBCCacaCACbcAAbAA
14 aBACabACCAbBabaBCcBCCacaCACbcAAbAAa
14 aBACabACCAbBabaBCcBCCacaCACbcAAbAAabCA
14 aBACabACCAbBabaBCcBCCacaCACbcAAbAAabCAa
14 aBACabACCAbBabaBCcBCCacaCACbcAAbAAabCAaa
14 aBACabACCAbBabaBCcBCCacaCACbcAAbAAabCAaaa
14 aBACabACCAbBabaBCcBCCacaCACbcAAbAAabCAaaaA
14 aBACabACCAbBabaBCcBCCacaCACbcAAbAAabCAaaaACcba
14 aBACabACCAbBabaBCcBCCacaCACbcAAbAAabCAaaaACcbaCBBA
14 aBACabACCAbBabaBCcBCCacaCACbcAAbAAabCAaaaACcbaCBBACa
14 aBACabACCAbBabaBCcBCCacaCACbcAAbAAabCAaaaACcbaCBBACabbCa
14 aBACabACCAbBabaBCcBCCacaCACbcAAbAAabCAaaaACcbaCBBACabbCaa
14 aBACabACCAbBabaBCcBCCacaCACbcAAbAAabCAaaaACcbaCBBACabbCaaBBa
14 aBACabACCAbBabaBCcBCCacaCACbcAAbAAabCAaaaACcbaCBBACabbCaaBBacBCa
14 aBACabACCAbBabaBCcBCCacaCACbcAAbAAabCAaaaACcbaCBBACabbCaaBBacBCabBCa
14 aBACabACCAbBabaBCcBCCacaCACbcAAbAAabCAaaaACcbaCBBACabbCaaBBacBCabBCabA
14 aBACabACCAbBabaBCcBCCacaCACbcAAbAAabCAaaaACcbaCBBACabbCaaBBacBCabBCabAbBa
14 aBACabACCAbBabaBCcBCCacaCACbcAAbAAabCAaaaACcbaCBBACabbCaaBBacBCabBCabAbBaCA
16 ACa
16 ACabA
16 ACabACCA
16 ACabACCAbBa
16 ACabACCAbBaba
16 ACabACCAbBabaBCcBCCa
16 ACabACCAbBabaBCcBCCaca
16 ACabACCAbBabaBCcBCCacaCA
16 ACabACCAbBabaBCcBCCacaCACbcA
16 ACabACCAbBabaBCcBCCacaCACbcAA
16 ACabACCAbBabaBCcBCCacaCACbcAAbA
16 ACabACCAbBabaBCcBCCacaCACbcAAbAA
16 ACabACCAbBabaBCcBCCacaCACbcAAbAAa
16 ACabACCAbBabaBCcBCCacaCACbcAAbAAabCA
16 ACabACCAbBabaBCcBCCacaCACbcAAbAAabCAa
16 ACabACCAbBabaBCcBCCacaCACbcAAbAAabCAaa
16 ACabACCAbBabaBCcBCCacaCACbcAAbAAabCAaaa
16 ACabACCAbBabaBCcBCCacaCACbcAAbAAabCAaaaA
16 ACabACCAbBabaBCcBCCacaCACbcAAbAAabCAaaaACcba
16 ACabACCAbBabaBCcBCCacaCACbcAAbAAabCAaaaACcbaCBBA
16 ACabACCAbBabaBCcBCCacaCACbcAAbAAabCAaaaACcbaCBBACa
16 ACabACCAbBabaBCcBCCacaCACbcAAbAAabCAaaaACcbaCBBACabbCa
16 ACabACCAbBabaBCcBCCacaCACbcAAbAAabCAaaaACcbaCBBACabbCaa
16 ACabACCAbBabaBCcBCCacaCACbcAAbAAabCAaaaACcbaCBBACabbCaaBBa
16 ACabACCAbBabaBCcBCCacaCACbcAAbAAabCAaaaACcbaCBBACabbCaaBBacBCa
16 ACabACCAbBabaBCcBCCacaCACbcAAbAAabCAaaaACcbaCBBACabbCaaBBacBCabBCa
16 ACabACCAbBabaBCcBCCacaCACbcAAbAAabCAaaaACcbaCBBACabbCaaBBacBCabBCabA
16 ACabACCAbBabaBCcBCCacaCACbcAAbAAabCAaaaACcbaCBBACabbCaaBBacBCabBCabAbBa
16 ACabACCAbBabaBCcBCCacaCACbcAAbAAabCAaaaACcbaCBBACabbCaaBBacBCabBCabAbBaCA
18 abA
18 abACCA
18 abACCAbBa
18 abACCAbBaba
18 abACCAbBabaBCcBCCa
18 abACCAbBabaBCcBCCaca
18 abACCAbBabaBCcBCCacaCA
18 abACCAbBabaBCcBCCacaCACbcA
18 abACCAbBabaBCcBCCacaCACbcAA
18 abACCAbBabaBCcBCCacaCACbcAAbA
18 abACCAbBabaBCcBCCacaCACbcAAbAA
18 abACCAbBabaBCcBCCacaCACbcAAbAAa
18 abACCAbBabaBCcBCCacaCACbcAAbAAabCA
18 abACCAbBabaBCcBCCacaCACbcAAbAAabCAa
18 abACCAbBabaBCcBCCacaCACbcAAbAAabCAaa
18 abACCAbBabaBCcBCCacaCACbcAAbAAabCAaaa
18 abACCAbBabaBCcBCCacaCACbcAAbAAabCAaaaA
18 abACCAbBabaBCcBCCacaCACbcAAbAAabCAaaaACcba
18 abACCAbBabaBCcBCCacaCACbcAAbAAabCAaaaACcbaCBBA
18 abACCAbBabaBCcBCCacaCACbcAAbAAabCAaaaACcbaCBBACa
18 abACCAbBabaBCcBCCacaCACbcAAbAAabCAaaaACcbaCBBACabbCa
18 abACCAbBabaBCcBCCacaCACbcAAbAAabCAaaaACcbaCBBACabbCaa
18 abACCAbBabaBCcBCCacaCACbcAAbAAabCAaaaACcbaCBBACabbCaaBBa
18 abACCAbBabaBCcBCCacaCACbcAAbAAabCAaaaACcbaCBBACabbCaaBBacBCa
18 abACCAbBabaBCcBCCacaCACbcAAbAAabCAaaaACcbaCBBACabbCaaBBacBCabBCa
18 abACCAbBabaBCcBCCacaCACbcAAbAAabCAaaaACcbaCBBACabbCaaBBacBCabBCabA
18 abACCAbBabaBCcBCCacaCACbcAAbAAabCAaaaACcbaCBBACabbCaaBBacBCabBCabAbBa
18 abACCAbBabaBCcBCCacaCACbcAAbAAabCAaaaACcbaCBBACabbCaaBBacBCabBCabAbBaCA
20 ACCA
20 ACCAbBa
20 ACCAbBaba
20 ACCAbBabaBCcBCCa
20 ACCAbBabaBCcBCCaca
20 ACCAbBabaBCcBCCacaCA
20 ACCAbBabaBCcBCCacaCACbcA
20 ACCAbBabaBCcBCCacaCACbcAA
20 ACCAbBabaBCcBCCacaCACbcAAbA
20 ACCAbBabaBCcBCCacaCACbcAAbAA
20 ACCAbBabaBCcBCCacaCACbcAAbAAa
20 ACCAbBabaBCcBCCacaCACbcAAbAAabCA
20 ACCAbBabaBCcBCCacaCACbcAAbAAabCAa
20 ACCAbBabaBCcBCCacaCACbcAAbAAabCAaa
20 ACCAbBabaBCcBCCacaCACbcAAbAAabCAaaa
20 ACCAbBabaBCcBCCacaCACbcAAbAAabCAaaaA
20 ACCAbBabaBCcBCCacaCACbcAAbAAabCAaaaACcba
20 ACCAbBabaBCcBCCacaCACbcAAbAAabCAaaaACcbaCBBA
20 ACCAbBabaBCcBCCacaCACbcAAbAAabCAaaaACcbaCBBACa
20 ACCAbBabaBCcBCCacaCACbcAAbAAabCAaaaACcbaCBBACabbCa
20 ACCAbBabaBCcBCCacaCACbcAAbAAabCAaaaACcbaCBBACabbCaa
20 ACCAbBabaBCcBCCacaCACbcAAbAAabCAaaaACcbaCBBACabbCaaBBa
20 ACCAbBabaBCcBCCacaCACbcAAbAAabCAaaaACcbaCBBACabbCaaBBacBCa
20 ACCAbBabaBCcBCCacaCACbcAAbAAabCAaaaACcbaCBBACabbCaaBBacBCabBCa
20 ACCAbBabaBCcBCCacaCACbcAAbAAabCAaaaACcbaCBBACabbCaaBBacBCabBCabA
20 ACCAbBabaBCcBCCacaCACbcAAbAAabCAaaaACcbaCBBACabbCaaBBacBCabBCabAbBa
20 ACCAbBabaBCcBCCacaCACbcAAbAAabCAaaaACcbaCBBACabbCaaBBacBCabBCabAbBaCA
23 AbBa
23 AbBaba
23 AbBabaBCcBCCa
23 AbBabaBCcBCCaca
23 AbBabaBCcBCCacaCA
23 AbBabaBCcBCCacaCACbcA
23 AbBabaBCcBCCacaCACbcAA
23 AbBabaBCcBCCacaCACbcAAbA
23 AbBabaBCcBCCacaCACbcAAbAA
23 AbBabaBCcBCCacaCACbcAAbAAa
23 AbBabaBCcBCCacaCACbcAAbAAabCA
23 AbBabaBCcBCCacaCACbcAAbAAabCAa
23 AbBabaBCcBCCacaCACbcAAbAAabCAaa
23 AbBabaBCcBCCacaCACbcAAbAAabCAaaa
23 AbBabaBCcBCCacaCACbcAAbAAabCAaaaA
23 AbBabaBCcBCCacaCACbcAAbAAabCAaaaACcba
23 AbBabaBCcBCCacaCACbcAAbAAabCAaaaACcbaCBBA
23 AbBabaBCcBCCacaCACbcAAbAAabCAaaaACcbaCBBACa
23 AbBabaBCcBCCacaCACbcAAbAAabCAaaaACcbaCBBACabbCa
23 AbBabaBCcBCCacaCACbcAAbAAabCAaaaACcbaCBBACabbCaa
23 AbBabaBCcBCCacaCACbcAAbAAabCAaaaACcbaCBBACabbCaaBBa
23 AbBabaBCcBCCacaCACbcAAbAAabCAaaaACcbaCBBACabbCaaBBacBCa
23 AbBabaBCcBCCacaCACbcAAbAAabCAaaaACcbaCBBACabbCaaBBacBCabBCa
23 AbBabaBCcBCCacaCACbcAAbAAabCAaaaACcbaCBBACabbCaaBBacBCabBCabA
23 AbBabaBCcBCCacaCACbcAAbAAabCAaaaACcbaCBBACabbCaaBBacBCabBCabAbBa
23 AbBabaBCcBCCacaCACbcAAbAAabCAaaaACcbaCBBACabbCaaBBacBCabBCabAbBaCA
26 aba
26 abaBCcBCCa
26 abaBCcBCCaca
26 abaBCcBCCacaCA
26 abaBCcBCCacaCACbcA
26 abaBCcBCCacaCACbcAA
26 abaBCcBCCacaCACbcAAbA
26 abaBCcBCCacaCACbcAAbAA
26 abaBCcBCCacaCACbcAAbAAa
26 abaBCcBCCacaCACbcAAbAAabCA
26 abaBCcBCCacaCACbcAAbAAabCAa
26 abaBCcBCCacaCACbcAAbAAabCAaa
26 abaBCcBCCacaCACbcAAbAAabCAaaa
26 abaBCcBCCacaCACbcAAbAAabCAaaaA
26 abaBCcBCCacaCACbcAAbAAabCAaaaACcba
26 abaBCcBCCacaCACbcAAbAAabCAaaaACcbaCBBA
26 abaBCcBCCacaCACbcAAbAAabCAaaaACcbaCBBACa
26 abaBCcBCCacaCACbcAAbAAabCAaaaACcbaCBBACabbCa
26 abaBCcBCCacaCACbcAAbAAabCAaaaACcbaCBBACabbCaa
26 abaBCcBCCacaCACbcAAbAAabCAaaaACcbaCBBACabbCaaBBa
26 abaBCcBCCacaCACbcAAbAAabCAaaaACcbaCBBACabbCaaBBacBCa
26 abaBCcBCCacaCACbcAAbAAabCAaaaACcbaCBBACabbCaaBBacBCabBCa
26 abaBCcBCCacaCACbcAAbAAabCAaaaACcbaCBBACabbCaaBBacBCabBCabA
26 abaBCcBCCacaCACbcAAbAAabCAaaaACcbaCBBACabbCaaBBacBCabBCabAbBa
26 abaBCcBCCacaCACbcAAbAAabCAaaaACcbaCBBACabbCaaBBacBCabBCabAbBaCA
28 aBCcBCCa
28 aBCcBCCaca
28 aBCcBCCacaCA
28 aBCcBCCacaCACbcA
28 aBCcBCCacaCACbcAA
28 aBCcBCCacaCACbcAAbA
28 aBCcBCCacaCACbcAAbAA
28 aBCcBCCacaCACbcAAbAAa
28 aBCcBCCacaCACbcAAbAAabCA
28 aBCcBCCacaCACbcAAbAAabCAa
28 aBCcBCCacaCACbcAAbAAabCAaa
28 aBCcBCCacaCACbcAAbAAabCAaaa
28 aBCcBCCacaCACbcAAbAAabCAaaaA
28 aBCcBCCacaCACbcAAbAAabCAaaaACcba
28 aBCcBCCacaCACbcAAbAAabCAaaaACcbaCBBA
28 aBCcBCCacaCACbcAAbAAabCAaaaACcbaCBBACa
28 aBCcBCCacaCACbcAAbAAabCAaaaACcbaCBBACabbCa
28 aBCcBCCacaCACbcAAbAAabCAaaaACcbaCBBACabbCaa
28 aBCcBCCacaCACbcAAbAAabCAaaaACcbaCBBACabbCaaBBa
28 aBCcBCCacaCACbcAAbAAabCAaaaACcbaCBBACabbCaaBBacBCa
28 aBCcBCCacaCACbcAAbAAabCAaaaACcbaCBBACabbCaaBBacBCabBCa
28 aBCcBCCacaCACbcAAbAAabCAaaaACcbaCBBACabbCaaBBacBCabBCabA
28 aBCcBCCacaCACbcAAbAAabCAaaaACcbaCBBACabbCaaBBacBCabBCabAbBa
28 aBCcBCCacaCACbcAAbAAabCAaaaACcbaCBBACabbCaaBBacBCabBCabAbBaCA
35 aca
35 acaCA
35 acaCACbcA
35 acaCACbcAA
35 acaCACbcAAbA
35 acaCACbcAAbAA
35 acaCACbcAAbAAa
35 acaCACbcAAbAAabCA
35 acaCACbcAAbAAabCAa
35 acaCACbcAAbAAabCAaa
35 acaCACbcAAbAAabCAaaa
35 acaCACbcAAbAAabCAaaaA
35 acaCACbcAAbAAabCAaaaACcba
35 acaCACbcAAbAAabCAaaaACcbaCBBA
35 acaCACbcAAbAAabCAaaaACcbaCBBACa
35 acaCACbcAAbAAabCAaaaACcbaCBBACabbCa
35 acaCACbcAAbAAabCAaaaACcbaCBBACabbCaa
35 acaCACbcAAbAAabCAaaaACcbaCBBACabbCaaBBa
35 acaCACbcAAbAAabCAaaaACcbaCBBACabbCaaBBacBCa
35 acaCACbcAAbAAabCAaaaACcbaCBBACabbCaaBBacBCabBCa
35 acaCACbcAAbAAabCAaaaACcbaCBBACabbCaaBBacBCabBCabA
35 acaCACbcAAbAAabCAaaaACcbaCBBACabbCaaBBacBCabBCabAbBa
35 acaCACbcAAbAAabCAaaaACcbaCBBACabbCaaBBacBCabBCabAbBaCA
37 aCA
37 aCACbcA
37 aCACbcAA
37 aCACbcAAbA
37 aCACbcAAbAA
37 aCACbcAAbAAa
37 aCACbcAAbAAabCA
37 aCACbcAAbAAabCAa
37 aCACbcAAbAAabCAaa
37 aCACbcAAbAAabCAaaa
37 aCACbcAAbAAabCAaaaA
37 aCACbcAAbAAabCAaaaACcba
37 aCACbcAAbAAabCAaaaACcbaCBBA
37 aCACbcAAbAAabCAaaaACcbaCBBACa
37 aCACbcAAbAAabCAaaaACcbaCBBACabbCa
37 aCACbcAAbAAabCAaaaACcbaCBBACabbCaa
37 aCACbcAAbAAabCAaaaACcbaCBBACabbCaaBBa
37 aCACbcAAbAAabCAaaaACcbaCBBACabbCaaBBacBCa
37 aCACbcAAbAAabCAaaaACcbaCBBACabbCaaBBacBCabBCa
37 aCACbcAAbAAabCAaaaACcbaCBBACabbCaaBBacBCabBCabA
37 aCACbcAAbAAabCAaaaACcbaCBBACabbCaaBBacBCabBCabAbBa
37 aCACbcAAbAAabCAaaaACcbaCBBACabbCaaBBacBCabBCabAbBaCA
39 ACbcA
39 ACbcAA
39 ACbcAAbA
39 ACbcAAbAA
39 ACbcAAbAAa
39 ACbcAAbAAabCA
39 ACbcAAbAAabCAa
39 ACbcAAbAAabCAaa
39 ACbcAAbAAabCAaaa
39 ACbcAAbAAabCAaaaA
39 ACbcAAbAAabCAaaaACcba
39 ACbcAAbAAabCAaaaACcbaCBBA
39 ACbcAAbAAabCAaaaACcbaCBBACa
39 ACbcAAbAAabCAaaaACcbaCBBACabbCa
39 ACbcAAbAAabCAaaaACcbaCBBACabbCaa
39 ACbcAAbAAabCAaaaACcbaCBBACabbCaaBBa
39 ACbcAAbAAabCAaaaACcbaCBBACabbCaaBBacBCa
39 ACbcAAbAAabCAaaaACcbaCBBACabbCaaBBacBCabBCa
39 ACbcAAbAAabCAaaaACcbaCBBACabbCaaBBacBCabBCabA
39 ACbcAAbAAabCAaaaACcbaCBBACabbCaaBBacBCabBCabAbBa
39 ACbcAAbAAabCAaaaACcbaCBBACabbCaaBBacBCabBCabAbBaCA
43 AA
43 AAbA
43 AAbAA
43 AAbAAa
43 AAbAAabCA
43 AAbAAabCAa
43 AAbAAabCAaa
43 AAbAAabCAaaa
43 AAbAAabCAaaaA
43 AAbAAabCAaaaACcba
43 AAbAAabCAaaaACcbaCBBA
43 AAbAAabCAaaaACcbaCBBACa
43 AAbAAabCAaaaACcbaCBBACabbCa
43 AAbAAabCAaaaACcbaCBBACabbCaa
43 AAbAAabCAaaaACcbaCBBACabbCaaBBa
43 AAbAAabCAaaaACcbaCBBACabbCaaBBacBCa
43 AAbAAabCAaaaACcbaCBBACabbCaaBBacBCabBCa
43 AAbAAabCAaaaACcbaCBBACabbCaaBBacBCabBCabA
43 AAbAAabCAaaaACcbaCBBACabbCaaBBacBCabBCabAbBa
43 AAbAAabCAaaaACcbaCBBACabbCaaBBacBCabBCabAbBaCA
44 AbA
44 AbAA
44 AbAAa
44 AbAAabCA
44 AbAAabCAa
44 AbAAabCAaa
44 AbAAabCAaaa
44 AbAAabCAaaaA
44 AbAAabCAaaaACcba
44 AbAAabCAaaaACcbaCBBA
44 AbAAabCAaaaACcbaCBBACa
44 AbAAabCAaaaACcbaCBBACabbCa
44 AbAAabCAaaaACcbaCBBACabbCaa
44 AbAAabCAaaaACcbaCBBACabbCaaBBa
44 AbAAabCAaaaACcbaCBBACabbCaaBBacBCa
44 AbAAabCAaaaACcbaCBBACabbCaaBBacBCabBCa
44 AbAAabCAaaaACcbaCBBACabbCaaBBacBCabBCabA
44 AbAAabCAaaaACcbaCBBACabbCaaBBacBCabBCabAbBa
44 AbAAabCAaaaACcbaCBBACabbCaaBBacBCabBCabAbBaCA
46 AA
46 AAa
46 AAabCA
46 AAabCAa
46 AAabCAaa
46 AAabCAaaa
46 AAabCAaaaA
46 AAabCAaaaACcba
46 AAabCAaaaACcbaCBBA
46 AAabCAaaaACcbaCBBACa
46 AAabCAaaaACcbaCBBACabbCa
46 AAabCAaaaACcbaCBBACabbCaa
46 AAabCAaaaACcbaCBBACabbCaaBBa
46 AAabCAaaaACcbaCBBACabbCaaBBacBCa
46 AAabCAaaaACcbaCBBACabbCaaBBacBCabBCa
46 AAabCAaaaACcbaCBBACabbCaaBBacBCabBCabA
46 AAabCAaaaACcbaCBBACabbCaaBBacBCabBCabAbBa
46 AAabCAaaaACcbaCBBACabbCaaBBacBCabBCabAbBaCA
47 Aa
47 AabCA
47 AabCAa
47 AabCAaa
47 AabCAaaa
47 AabCAaaaA
47 AabCAaaaACcba
47 AabCAaaaACcbaCBBA
47 AabCAaaaACcbaCBBACa
47 AabCAaaaACcbaCBBACabbCa
47 AabCAaaaACcbaCBBACabbCaa
47 AabCAaaaACcbaCBBACabbCaaBBa
47 AabCAaaaACcbaCBBACabbCaaBBacBCa
47 AabCAaaaACcbaCBBACabbCaaBBacBCabBCa
47 AabCAaaaACcbaCBBACabbCaaBBacBCabBCabA
47 AabCAaaaACcbaCBBACabbCaaBBacBCabBCabAbBa
47 AabCAaaaACcbaCBBACabbCaaBBacBCabBCabAbBaCA
48 abCA
48 abCAa
48 abCAaa
48 abCAaaa
48 abCAaaaA
48 abCAaaaACcba
48 abCAaaaACcbaCBBA
48 abCAaaaACcbaCBBACa
48 abCAaaaACcbaCBBACabbCa
48 abCAaaaACcbaCBBACabbCaa
48 abCAaaaACcbaCBBACabbCaaBBa
48 abCAaaaACcbaCBBACabbCaaBBacBCa
48 abCAaaaACcbaCBBACabbCaaBBacBCabBCa
48 abCAaaaACcbaCBBACabbCaaBBacBCabBCabA
48 abCAaaaACcbaCBBACabbCaaBBacBCabBCabAbBa
48 abCAaaaACcbaCBBACabbCaaBBacBCabBCabAbBaCA
51 Aa
51 Aaa
51 Aaaa
51 AaaaA
51 AaaaACcba
51 AaaaACcbaCBBA
51 AaaaACcbaCBBACa
51 AaaaACcbaCBBACabbCa
51 AaaaACcbaCBBACabbCaa
51 AaaaACcbaCBBACabbCaaBBa
51 AaaaACcbaCBBACabbCaaBBacBCa
51 AaaaACcbaCBBACabbCaaBBacBCabBCa
51 AaaaACcbaCBBACabbCaaBBacBCabBCabA
51 AaaaACcbaCBBACabbCaaBBacBCabBCabAbBa
51 AaaaACcbaCBBACabbCaaBBacBCabBCabAbBaCA
52 aa
52 aaa
52 aaaA
52 aaaACcba
52 aaaACcbaCBBA
52 aaaACcbaCBBACa
52 aaaACcbaCBBACabbCa
52 aaaACcbaCBBACabbCaa
52 aaaACcbaCBBACabbCaaBBa
52 aaaACcbaCBBACabbCaaBBacBCa
52 aaaACcbaCBBACabbCaaBBacBCabBCa
52 aaaACcbaCBBACabbCaaBBacBCabBCabA
52 aaaACcbaCBBACabbCaaBBacBCabBCabAbBa
52 aaaACcbaCBBACabbCaaBBacBCabBCabAbBaCA
53 aa
53 aaA
53 aaACcba
53 aaACcbaCBBA
53 aaACcbaCBBACa
53 aaACcbaCBBACabbCa
53 aaACcbaCBBACabbCaa
53 aaACcbaCBBACabbCaaBBa
53 aaACcbaCBBACabbCaaBBacBCa
53 aaACcbaCBBACabbCaaBBacBCabBCa
53 aaACcbaCBBACabbCaaBBacBCabBCabA
53 aaACcbaCBBACabbCaaBBacBCabBCabAbBa
53 aaACcbaCBBACabbCaaBBacBCabBCabAbBaCA
54 aA
54 aACcba
54 aACcbaCBBA
54 aACcbaCBBACa
54 aACcbaCBBACabbCa
54 aACcbaCBBACabbCaa
54 aACcbaCBBACabbCaaBBa
54 aACcbaCBBACabbCaaBBacBCa
54 aACcbaCBBACabbCaaBBacBCabBCa
54 aACcbaCBBACabbCaaBBacBCabBCabA
54 aACcbaCBBACabbCaaBBacBCabBCabAbBa
54 aACcbaCBBACabbCaaBBacBCabBCabAbBaCA
55 ACcba
55 ACcbaCBBA
55 ACcbaCBBACa
55 ACcbaCBBACabbCa
55 ACcbaCBBACabbCaa
55 ACcbaCBBACabbCaaBBa
55 ACcbaCBBACabbCaaBBacBCa
55 ACcbaCBBACabbCaaBBacBCabBCa
55 ACcbaCBBACabbCaaBBacBCabBCabA
55 ACcbaCBBACabbCaaBBacBCabBCabAbBa
55 ACcbaCBBACabbCaaBBacBCabBCabAbBaCA
59 aCBBA
59 aCBBACa
59 aCBBACabbCa
59 aCBBACabbCaa
59 aCBBACabbCaaBBa
59 aCBBACabbCaaBBacBCa
59 aCBBACabbCaaBBacBCabBCa
59 aCBBACabbCaaBBacBCabBCabA
59 aCBBACabbCaaBBacBCabBCabAbBa
59 aCBBACabbCaaBBacBCabBCabAbBaCA
63 ACa
63 ACabbCa
63 ACabbCaa
63 ACabbCaaBBa
63 ACabbCaaBBacBCa
63 ACabbCaaBBacBCabBCa
63 ACabbCaaBBacBCabBCabA
63 ACabbCaaBBacBCabBCabAbBa
63 ACabbCaaBBacBCabBCabAbBaCA
65 abbCa
65 abbCaa
65 abbCaaBBa
65 abbCaaBBacBCa
65 abbCaaBBacBCabBCa
65 abbCaaBBacBCabBCabA
65 abbCaaBBacBCabBCabAbBa
65 abbCaaBBacBCabBCabAbBaCA
69 aa
69 aaBBa
69 aaBBacBCa
69 aaBBacBCabBCa
69 aaBBacBCabBCabA
69 aaBBacBCabBCabAbBa
69 aaBBacBCabBCabAbBaCA
70 aBBa
70 aBBacBCa
70 aBBacBCabBCa
70 aBBacBCabBCabA
70 aBBacBCabBCabAbBa
70 aBBacBCabBCabAbBaCA
73 acBCa
73 acBCabBCa
73 acBCabBCabA
73 acBCabBCabAbBa
73 acBCabBCabAbBaCA
77 abBCa
77 abBCabA
77 abBCabAbBa
77 abBCabAbBaCA
81 abA
81 abAbBa
81 abAbBaCA
83 AbBa
83 AbBaCA
86 aCA
