yvscfnonkqrmtsntnbla yvs
yvkcfnonkqrmtsntnrla yvkcfn
yvkcfsonkqumtsftnrla yvkcfsonkqum
yvkcfsonkquhksftnrla yvkcfsonkquh
ymkcfsonkquhksutwrla ymk
yukcfsonkguhksutwrla yukcf
yukcivonkguhksulwrla yukcivo
yukcivqwkguhksulwgla yukcivq
yukcivawkguhdsulwgla yukciva
yiscivawkgvhdsulwgla yis
yidcivawkgvhdsulwflc yid
pidcivgwwgvhdsulwflc pi
lidcivgwwzvhdsupwflc lidcivgw
lidcivgkwzvhdsqpuflc lidcivgk
midcivgkwzvhdsqpuslc midcivgk
midcivgxwzvhdsqfusli midcivgx
sidcivxxwzvhdsqfuslb si
qidcjvcxwzvhdsqfuslb qidcjvcxwzvhdsq
qidcjvcxwzvhdsmfusas qidcjvcxwzvhdsm
qidcavcxwjvrdsmfusas qidca
qsdcavcxojvrdsmeusas qs
xsdcaztxojvrdsmeusas xsdcaztx
xsdcaztuojzrdsmtusas xsdcaztu
jsdcaztujpzrdsmtusas jsdc
jsdsaztujpordsmyusas jsds
zsdsadtujpordsmyusax zsd
zsusadtdjpordmmyusax zsus
zsudadgdjpordmmyusax zsudadgd
zsudadgujpordymyusax zsudadgujpord
zsudadgujporeymyispx zsudadgujpore
zsqdusgujporeymyispx zsqdusg
zsqdusyucporeymyispl zsqdusy
wsqdusyufpoeeymyispl wsq
wsedusyufgoeeymyimpl wse
wssdusyufgzeeymyimpl wss
ussdusyufgzeeymyxmvl uss
usadusyufgzetimyxmvl usadusy
usadusiuwgzetimyxmvl usadusi
ukadusizwgzetimyxmyl uka
bkadusizwgzetamyxmyl bkadus
bkaduaiowgzetamyxmcl bkadua
duaduaiowgzetimyxmcl duaduai
duaduauorgzetimyxmcl duaduauorgzet
duaduauorgzepiyyqmcl duaduauorgzep
duaduauoygzepiyyumcl duaduauoy
wuatuauoygzepryyumcl wuatu
wuatcauoygzepryyylcl wuatcauoy
wuatcauofgzepryhflcl wuatcauofg
wuatcauofazepichflcl wuatcauofa
wdatcauofjzppichflcl wdatcauofjzppichf
wdatcauofjzppichohcl wdatcauofjzppicho
wdaocaoofjzppichohpl wdao
weaocaoofjzopichohpl weaocaoof
weaocaooyjzopicaohpl weaocaooy
wexocaooyjwopicayhpl wexocaooyjwo
wexocaooyjwspicaahpl wexocaooyjws
wexopaooyjwwpicaahpl wexopaooyjww
wexopaooyjwdqocaahpl wexopaooyjwd
wexoiaooojwdqocaahpq wexoiaoo
wexoiaogojwdqtccahpq wexoiaog
wexhiaogojwdqtcaahpq wexh
wqxhiaogojwmqtcaafpq wqx
wqmhiaogojwmwtcawfpq wqm
cqmviaokojwmwtcawfpq cqmv
cqmtiaokomwmwtcawfiq cqmtiao
cqmtiatkomwmwtcanfiq cqmtiatkomw
cqmtiatkomsmwtnayfiq cqmtiatkomsmw
cqmtiatkomsmttnajfnq cqmtiatkomsmt
cjmtistkomsqttnajfnq cjmti
cjmtcstcomsqttnijfnq cjmtc
cjmtfntcomeqttnijfnq cjmtfntco
cjmtfntcgmeqttnijfnq cjmtfntcg
yjmtfntcgmeqttcjjfnq yjm
ytmtfntchveqttcjjfnq ytm
yimtfntchvexqtcjjfnq yimtfntc
yimtfntehjexqtcjjfnk yimtfnte
aimtfnwemjexqtcjjfnk aimtfnwemjexq
aimtfnwemjexstdjjfnk aimtfnwemjexs
aiwtynwemjexstdjgfnk aiwtynwemj
aiwtynwempexstdjgfrk aiwtynwempex
aiwtynwempeqstojyfrk aiwtynwempeq
aiwtunwempeostolyfrk aiwtu
aiztuncempeostokyfrk aiz
aigtuhcempeosaokyfrk aigt
aigduhcempeosjokbfrk aigd
axgduhcempeoljokbfsk ax
qxgduhcvmpeoljokbfik qxg
qxoduhcvmpeopjokbfiu qxo
qooduhcvmpeopfokbfiu qoo
qokdukcvmpeopfokzfiu qok
qozqukcjmpeopfokzfiu qozqu
qozqskcjmpetpfokzfuu qozqskcjmpet
qozqskcjmpempfokgyuu qozqskcjmpem
qozqskhompempfokgbuu qozqskhompempf
qozqskhompempiakgduu qozqskhompempi
qxzqskhompempkakhduu qxzqskhom
qxzqskhotpompkashduu qxzqskhotpom
qxzqskhotpofpkashkou qxzqskhotpof
qxzqskhittofpkasxkou qxzqskhitto
qxzqskhittefpkgsxkou qxzqskhitte
qxzqskzittehpigsxkou qxzqskz
qgzqnkzittehpqgsxkou qg
qvzqnkzlttehpkgsxkou qv
qpzqnkzlttespkgsqkou qpzq
qpqqnkzlttesekgsqksu qpq
epqqnkzltsesekgsqkpu epqqnk
epqqnazltsesrkgsqkpa epqqna
erqqnanltsegrkgsqkpa erqqna
erqqnqnlhsegrkesqkpa erqqnqnlh
erqqnqnltsegrkesqkpy erqqnqnltsegrk
erqqnqnltsegrpgsqkpy erqqnqnltsegrp
erqonqnltsogrpgkqkpy erqonqnltsogrp
erqonqnltsogrhmkqfpy erqonqnltsogrh
erqonqtltsogrhmkqfvc erqonqt
erqynqtltaogrhmkqfvt erqynqt
erqynqfltaozrhmkqfvt erqynqflt
erqynqflvaozrhmkmfut erqynqflv
erqvnqflvaozrhmhmfut erqvnqflv
erqvnqfloaoyrhmdmfut erqvnqflo
erqvnmfloaoyrccdmfut erqvnm
vrqvnmfloaoyrchdmsut vr
vuqvnmfloaoyrchdmxuk vuqvn
vuqvhmfloaoyrchwmxuk vuqvhmfloa
vuqvhmfloeoyrcewmxuk vuqvhmfloe
vuqvvmfloboyrcewnxuk vuqvvmfl
vuqvvmfmoboykccwnxuk vuqvvmfm
vuqvpmfmoboykccznxzk vuqvpmfmo
vuqvpmfmgboykcczyxnk vuqvpmfmg
vuqvamfmgnqykcczyxnk vuqva
vumvamfmgnqykcczygnk vum
zumvayfmgnqykcrzygnk zumva
zumvnyfmgnqykcrzygnk zumvnyfmgn
zumvnyfmgkqykcrzylnk zumvnyfmgk
zumvnrfmgkqykcroyhnk zumvnr
zufvnrfmgkxykcroyenk zufv
zufznmfmgkxyecroyenk zufzn
zufzxmfmckxkecroyenk zufzx
zufzbmfmckxkecwoyekk zufzbmfmckxke
zufzbmfmckxkhmwoyekh zufzbmfmckxkh
zufzbyfmckxwhmwsyekh zufzbyfmckxwhmws
zufzbyfmckxwhmwcyern zufzbyfmckxwhmwc
zufzpbfmckxwhmwvyern zufzpbfmc
zufzpbfmukxwhvwzyern zufzpbfmu
zufzpwfmukxwhvwzyern zufzpw
ztfzrwfmukpwhvwzyern ztf
ztvnrwfmukpwhbwzyern ztvnrwfmukp
ztvnrwfmukhwhfwqyern ztvnrwfmukh
ztvjrwfmukhwifwqyeen ztvj
ztvrrwfmukhxifwqyecn ztvrrwfmukhxifwqy
ztvrrwfmukhxifwqhezn ztvrrwfmukhxifwqh
gtvrrwfmukhxirwqhvzn gtvrrw
gtvrrquuukhxirwqhvzn gtvrrq
dyvcrquuukhxirwqhvzn dy
sywcrquuukhxirwqhvpn sywcrquuukhxi
sywcrquuukhxvlwqhvln sywcrquuukhxv
sywcrkutukhxvlwghvln sywcrk
cyocrkutukhxvlwghvln cyoc
cyojrkutekhxvlwgcvln cyoj
cyoqrkutekhuvlwgcvln cyoq
nysqrkutekhuvrwgcvln nysq
nystrkutekyuvrwgcvdn nystrkuteky
nystrkutekoubrwkcvdn nystrkuteko
nystrkuvekouvrwkcvvn nystrkuv
nyjtrkuaekouvrwgcvvn nyjt
nyjjriuaekouvrwgcvvn nyjjriuaekou
nyjjriuaekomvrwiqvvn nyjjriuaekom
nyjjriuahkxmvrwiqjvn nyjjriuah
nwjjriuahvxmvrwiojvn nwjjriuahvxm
nwjjriuahvxcvrkipjvn nwjjriuahvxc
nwjsriuahwxcvrkipjvn nwjsri
nwjsrbuaewxcvckipjvn nwjsrbua
nwjsrbumlwxcvcaipjvn nwjsrbum
nwjssdumlwxcvcjipjvn nwjss
ewcssdumlwxkvcjipjvn ewcss
ewcsydumlwxkvajopjvn ewcsy
eqcsydumlwxmvajopqvn eqcsydumlwxm
eqcsydumlwxqoajopqvn eqcsydumlwxq
eqlkydumlwxqjajopqvn eql
aqlqydumlwxqjajopqvu aqlqy
aqlqgdtmlwxqjajopqvu aqlqgd
aqlqgitmlwxqjajupwvu aqlqgi
aqligitmlwxqkajjpwvu aqli
sqqigitmlhxqkajjpwvu sq
ssqigitmlexqkajnpwvu ssqig
ssqiyitmdexqkajnpwvu ssqiy
ssqvyegmdexqkajnpwvu ssqvyegm
ssqvyegxdevqkajrpwvu ssqvyegx
ssqvaeuxdevckajrpwvu ssqvaeux
ssqvaeuudlbckajrpwvu ssqvaeuu
sgqvaeuudlbceajlpwvu sgqvaeuudlb
sgqvaeuudlmleajvpwvu sgqvaeuudlm
sgqvaeuqdpmleajvpwvu sgqvaeuq
sguvaeuqdpmldajvpwku sguva
sguvueuddpbldajvpwku sguvueuddpb
sguvueuddpglwajvrwku sguvueuddpg
sguvueudbpwlwajviwku sguvueudb
sguvuegablwlwajviwku sguvueg
sgavuetablwlwajviwkt sgav
sgaeuecabewlwajviwkt sgae
syaeuecabewywapviwkt syaeue
syaeuycabewycapviwkt syaeuyc
syaeuyoabewycapviski syaeuyo
syaeuooabeiycapvfski syaeuooabeiy
syaeuooabeizmhpvfski syaeuooabeiz
eyaeqooybeizmhpvfski eya
eyoeqooybeixmhqvfski eyoeqo
eyoeqnqybpixmhqvfski eyoeqn
eyokqnqqbpixmhqvfski eyok
eyzkqnqqbpixnhqvmski eyzkq
eyzkbnqqbpixyhqvsski eyzkbnqqbpix
eyzkbnqqbpivyhqvsski eyzkbnqqbpiv
eyzkynqqbpivyhqpsskx eyzky
emzkynqqbdisyhqpsskx emz
emvkynqcbdisyhqpsikx emv
eevmynqcbdisyhqpkikx eevmynqcb
eevmynqcfdipyhqxkikx eevmynqcf
eevgynqcfdipzhcxkikx eevgynqcfdipzhcx
eevgynqcfdipzhcykikz eevgynqcfdipzhcy
eevgynqcsdipzhcywkkz eevgynqcs
eevginqcndipzhcywlkz eevgi
eevdiqqcndiwzhcywlkz eevdiq
eevdizqfndiwzhcywlqz eevdiz
eevdijqundiwzhcywlqz eevdij
eevdmjqpldiwzhcywlqz eevdm
efvdmjqplqiwrhcywlqz efvd
efvfmjqplqiwrfcywlqz efvfm
efvfcjqwcqiwrfcywlqz efvfc
efsfcjqwcviwrfcywlqz efsfcjq
efsfcjcwcviwrfcnnlqz efsfcjc
efsfajcwcviwrfcnvlmz efsfaj
efsfaucwcgiwvfcnvlmz efsfau
efsfducwcgiwvucnvlml efsfd
xfsfdpdwcgiwvucnvlml xfsfdpdwcg
xfsfdpdwcciwvucnvxfl xfsfdpdwcc
xfsfdvdwiciavucnvxfl xfsfdvd
xfsfdvvwiciaouunvxfl xfsfdvv
xfsfdvewicyaouonvxfl xfsfdvewi
xfsfdvewhcyaouynvgfl xfsfdvewh
xfsfciewhcyxouynvgfl xfsfc
vfsfcibwhcmxouynvgfl vf
wfffcibwhcmxouynvgfl wf
wxifcibwhcmxouenvgfl wx
hxiccibwhcmyouenvgfl hxicci
hxiccqbwhlmyouegvgfl hxiccq
gxiccjbwhlmyouemvgfl gxi
ukiccjbwhlmyouemvgfl ukic
ukiocjbphlmyouemvgfl ukioc
ukiomjbphlmyouekvgfl ukiom
uhiomjbmhlmyouzkvgfl uhiomjbmhlmyouz
uhiomjbmhlmyourkvgfp uhiomjbmhlmyour
uhismjbfhlmtourkvgfp uhis
rsismnbfhlmtourkvgfp rs
rlismnbfhlmtourovqfp rl
rmisqnbfhlmtourovqfu rmisq
rmistnbvhlmtourfvqfu rmistnbvhl
rmistnbvhimtourfvmfu rmistnbvhi
rmistnhvhimtvurfwmfu rmistnh
rmistnevkimtvurfwmfl rmistne
rmintnxvkimtvukfwmfl rmint
rminonxvkimtvukfflfl rmino
fminonxvkimtvrkfflfl fm
fhinonxvkimtvrrfflql fhin
fhiponxvkimtvrrsfqql fhip
fhiqonxvkimtvrrsfpql fhiqonxvkim
fhiqonxvkiltvrrwfpqy fhiqonxvkil
fpiqonxvkiltvruwfply fpiq
fpitznxvkiltvruwfplf fpit
bpitznhvkiltvruwfklf bpi
ppilznhvkilcvruwfklf ppilznhvkilcvruwf
ppilznhvkilcvruwkclf ppilznhvkilcvruwk
puilznhvkiltvruwkclf puil
puicznhvkiltzrmwkclf puicznh
puicznvvkilvtrmwkclf puicznv
puiczovjkilvtrmwkcly puiczo
puiczkcjkilvtrmwkczy puiczkcjkilv
puiczkcjkiletrmwkcvz puiczkcjkile
puiczrcrkiletqmwkcvz puiczr
pficzrcrkiletqmwkqvz pf
ificzrcrkileuqmwkqvz if
iriwzrcrkileubmwkqvz iriwzrcr
iriwzrcokimxubmwkqvz iriwzrco
irinzrcokimjubmikqvz irin
prigzrcokimjuxmikqvz prigzrco
prigzrcbkimjuxmpkqvp prigzrcb
mregzrcbkimjulmpkqvp mregzrcbki
mregzrcbkkmjulmpbqvp mregzrcbkk
mgegzrcbkkmjuvmpfqvp mgegzrcbkk
mgegzrcbkonjuvmpeqvp mgegzrcbko
mgegzecikoniuvmpeqvp mgegze
mlegzecikoniuvmpxqip mlegzecikon
mlegzecikogiuvmpxxip mlegzecikog
mlegqecikogiuvmpxbip mlegqecik
mlegqeciqogiuompxbih mlegqeciq
dlegqeciqcgiuampxbih dl
hlegqeciqcgiuanpxbig hlegqec
hlegqeziqcgsuanpxbig hlegqeziq
hlegqeziacgsuqtpxbig hlegqezia
hlegqsziavgsuqtpxbng hlegqs
hlepqsziacgsuqtpxbng hlep
mlepqszimczsuqtpxbng mlepqsz
mlepqsyimszsuqtgxbng mlepqsy
mrepqsyimszsumtgxbnc mrepqsyimszsumt
mrepqsyimszsumcsxbnb mrepqsyimszsumc
mrepqsaimszsumcrxbnb mrepqsa
orepqseimszgumcrxbnb orepqseimszgum
orepqseimszguxccxbib orepqseimszgux
orepqeeimyzgusccxbib orepqe
orlpqeeiuyzgmsccxbib orlpqeeiuyzgms
orlpqeeiuyzgmrccxbis orlpqeeiuyzgmrccx
orlpqeeiuyzgmrccjzis orlpqeeiuyzgmrccj
orlpqeeiuyzglrkcjziw orlpqeeiuyzgl
mrlpqeeiuyzglrkcjzjw mrlp
mrleqeeiuyzglrkjjrjw mrleqeeiu
mrleqeeigylglxkjjrjw mrleqeeig
mvleqeeigylnlxkdjrjw mvle
mvlsqeeigylnlkkdjrtw mvls
mvljqseigylnlkkzjrtw mvlj
mvgjqseigyjnlkkzurtw mvg
migjqseigyjnlkktustw mig
mivjqseigyjcljktustw mivjqs
mivjqueigyjbljktustw mivjqu
mivjhudigyjgljktustw mivjh
mivnhjdigyjgljktusuw mivnhj
mivnhedigfjgljktzsuw mivnhe
mbvnwediyfjgljktzsuw mbv
mbdnwgdiyfcgljktzsuw mbd
ubdnwxdiyfcgijktzsuw ubdnwx
ubdnwudiyfcgijrtzsuw ubdnwudiyfc
ubdnwudiyfseijrtzsuj ubdnwudiyfs
ebdnwudiyfsyijrtzsmj ebdnwudi
ebdnwudwyvsyijrtzsmj ebdnwudwy
ebdnwudwmksyijrtzsmm ebdnwudwm
ebdnwunwmkcyijytzsmm ebdnwun
ebdswunwskcyijytzsmf ebds
pbrswunwskcyijetzsmf pbrswun
pbrswukwskbyijetjsmf pbrswuk
pbrewukwskbyijetjsmn pbrewukwskbyij
pbrewukwskbyiqctjsmn pbrewukwskbyiq
pbrbwkkwskzyiqctjsmn pbrbwkkwskzyi
pbrbwkkwskzysqstjsmn pbrbwkkwskzys
pbrbwkkwskzyhqstdsmt pbrbwkkwskzyh
pprbwkkwshzyhqstdsat pprbwkkwshzyh
pprbwkkwshzyxqntdsao pprbwkkwshzyx
pprbukkwskzyxqntisao pprbu
psrbukpwskzexqntisao psrbukpwskzex
psrbukpwskzenqztisao psrbukpwskzen
psubudpwsmzenqztisao psu
msupudpwsmzenqztxsao ms
myupudpasmzenqztxsmo myupudpasmzenq
myupudpasmzenpzsxsmq myupudpasmzenp
xyupudpasmzenpzsxsmu xyupu
xyupodpasmuenpzexsmu xyupo
xjupoipasmucnpzexsmu xjupoipa
xjupoipnhmuanpzexsmu xjupoipn
xjupoisnhquanozexsmu xjupois
xjupoianhquanozexsmd xjupoian
xjupoiadhquanozexsjh xjupoiad
xjupoizdhquanazzxsjh xjupoiz
xjuponzdhqlanazzxsjx xjupon
xjlponzdhqlnnazzxsjz xjl
yjlponzdhqlhnazzxdjz yjlpo
yjlpunzdhqlhnazkxpjz yjlpunzd
yjlpunzyheahnazkxpjz yjlpunzyheahnazk
yjlpunzyheahnaztipjz yjlpunzyheahnazt
yjlpunzuheahnaztiyjq yjlpunzuheahn
yjlpunzuheahqbztiyjm yjlpunzuheahq
yqlpgnzuheahqpztiyjm yqlp
yqllgnzudeahqpztiyjh yqllgnz
yqllgnyudcmhqpztiyjh yqllgnyu
yqllgnyhdcmhqpztiyah yqllgnyh
yqlhgnygdcmhqpztjyah yqlh
zplhgnygscmhqpztjyah zplhgn
zplhgbygscmhqpztjyaq zplhgb
zdkhgbygscmhqpztjyar zdkhgbygscmhq
zdkhgbygscmhdpzajpar zdkhgbygscmhd
zdkhpbygscmhdpyajwar zdkhp
zduhpbygsvmhdpymjwar zduhpbyg
zduhpbyxqvhhdpymjwar zduhpbyx
lduhpvyxqvhhdpymjwar lduhp
lduhxvyxqvhhdjymswar lduhx
ldulxnyxqvhhdjjmswar ldul
ldsldnyxqvhhdjjmsdar ldsldnyxq
ldsldnyxjvvhdfjmsdar ldsldnyxjv
ldsldnyxjwvhdpjmsdah ldsldnyxjw
ldsldnyfjwvhqpjmsdap ldsldnyf
ldsldnvfjwvhqpjmsdom ldsldnv
lusldovfjwvhqgjmsdom lusldo
lusldhvfjwehqgjmsdom lusldh
luslphvfjfehqmjmsdom luslp
vuslwhvfjfehqmjmsbom vuslw
vuslkwvfufehqmjmsbom vuslk
dusckwvfufehqmjmsbom dusck
dusczwvfufthqbjmsbom duscz
eusczwdfufthqbjmfbom eusczwdf
eusczwdsufthbbjmfbmm eusczwds
edscfwdbufthbbjmfbmm edsc
edsjfwdbufthztjmfbmm edsj
edsufwdbufvhztsmfbmm edsufwdbufv
edsufwdbufkhztrmfbmm edsufwdbufk
edrmfwdbufkhztbmfbmm edr
edimfwdgufkhztbmlbmm edimfwdg
edimfwddufkhztbmlbgm edimfwdd
eximfwdduakhzybmlbgm ex
iximfjdduakhzybmgbgm ix
ppimfjdduakhzybmgbgm ppim
ppfmmjdduakhzybmgblm ppfmm
ppfmnjlduakhzybmfblm ppfmnjldua
ppcmnjlduqshzybmfblm ppc
ppfmnjlduqmhjybmfblm ppfmnjlduq
jpfmnjmduqmhjybmeblm jpfmnjmd
jpfmnjmitqmhjybmqblm jpfmnjmitq
jpfmnjmitbmhjybmbbrm jpfmnjmitbmhjybm
jpfmnjmitbmhjybwbbrw jpfmnjmitbmhjybw
jpzmnjmiubmhjycwbbrw jpzm
jpzdnjmiubmhjycwblrw jpzdnjm
jpzdnjaivbmxjycwblrw jpzdnja
kpzhnjaivbmxjtcwblrw kp
qpzhnjaimbmxjtcwbdrw qpzhn
qpzhljaimbcxjtcfbdrw qpzhljaim
qpzhljaijbcxjtcfbdrw qpzhljaij
qpzhlqailbcxjpcfbdrw qpzhlqail
qpzhlqaizbcxjpxfbdra qpzhlqaiz
qpzhlqsizkcxjpxlbdra qpzhlqsizkcxj
qpzhlqsizkcxtpxqbdrt qpzhlqsizkcxt
vpzpkqsizkcxtpxqbdrt vpzpkqsizkcx
vpzpkqsizkcitpiqbdit vpzpkqsizkci
vpupkqsizkcitpiqbbiy vpu
vpnqkqsimkcitpiqbbiy vpn
npnqkgsimkcitpiqbbiq npnqkgs
npnqkgmipkcitwiqbbiq npnqkgmipkc
npnqkgmipkrstwiqbbip npnqkgmipkr
npcgkgmipkrstgiqbbip npc
bpcgkgmibkrstgeqbbip bpcgk
bpcgbgmibkrstgeqbbyp bpcgb
bpcybzmbbkrstgeqbbyp bpcy
bicybzmbbkrstgezbbyp bicybzmbb
bicybzmbmkrstgewbbrp bicybzmbm
bicsbzzmmkrstgewbbrp bicsb
bicsrzzmnktstgewbbrp bicsr
bicstzzmnktftgewbbgp bicst
bicntzzmnktftgspbbgp bicn
bixntzzmnktftqspbbgp bixntzzm
bixntzzhnktftqnpbmgp bixntzzh
bvxntzzhdkwftqnpbmgp bvx
bvkntzzhdkwftqvpbmgp bvknt
bvkngzzhdkwftqvpbmtp bvkngzzhdkwftqvp
bvkngzzhdkwftqvbbmtr bvkngzzhdkwftqvb
bvkngzzhqdwftqvbbptr bvkngzzhq
bvknmzzhqdwftkvbbptk bvknm
bvkjmzzpqdwftkvbbrtk bvkj
rvkjmzzpqdwkthvbbrtk rvk
rvsjmzzpqdwkthvbbrtk rvsj
rvsmmzzpqdwkthvgbrtu rvsm
rvbmmvzpqdwkthlgbrtu rvb
rabmpvzpqdwkthlgbrwu ra
aabmpvapqdwkthhgbrwu aa
uukmpvapqdwkthhgbrwu uu
gfkmpvapqdwkthhgbrwu gf
gxkmkvapqowkthhgbrwu gxkmkvapqowk
gxkmkvapqowutohgbryu gxkmkvapqowu
gvkmavapqowutohgbryu gvk
gzkmavafqohutohgbryu gzk
gzfwavafqohutohgbrwu gzfwavafqohut
gzfwavafqohurolgbrxu gzfwavafqohur
gzfwavafqoauropgprxu gzfwavafqoa
txfwavafqoauropgpzxu tx
uxfwavafqoauropgptqu uxfwa
uxfwtvlfqoauropgptqu uxfwt
uxfwpvlfqoauroplptqu uxfwp
uefwpvlfqoauvopiptqu ue
uwfwpvleqoauvopietqu uwfw
uwfhpvleqoauvopiemqb uwfhpvleqoau
uwfhpvleqoahvotiemqb uwfhpvleqoah
xwfhpvlegoaavotiemqb xwfhpv
xwfhphlenoaavotiepqb xwfhph
xwfhpylenoiavotdepqb xwfhpy
xwfhnylenpiavoldepqb xwfhn
xwfanyletpiavosdepqb xwfanyle
xwfanylftpiavosdepqb xwfanylf
owfanylktpiavosdepab owfanyl
owfanygktpiaqosdipab owfanyg
owfaeygktpiaqosdipak owfae
oufaeygktpiaqhvdipak ou
luraeygktpiaqhvdtpak luraeygktpiaq
luraeygktpiaipvdtpdk luraeygktpiai
lmrpeygktpiaipvdtqdk lmrpeygk
lmrpeygztpiaimvatqdk lmrpeygztpiaimvatq
lmrpeygztpiaimvatwld lmrpeygztpiaimvatw
lmrpeygztmiaimvktwld lmrpeygztm
lmrpwvgztmiaimvktwli lmrpwvgztmia
lmrpwvgztmilimvktalc lmrpwvgztmil
ymrpwwgztmilibvktalc ymr
yorpwwgztmxlibvktvlc yorpwwgz
yorpwwgrtmxlihvktvlc yorpwwgr
ytrpwwgrtmxlihvktgjc ytrpwwg
ytrpwwrdtmxlihvktgjc ytrpwwr
ykrpwwrdtwxlihxktgjc ykrpwwrdtwxlihx
ykrpwwrdtwxlihtkagjd ykrpwwrdtwxliht
ykrgwwrdtwxlihtxagjd ykrgwwrdt
ykrgwwrdowxlehoxagjd ykrgwwrdo
yklgwwrdowxleioxagwd ykl
yqlgwwrdowxleioxagwj yqlg
yqigwlrdowxleioxaiwj yqi
cqigwlrdlwxletoxaiwj cqi
cgigwlrdcwfletoxaiwj cgigw
cgigflrdlwfletoxaiwj cgigf
cgfgflrdlwfletoxoiwj cgfg
cgffflrdzwfletzxoiwj cgffflr
cgffflfdztflezzxoiwj cgffflf
cgfiwlfeztflezzxoiwj cgfi
cgmiwufeztflezvxoiwj cgm
cnmioufeztflezvxniwj cn
bnmioufezkflewvxniwj bn
unmioufezkflewvxyiww unmi
unmcoufezkflewejyiww unmc
vnmroufezkflewejyiiw vnmr
vnmsoufehkflewejyiiw vnmsoufehkfle
vnmsoufehkflswejyitw vnmsoufehkfls
vimsouwehkfmswejyitw vimsouw
vimsoutehkfmswefyitq vimsout
eimsoutehkfyswefyitq eimsout
eimsouiqhkfyswufyitq eimsoui
eimsoeivhkzyswufyitq eimsoeivhkzys
eimsoeivhkzylwufaitm eimsoeivhkzyl
eimsoeivhkjylwjfaitw eimsoeivhkj
iimsoeivhkjdlwjfaijw ii
kimmoeivhkjdlwjfaijd kimmoeivhkjd
kimmoeivhkjalwjfaiqs kimmoeivhkja
kimmoeevhkjaltjfaiks kimmoee
kizmoeevlkjavtjfaiks kizm
kizdoefvlkjavtjfaibs kizd
kmadoefvlksavtjfaibs kmadoefvlk
kmadoefvlasavtjqhibs kmadoefvla
xmadoefvlasamtjphibs xmadoefvlasamtjph
xmadoefvlasamtjpeibd xmadoefvlasamtjpe
amadoefvlasamtjpeicd amadoefvl
amadoefvnasxmtjpeiud amadoefvn
aeadoefvnasmmqjpeiud ae
zeadoefvnasmmrjpeiuq zead
zeacoefvnasmarjpeiux zeac
neavoafvnasmarjpeiux nea
netvoafvnwsmarjpeiux netvoafvnwsm
netvoafvnwsharjpeiqx netvoafvnwsh
netvoafvowshaijgeiqx netvoafvo
netcoafvowsjaijgesqx netcoafv
netcoafbowsaaijgevqx netcoafbowsaa
netcoafbowsazwegevqx netcoafbowsaz
netcoafbowcszwtgevqx netcoafbowc
netzoafbowcsiwtgevqx netzoaf
netzoaobowcsewtgewqx netzoaobowcsew
netzoaobowcsebtgmwqx netzoaobowcseb
netzoaobowdsebtgmwqb netzoaobowd
netzoacbhwdsebtgmwqp netzoacbh
netzoacbjwdseatgswqp netzoacbj
netzoaxbjwmseatgswap netzoax
netnlaxbjwmseatghwap netn
nexnlaxbrwmseatghwap nexnlaxbrwms
nexnlaxbrwmneatghwuw nexnlaxbrwmn
nexnlnxbrpmneptghwuw nexnln
nexngkxbrpmneptghwuw nexngkxbrpmn
nexngkxbrpmjeprgywuw nexngkxbrpmj
bexngkxbrpmmeprgewuw be
kexngkxbrgmpeprgewuw kex
keingkxbrgmpeprgevuh keingk
keingexbxgmpeprievuh keinge
kzinxexbxgmpeprievuh kzinxexb
kzinxexpxgmpsprievuh kzinxexp
kzicxefpxgmpspuievuh kzicxefpx
kkicxefpwgmpspuizvuh kk
kzicxefptgmpspuizzuh kzicxefpt
kzicxecptgmpspugzzch kzicxec
khfcxetptgmpspugzzch khfc
khfkwetplgmpspugzzch khfkwetplgmp
khfkwetplgmbspuxzwch khfkwetplgmb
khfkwetpjgmbspuezwcf khfkwetpj
khfkwetujgmbscuezwci khfkwetujgmbscu
khfkwetujgmbscqxzwco khfkwetujgmbscq
kgfzwetujgmbscqczwco kgfzwetuj
kgfzwetuggmyscqczkco kgfzwetug
kgfzwetngcmyscqczkco kgfzwetn
kgfzwefngcmytcqczkcg kgfzwef
dgfzwefngkmytzqczkcg dgfzwefn
dgfzwefcgpmytzqclkcg dgfzwefc
dmfzwefcgomytzqclkpg dmfzwefcgomyt
dmfzwefcgomyszqclkpx dmfzwefcgomys
dhfzwwfcgomyszqclkix dhfzwwf
dhfzwwecgomyszqcykih dhfzwwe
dhfhwwrcgomyszbcykih dhfh
qhfhwwrcgomlszbxykih qhfh
qhfuwwrcgomlszlxykih qhfuwwrcgom
qhfuwwrcgoxlszkxyhih qhfuwwrcgox
qhfuwwrcxojlszkayhih qhfuwwrcx
qhfuiwrcxojlszkayhih qhfui
qzfuiwrcxomlpzkayhih qzfuiwrcxomlpz
qzfuiwrcxomlpukyyhih qzfuiwrcxomlpu
qzfuicrcxomlvukyyhih qzfuic
qzfuszrcxomlvukyyhbh qzfuszrcx
qzfuszrcwomrvukyyhzh qzfuszrcw
qzcrczrcwomrvukyyhzh qzcrczrc
qzcrczrfwwmyvukyyhzh qzcrczrf
tzcrcjrfwwmyvukyyhzh tz
tgcrcjrflwmyvukyywzh tgcrc
tgcrbxrflwmyvukyxwzh tgcrbxrflwmy
tgcrbxrflwmasukyxvzh tgcrbxrflwma
tgcrbxrflwjtsukhxvzh tgcrbxrflwj
tgcrbxrelwltsukhovzh tgcrbxre
ttcrbxrelwltsukhovqm ttc
ttprbxrelwltaukhonqm ttprbxrelwlt
ttprbxrelwlzacghonqm ttprbxrelwlz
ttprburelwlzacwhonqm ttprburelwlza
ttprburelwlzhcwhpnqo ttprburelwlzh
ttprbtrelwwzhcfhpnqo ttprbtre
ttprbtruhwwzhcfhpnqg ttprbtruhw
ttprbtruhfwnhcfhpnqg ttprbtruhf
ttprbtrunfwnfpfhpnqg ttprbtrun
tfprbcrunfwnspfhpnqg tf
hfprbcrunfwnspfopnqg hfprbcr
hfprbceunfwzspfopwqg hfprbce
hyprbheunfszspfopwqg hyprbheunfszsp
hyprbheunfszshfoywqs hyprbheunfszsh
hypbbheucfszshfoywqs hypb
hypwiheucfszshffywqs hypwih
hypwiwducfszswffywqs hypwiw
bypwieducfszmwffywqs bypw
bypjieducfszmwffymqk bypjiedu
bypjiedncfszawfkymqk bypjiedncfs
bypjiedncfgzawfkjuqk bypjiedncfg
bupjwedfcfgzawfkjuqk bupjwedfcfgzawf
bupjwedfcfgzawykjuuk bupjwedfcfgzawy
bupjfedfcfvzawykjuuk bupjfedfcfv
bupjfedfcfnoawykjuuc bupjfedfcfn
bupjfhdfcnuoawykjuuc bupjfhdf
bupjfhdccnuonwykjuug bupjfhdc
bppjphdccnuocwykjuug bpp
appjphdcbnxocwykjuug appjph
appjpmucbnxocwykjeug appjpmu
appjpmhcbnxocwykfeug appjpmh
appxpxhcbnxfcwykfeug appxpxhc
appxpxhubnxfcwyjfeeg appxpxhu
apcepxhubnxfcwyjfesg apcepxhubnxfcwyjfes
apcepxhubnxfcwyjfegu apcepxhubnxfcwyjfeg
vpcepxhubnxfcjyjgegu vpc
bpcepxhulnxffjyjgegu bpce
mpcepxhulnxfmjyjgmgu mpcepx
mpcepjhalnxfcjyjgmgu mpcepj
mpceodhglnxfcjyjgmgu mpceodhgl
mpceodhgjnxfcjbjgmsu mpceodhgj
mpceodzgjnxfijbagmsu mpceodz
opceodogjnxfijbagmau op
ogceodogjnxhijbagcau ogceodogjnxhijba
ogceodogjnxhijbrjbau ogceodogjnxhijbr
ogcroaogjnxhijbkjbau ogcr
oocroaogjnxkijbkjoau oocr
oochoaogjgxkijbkjoju ooch
ooohoaogjgxkijbkrkju ooohoao
ooohoaxgjgxkijbkrktc ooohoax
ooohoazgjgxkijakrklc ooohoaz
ioohmaznjgxkijakrklc ioo
iothmaznjgxkijdkdklc iothmaznjgxkijd
iothmaznjgxkijfkxkls iothmaznjgxkijf
iotymaznjgxkijlkxnls ioty
iotfmtznjgxkijlkxnls iotfmtzn
iotfmtzljgxkijckxnlu iotfmtzl
aotfmtzljjxkijckxplu aotfmtzl
aotfmtzwjjxkijjkxflu aotfmtzw
aotfmtuwjjxkijokxflu aotfmtu
aytfmtrwjjxkikokxflu aytfmtr
aytfmtdwjjxuikoyxflu aytfmtdwj
aytfmtdwwjxoikoyxflu aytfmtdwwjxoikoyxf
aytfmtdwwjxoikoyxllu aytfmtdwwjxoikoyxl
gygfmpdwwjxoikoyxllu gygfmpdww
gygfmpdwljxoikbyxldu gygfmpdwl
gygrmpdfljxoikbyxcdu gygr
rygrmpdfljxoikbyxcdc rygrmpdf
rygrmpdmljxoikcyxcsc rygrmpdm
yymrmpdgljxoikcyxcsc yymrmpd
yymrmpzgejxoiscyxcsc yymrmpz
yymrmpcgejxoascymcsc yymrmpc
ydmwmpcgejxoascymcnc yd
ybmwmpcgejxqascymcnc ybmwmpcgejx
ybmwmpcgejcqfskymcnc ybmwmpcgejc
ybmumpcgejckfsiymcnc ybmum
ybmuupcgejkkfsiumcnc ybmuu
hbmuupcgejkkasiumvnc hbmuu
hbmuipcgnjkkasiumsnc hbmuipcg
hbmuipcznjkkasikmsnc hbmuipcznj
hbmuipcznbakasikmhnc hbmuipcznb
lbmiipctnbakasikmhnc lbm
lbviipcdnbakasikmknc lbviipc
lbviipmdnbakasikmlna lbviipmdn
lbviipmdmbaxasikmlja lbviipmdm
lvviwpmdmbexasikmlja lv
vvxiwpmdmbexasikmlja vvxiwp
vvxiwdmdmbexzsukmlja vvxiwd
vvuiwdmdmbexwsukmljo vvuiwd
vvuiwnmdmbexwsudxljo vvuiwnmdmbexw
vvuiwnmdmbexssudxdco vvuiwnmdmbexs
vvuiwnmsmbexksudxdcg vvuiwnms
dvuiwnmsmbexkkudxdcg dvuiwnmsmbexk
dvuiwnmsmbexjkwrxdcg dvuiwnmsmbexj
dvuiongsmbexjkwrrdcg dvuio
gvuiqngsmbjxjkwrrdcg gvu
gauiqnglmbbxjkwrrdcg gauiqnglmbbxjkwr
gauiqnglmbbxjkwjzdce gauiqnglmbbxjkwj
gauiqnglmbbsjkwjgdhe gauiqnglmbbs
gauiqnglqubsjkwjgdho gauiqnglq
gauiznglqubsjkwhgdhw gauiz
gadiznglqujsjkwfgdhw gadizn
gadizgglqujsjkkhgdhw gadizg
gpdrzgglqujtjkkhgdhw gpdrzgglq
gpdrzggleujcjkkhgdhw gpdrzggle
lpkrzggleujcjkfhgdhw lp
tpjrzgkleujcjkfhgdhw tpjrzgkle
tpjrzgklnujejkfigdhw tpjrzgkln
tpgrzxklnujejkfiguhw tpgrzxklnujejkf
tpgrzxklnujejkvifuhw tpgrzxklnujejkv
tpgrzxxlfujzjkvifuhw tpgrzxx
tpgrzexlfujwpkvifuhw tpgrze
rpgrzeglfuswpkvifuhw rpgrzeglfuswpkv
rpgrzeglfuswpkxouuhw rpgrzeglfuswpkx
rporzeglfeswpkoouuhw rporze
rporzpglfesqpboouuhw rporzp
rpprzpglaesqpjoouuhw rpprzpgl
rpprzpgkaesqmjoouuhw rpprzpgk
rpprzpgtaxsqvjoouuhw rpprzpgt
rpprzkrtaxsjvjoouuhw rpprzkrtaxs
rpprzkrtaxpjvlgouuhw rpprzkrtaxp
rpprvkrtnxpjvljouuhw rpprv
rxprvkrtnkpjvljouujw rxpr
rxpdvkqtnbpjvljouujw rxpd
yxpdvkqtabpjvljorujw yx
yqpdvkqtaapjvljorujw yqp
yrpdvfqtoapjvljorujw yr
zrpdvfqtowpjvljorljw zrpd
zrpnvfetowpjwljorljw zrpnvfet
zrpnvfejowpjwljouljw zrpnvfej
zapnvfejzypjwljouljw za
zhpnvfpjzypjwljouljw zhp
zhjnvfqpzypjwljouljw zhj
zwjnvfqpzypjwlgmuljw zwjn
zwjlvvqpzlpjwlgmuljw zwjl
zmjrvvqozlpjwlgmuljw zmjrvvqozlpjw
zmjrvvqozlpjblgmugjw zmjrvvqozlpjb
zmjrvvqozlpjtlwmugjq zmjrvvqozlpjt
zmjrvvqmzlhjtlwmugjn zmjrvvqm
zmhuvvqmzlhjtlwmunjn zmh
wmuuvvqmzlhjtqwmunjn wmu
wmauvvamzlhjtqwmunjm wmauvvamzl
wmauvvamzchjjqjmunjm wmauvvamzc
wmauvvamzthjjqjmunzm wmauvvamzt
wmauvvxmzthnjqjmunzm wmauvvx
wmauvsxmzthzjqjbunzm wmauvsxmzthzjq
wmauvsxmzthzjwybknzm wmauvsxmzthzjw
smauvsxmztpzjwybznzm smauvsxm
smauvsxyztzzowybznzm smauvsxy
smauvsxwztzzowybznzm smauvsxwztzzowy
smauvsxwztzzowlbfnam smauvsxwztzzowl
smauvsxpztzzowlbfnab smauvsxp
smauvszpztzzowllfnab smauvszpztz
smauvszpztmeodllfnab smauvszpztm
smauvfzpztmejdlnfnab smauvfzpztm
smauvfzpztjejdlnfcfb smauvfzpztj
smauwfkpztjejdlnhcfb smauw
smpwwfkpzgjejdlnhcfb smpw
smpqwfkpzgjejdlqhcfc smpqwfk
smpqwfzppgjejdlqkcfc smpqwfzppgjejdl
smpqwfzppgjejdzqkcic smpqwfzppgjejdz
smpqyfzppgjejdzqkcir smpqy
mmpqyfzppgxzjdzqkcir mm
mgpqyfzppgxzjkzqkcir mgpqyfzppgx
mgpqyfzppghzjkmqjcir mgpqyfzppgh
hgpqyfpppghzjkcqjcir hgpqyfpp
hgpqyfpspchzjlcqjcir hgpqyfpsp
hgpqyfpsychzjdcqjcir hgpqyfpsy
hgpqyfpsecgzjdcqdcir hgpqyfpse
hgpfytpsecgzjdcqdcmr hgpfy
hgpfstpsjcgzjdckdcmr hgpfs
impfstpsjcgzjdckwcmr impf
impkstpsicgjjdckwcmr impkstpsicgj
impkstpsicgajdckwcmz impkstpsicgajd
impkstpsicgajiozwcmz impkstpsicgaji
impkstpuicgariszwcmz impkstpu
impkwtpuicgardszwckz impkw
impkytpuicgfrgszwckz impky
ikpkytpuicgfrgqzwlkz ikp
ikhkygpuicgfrgqzglkz ikhk
ikhzygopicgfrgqzglkz ikhz
ikhrcgopicgfrgyzglkz ikhrcgopicgfrgyz
ikhrcgopicgfrgysglew ikhrcgopicgfrgys
ikhrcgonbcgfrgysglew ikhrcgon
ikhrcsonbpgfrgysvlew ikhrcs
ikhrchgnbpgfrgysvlew ikhrchg
ikhrchnnbpglrgksvlew ikhrchn
ikhrahntypglrgksvlew ikhrahn
ikhrahudypglogksvlew ikhrahu
ikhqahpdypglogksvlew ikhqahp
ikhqahldypglodksvjew ikhqahld
ikhqahloypglveksvjew ikhqahlo
ikhqahqoypglvekcmjew ikhqahq
ikncahhoypglvekcmjew ikncahhoypgl
ikncahhoypgnvekzmjhw ikncahhoypgn
ikkcahhoypgnvkkzmjvw ikk
iakcahhoypgnvkkzmovw ia
eakcahhoypgnvikjmovw ea
eckcahdoypgnvikjiovw eckc
eckmahdoypgnkikjiohw eckm
eskmahdoypgnkikjiohw eskmahdoyp
eskmahdoydgnkdkjibhw eskmahdoyd
eskmahdiydnnkdkjibhw eskmahdi
eskmahmxydqnkdkjibhw eskmahm
eskyahmpydqnkdkjihhw esky
escychmpydqnkskjihhw esc
ewcychmeydqnkskjihhw ewcy
hwcychmetdqskskjihhw hwcychmetdqsks
hwcychmetdqskrkjihhw hwcychmetdqskr
hwcychmefdqsbrkjehhw hwcychmef
hwwcchmefdqsbrkjehhw hww
hcwccqmefdqsbrkjehhw hcwccqm
hcwccqkefdqsbrkbewhw hcwccqk
hcwwcqkefdqqbrkbeqhw hcwwcqkefdqqb
hcwwcqkefdqqarkbwqhw hcwwcqkefdqqa
hbwwckkefdqqarkbwnhw hbww
hbwsckkefdqqarzbwnhw hbws
hbgsckkefdhqarzbwnhw hbgs
hbgqckkefdhmarzbwnhf hbgq
hrgqckkefdqmarzkwnhf hrgqck
hrgqcmkefdnmarzkwahf hrgqcm
hjgqdmkefdnmarzkwahf hj
rjgqdmksfdnmarzkwahf rj
bjgqdmkifdnmarzkwahf bjg
bjrqimkifdnyarzkwahf bjrq
bjrlimkrpdnyarzkwahf bjrlim
bjrlijkrpdnyarzkkahv bjrlij
ujrmijkrpdnyarzkkahv ujrmijkrpd
ujrmijkrphnyarzkkavh ujrmijkrph
ujrmijkqphnyarlkkxvh ujrmijkqphnyar
ujrmijkqphnyanlqkxvh ujrmijkqphnyan
ajrmimkcphnyanlqkxvh ajrmim
ajrmiukcpenyaylqkxvh ajrmiu
ajtmiukcpenyaylckjvh ajt
bjtmiukcpeuyaylckjvh bjt
bmtxiukcbeuyaylckjvh bmt
bltxiukcneuyaylkkjvh bltxiu
bltxiklcneuyaylekjvh bltxiklcn
bltxiklczruyaylecjvh bltxiklczruyayl
bltxiklczruyaytecjza bltxiklczruyayt
bltxiklczouynytecjza bltxiklczo
brtxiklczauynytecjza brtxiklczauynytec
brtxiklczauynytetdza brtxiklczauynytet
brtxirlczauykyhetdza brtxir
bwtqirlczauykthetdza bw
nwtqirlczauykthetdta nwtq
nwtnirhczauykthetdta nwtni
nwtnlrhczauykzhhtdta nwtnlrhc
nwtnlrhtzaugkzhhtdta nwtnlrht
nwtvlrhtzawgkzhhjdta nwtvl
nwtvsrhtzawgkzhhjdda nwtvs
nwtxsrhtzawrkzhhcdda nwtx
swtxirhtzairkzhhcdda sw
sktxirktzairkzhwcdda sk
cktxirktzaxrkbhwcdda cktxirktz
cktxirktqajrkbhwcbda cktxirktqajrk
cktxirktqajrxbhwcbda cktxirktqajrx
ckpxyrktqajrxkhwcbda ckpxyrktqajrxkhwcbd
ckpxyrktqajrxkhwcbta ckpxyrktqajrxkhwcbt
ekpxyrktqajrxthwybta ekpxy
ekpxdsktqakrxthwybta ekpxdsk
ekpxdsutqakexthwybba ekpxdsu
ekpwdsuwqakexthaybba ekpw
ekqxdsuwqakexthaybua ekq
eksxdsuaqfkexthaybua eksxdsuaqfke
eksxdsuaqfktxthfyzua eksxdsuaqfkt
eysxdsuaqfktxthwyzua eysxds
eysxdruaqfhtxthwyyua eysxdruaqfh
eysxdruaqfutxthwdyua eysxdruaqfu
eysxdfuyqfutxyhwdyua eysxdf
enkxdfuyqfctxyhwdyua enkxdfuyqfct
enkxdfuyqfcgxyhwqyza enkxdfuyqfcg
enkxdfdyqfcgxyhwgyua enkxdfd
enkjdzdtqfcgxyhwgyua enkj
etnjdzdtqfcgxihwgyua etn
etttdzdtqfctxihwgyua ettt
ettbdzdtqfytxihggyua ettb
estbdpdtqdytxihggyua estbdpd
estbdputqdyvxiwggyua estbdpu
esibdputquyvxiwglyua esibdputquyvxi
esibdputquyvxawgllua esibdputquyvxa
elibnputquyvxawgqlua el
llibnputquyvqawgqlux llibn
llibsputquyvqawgqzux llibsput
llibspugquyvqawgqzux llibspug
lliblgugquyvqywgqzux llibl
lliulgugxuyvnywgqzux lliu
nliulgugxuyvnywgqzxa nl
fliupgogxuyvnywgqzxa fliupgogxuyvnyw
fliupgogxuyvnycgqzxl fliupgogxuyvnyc
frikpgogxuyvnycgqzjl frikpgogx
frikpgogyuyvnycgqzvl frikpgogy
frihpgogyiyvnycgqcvl frih
frwhpgogyiyvnycgqcvg frwhp
frwhdgogyiyvnfcgqcvf frwhdgogyiy
frwhdgogyievnpcgqcvf frwhdgogyie
frwhdgodyievnpsgqrvf frwhdgod
frwsdgozyievnpsgarvf frwsdgoz
frwsdgooyieqnpsgarvf frwsdgoo
frwsdrooyieqfpsgarvf frwsdrooyi
frwsdrooyveqfpsnarvf frwsdrooyv
frwsdbooyveqipdnarvf frwsdb
bmwsdboxyveqipdnarvf bmwsdb
bmwsdmoxyveqppdnjrvf bmwsdm
lmwsdtoxyveqpppnjrvf lmwsd
lmwsitoxyvuqpppnjvvf lmwsi
hewsitoxyvuqpppnkvvf hew
hezsitoxyvuqpbpnkcvf hezsi
hezsyloxyvuqpbpnkcvf hezsy
hepsilojyvuqpbpnkcvf hep
yeasilojnvuqpbpnkcvf yea
yeesilojnruqpbpnkcvf yee
yuesilojnwuqpbpnkzvf yue
yiesilornwuqpbpnszvf yiesilornwuqp
yiesilornwuqtepnslvf yiesilornwuqt
yfesilornwuqtopnelvf yfe
yfzsilornwuntopnelif yfz
yfusilhrnwuntopneiif yfu
yimsilhrnwuntopleiif yims
nimsilhrnwentvpleiif nimsilhrnwentvp
nimsilhrnwentvhlriif nimsilhrnwentvh
nimsimhrnkentvhlriif nimsimhr
nimsimhfzkeetvhlriif nimsimhf
jimeimhfzkeetohlriif jimeim
jimeiphfzkeetghlrpif jimeiphfz
jimeiphfgkeptohlrpif jimeiphfg
jimeiphfdkehtohmrpif jimeiphfdkehtohmrpi
jimeiphfdkehtohmrptk jimeiphfdkehtohmrpt
jiveiohfdpehtohmrptk jiv
jiqeiopfdpehtohmpptk jiqeiop
jiqeiogfvpehtohmpptj jiqeiog
jiqeikgfvpehtohsppdj jiqeikg
jineikgfvpehtohspeyj jineikg
jineiknavpehtohspeyj jineikn
jiqeiknazpehtohspeyj jiqeikn
jideiknizpehtohzpeyj jid
jjdeiknizpehtohqweyj jjdeikni
jjdeiknhzpphzohqweyj jjdeiknh
jjdeiwnvzpphzolqweyj jjdeiw
jjdelrnvzpshzolqweyj jjdel
jjuelrnczpshzopqweyj jjuel
jjueprnozplhzopqweyj jjueprnozplhz
jjueprnozplhjopqweyj jjueprnozplhj
jjueprnotplhjopqfeyj jjueprnot
jjuenrnotplhjopqfeyj jjuen
jjusnrnotplhjupqfhyj jjusn
jjusyrnotplhjufqfhnj jjusyrnotplhj
jjusyrnotplhyofhfhnj jjusyrnotplhy
jjusyrnotphhyofhflnj jjusyrnotph
jjuayrnoiphhyofhflnl jjua
jcumyrnoiphhyofhqlnl jcumyr
jcumydnbiphhyoghqlnl jcumyd
jcupydnbipthyoghqknl jcupydnbip
jcupydnbihthyoghrknh jcupydnbih
jcupfdnbyhthyoghrinh jcupfdnby
jcupfdnbohthyogjoinh jcupfdnboh
jcupfdnbouthyowcoinh jcupfdnbou
jctpfdnbputhyobcoinh jctpf
jctpudnbwuthyobcoihh jctpu
jctuudnbqubhyobcoihh jctu
jcsucdnbqulhyobcoihh jcsucdnbq
jcsucdnbwplhyobcoihh jcsucdnbw
jcsucdobwpldyobcochh jcsucdobwpldyo
jcsucdobwpldyxbcochh jcsucdobwpldyx
jcslcdopwpldyvbcochh jcslcdopwp
jcslcdopwgldyvdcochh jcslcdopwg
ccslcdoprcldyvdcochh cc
ckslcdoprcldrvdcochq cks
cjslcdoprcldrvdcoywq cjslc
cjslmdoxrcldrvncoywq cjslm
clslmdoxrcldrvncryvq clslmd
clslmiixrcldrvncsyvq clslmiixrc
clslmiixrvlmrvxcsyvq clslmiixrv
clslmwixrvlmfvxcsyvq clslmwixr
clslmwixcvjmfvvcsyvq clslmwixc
clsvmwkxcvjmfvvceyvq clsv
clsymwkvcvjmfvvceyvo clsym
clsyfekvcvjmfvvcpyvo clsyfek
clsyfegvcvjmnvvcpygo clsyfegvcvjm
clsyfegvcvjwzvgcpygo clsyfegvcvjw
clsyfegvcjjwzvgcoygo clsyfegvcj
clsdfegvcjjwzvgcougi clsdfe
clsdfmgvbjjwzvgcouyi clsdfm
clsddmgvbjjwzvgvouyj clsddmg
clsddmlvihjwzvgvouyj clsddml
clsddmwvihjzcvgvouyj clsddmwvih
clsddmwvijjzcvgzxuyj clsddmwvij
clsddmwtiwjzcvgzxiyj clsddmwt
clsddmctiwjecvgzxiyj clsddmc
clsdqmctiwjecvgtxiyj clsdq
flsdqgctiwjecvgtxiyj fls
flbdqgctiwjemagtxiyj flb
flkdcgctiwjemagtxcyj flkdc
flkdogctiwjemagtxcyq flkdo
