ineocnhrefwldjnsqhnx ineo
ineecnhrefwldjfsqhcx inee
inexcnhrekqldjfsqhcx inex
idexclhxekqldjfsqhcx idexcl
idexcthxekhldjfsqocx idexct
iduxctgxekhldjfsqotx iduxctgxekhld
iduxctgxekhlzvfsqokx iduxctgxekhlz
iduxcsgxeehlzvjsqokx iduxcs
vduxssgxeehlzvjsqokx vd
vnuxssgxexhlzmjsqokx vn
inuxssgxenhfzmjsqokx inuxs
inuxlqgxeehfzmjsqokx inuxlqg
inuxlqxxeehfzujsqoki inuxlqx
insxlqxxeeofzujsqqki insxlq
insxlwcxeeofztjsqqki insxlw
onzxlwcxeeofztjsqqki onzxlwcxeeof
onzxlwcxeeohzyjsqqki onzxlwcxeeoh
onzxlwcwedohqyjsqqki onzxlwcw
onzxlwpwedohqygsqqkh onzxlwp
onzxlspwedooqygsqqkh onzxls
ehzxlspwedooqygsqqkh ehz
ehqxlwpwedosqygsqqkh ehq
nyqxlwpwelosqygsqqkh nyqxlw
nyqxllgwelosqygsqqkq nyqxll
yyqxllgwelosqygshqkq yyqxll
yyqxlogwelosqygshakg yyqxlo
yrqxlogwelojqxgshakg yrq
yrxxlogwehocqxgshakg yrxxlogwe
yrxxlogwihogqxgshxkg yrxxlogwi
yrxalogwihotqxgshxkk yrxalog
yrxalodwihhtqxgshxkk yrxalodw
yrxalodsihctqxgsnxkk yrxalods
yrxalodpihcbqxgshxkk yrxalodp
yrxilodpihnbqxgshikk yrxilo
yrxilqdpipnbqxgshikk yrxilqdpipnbqxgshi
yrxilqdpipnbqxgshqkb yrxilqdpipnbqxgshq
yrxilqdpipnbqxgdpqkb yrxilqdpipnbqxgd
yruilqdpipnbqegdpdkb yru
ytuilqdpipfbqeudpdkb ytuilqdpi
ytuilqdpzpfbqeuzpdkc ytuilqdpz
yfuilqdpzpfbqewnpdkc yf
jfuqlqdpzpfbqewnpdkc jfuqlqd
jfuqlqfpzpfjqewzpdkc jfuqlqf
jeuqlqtpzpfjqemzpdkc jeu
jelrlqtpzpnjqemzpdkc jelrlqtpz
jelrlqtpgjnjqemzpdkf jelrlqtpgjnj
jelrlqtpgjnvcemzppkf jelrlqtpgjnv
aelrrqtggjnvcemzppkf aelrrq
aelrrotggjnvcjmzppkg aelrro
amlrrotglnnvcjmzppkg am
