jkeiwqsoadplcjyejjxu jkeiwqs
jkeiwqkoudplcjysjjxu jkeiwqkoudplcj
jkeiwqkoudplciqsjjxu jkeiwqkoudplci
jqeirqkoudplciqsjcxu jqeirqko
jqeirqkcudpsciqsjctu jqeirqkcudp
jqeirqkcudojciqrjctu jqeirqkcudojciqr
jqeirqkcudojciqjjcts jqeirqkcudojciqj
jqeirqkcuiocciqjjcts jqeirqkcui
jqeirhkcuitccaqjjcts jqeirh
zqvirhkcuidccaqjjcts zq
xqvtrhkbuidccaqjjcts xqvtrhkb
xqvtrhkxuidcaaejjcts xqvtrhkx
uqztrhkxuidcaaejjhts uqztrhkxuidcaa
uqztrhkxuidcadejjots uqztrhkxuidcad
uqztrhkxuidyafejjvts uqztrhkxuidy
uqztpfkxujdyafejjvts uqztpfk
uqztpfulujdyafejjvks uqztpfu
uqztffuqujoyafejjvks uqztf
uqzbffuqkjotafejjvks uqzbffuq
uqzbffupkjoeafejjvks uqzbffup
xqzbffupkjoedfejjgks xqzbffu
xqzbffzpkjofdeejjgks xqzbffz
xqzhffzpkjondzejjgks xqzh
xqzqffzpujofdzejjgks xqzq
lqzqffrpujofdzejjzks lqzqffr
lqzqffwpujofdzejjsks lqzqffw
lizqffwpujafdzeqjsks li
rizzffwpujyfdzeqjsks rizzffwpu
rizzffwptiyfdzeqjsgs rizzffwptiy
rizzffwptiufdzeqjggs rizzffwptiu
rizdffpptiufdzeqjggs rizdffppti
rizdffpptaufdzeqjggu rizdffppta
mizdafpptaufdxeqjggu mizdafpp
mizdafpjtahfdxeqjggu mizdafpj
gizdafojtahfexeqjggu gizdafojtah
gizdafojtaofqxeqjgzu gizdafojtao
gqzgafoetaofqxeqjgzu gqzga
gqzgzfoetnyfqxeqjgzu gqzgzfoet
gqzgzfoeknyfqxeqjgwd gqzgzfoek
gqzhzfheknffqxeqjgwd gqzh
gqhhzfheknffqxeqwgwf gqhh
gqhkzfheknffqxmqwgwf gqhkzf
gqhkzeheknffyhmqwgwf gqhkzehe
gqhkzehyknffyhmrygwf gqhkzehy
gqckpehyknffghmrygwf gqckpehyknffgh
gqckpehyknffgjmryswf gqckpehyknffgj
gqclpehyhnefgjmryswf gqcl
yqchpehyhnefggmryswf yqchpehyhnefggmr
yqchpehyhnefggmccssf yqchpehyhnefggmc
kqchpyhyhnefggmccsse kqchpyhyhnef
kqchpyhyhnedvgmccsze kqchpyhyhned
kqchpyhyhaegxgmccsze kqchpyhyhaeg
kqchpyhyhaexxgtccsze kqchpyhyhaex
kqchpchyhauuxgtccsze kqchpc
kqccpchyhauuxstccsze kqcc
krccpchyhauuxsmccszl krcc
krclpchyhauuxsmkcszu krclpchyhauux
krclpchyhauumsmkyuzu krclpchyhauum
krclpchyqajumsmkduzu krclpchyq
krclpchoqajumemkdgzu krclpcho
krrlpchoqghumemkdgzu krrl
krrvpchoqghumemkbgcu krrv
kfrvpchoqghumtmkbgcu kfrvpc
kfrvpvhofvhumtmkbgcu kfrvpvhofvh
kfrvpvhofvjuqtmkbgcu kfrvpvhofvj
kfrwpvhofvjuqqmkbgcu kfrw
hfrrpvhffvjuqqmkbgcu hf
herrpvhffvjuqqmkagcu herrpvhf
herrpvhlfvxwqqmkagcu herrpvhlf
herrpvhlhvxwqqmkaghm herrpvhlh
terrpvhlhvxwqqmaaghm te
tyrrpvhlhvxwfqmaaghr tyrrpvhlhvxwfqma
tyrrpvhlhvxwfqmyelhr tyrrpvhlhvxwfqmy
tyrfpvhlhvxwoqmyhlhr tyrf
xyrfpvllxvxwoqmyhlhr xyrfpvllxvxwoqmy
xyrfpvllxvxwoqmthlhr xyrfpvllxvxwoqmt
uyrfpvllxvxwoqmwhlhq uy
zyrfnvllcvxwoqmwhlhq zyrfnvllcv
zyrfnvllcrywoqmwhlhk zyrfnvllcr
zsrfnvlicrywoqmwhlhd zsrfnvlicrywoqm
zsrfnvlicrywoqwahlho zsrfnvlicrywoqw
mswfnvlycrywoqwahlho mswfn
mswfwvlmcrywoqwahlho mswfw
msifwvlmfrywjqwahlho msi
muiwrvlmfrywjqwahlho muiwrvlmfry
muiwrvlmfrcwjqwaxlho muiwrvlmfrc
muiwzvljfrcwjqwaxlhh muiwz
muifzvljfrcwjqkaulhh muif
mujfzvlifrcwjqkaumhh mujfzvlifrcw
mujfzvlifrcajqknrmhh mujfzvlifrca
mujfzvlifrgavqknrmph mujfzvlifrg
gfjfzvlihrgavqknrmph gfjfzvlihrgavqknrm
gfjfzvlihrgavqknrjum gfjfzvlihrgavqknrj
gfjhzvlihrgnvqknrjum gfjh
gljhzvlihugnvqknrjum glj
glmhzvaihugnvqknijum glmhzvaihu
glmhzvaihygxvqknilum glmhzvaihy
gpmhzvaihydxvqknllum gpmhz
gpmhhvuihydxvqknllum gpmhhvu
gpmhhvzihydxvqknglcm gpmhhvz
dpmhhvzihydxeqqnglcm dpmhhvz
dpmhhvkihyjjeqqnglcm dpmhhvk
dpmhhvqihyjjeqqxglmm dpmhhvqihyjje
dpmhhvqihyjjmqvxglml dpmhhvqihyjjm
dcmhhvqihyjjoqvxvlml dcmhhvqihyj
dcmhhvqihyajoqqxvlmh dcmhhvqihya
dcmhhvqihohjoqqqvlmh dcmhhvqiho
ocmhhvqihohjoqqqvlsz ocmh
gcmhhyqihohjoqqqvlxz gcmhhyqiho
gcmhhyqihwhjoqqqwlxz gcmhhyqihw
gsmhhyqihwhjoqqnwlrz gs
lsmhhyqxtwhjoqqnwlrz lsmhhyq
lsmhhyrxtwproqqnwlrz lsmhhyr
lsmhhyuxtwaroqqswlrz lsmhhyu
lgmhhsuxtwzroqqswlrz lgmhhsuxtw
lgmhhsuxtvzroqqsnlrz lgmhhsuxtv
llmhhsuxcvzroqqsnlrf llmhhs
llmhhcuxcvzrjqqsnhrf llmhhc
llmhhduxcvzrjwqshhrf llmhhd
llmwhdqxyvzrjwqshhrf llmwh
llmwpdqxyvzrjmsshhrf llmwp
lltwpdqxdvzrjmsihhrf llt
lytwldqxdvzrjmjihhrf lytwldqxd
lytwldqxlvzrjmjihhrf lytwldqxl
lytwldqilvzmbmjihhrf lytwldqi
lytbldqilvzmbmjihhrd lytbldqil
lytbldqivhzmbmjixhrd lytbldqiv
lytbldqkvhzmbmjhxhrd lytbldqk
lyjildqkvhzkbmjhxhrd lyj
lujiltqkvhzkbmjhxhrd lujiltqkvhzkbm
lujiltqkvhzkbuphghrd lujiltqkvhzkbu
lujtlfqkjhzkbuphghrd lujt
luetlfqkjhzkpwphghrd luetl
luetdfxkjhzkpwphghrd luetdfxkjh
luetdfxkjyzkpxphshrd luetdfxkjy
luewdfxkjyzkpxphcsrd luew
muewdfxkjyxkpxshcsrd muewdf
muewdhxkjyxkpxnhcsyd muewdhxkjy
muewdhxkjoxfpxnhcnyd muewdhxkjo
meewdhxkjoxffxchcnyd meewd
meewihxkjajffxchcnyd meewihx
meewihckjajgfxchcsyd meewihckjajgfxch
meewihckjajgfxcpcsyv meewihckjajgfxcp
meeaohckjajgfxcpcsgv meeaoh
meeaodcfrajgfxcpcsgv meeaod
meeaoecfeajefxcpcsgv meeaoecfe
meeaoecfjajefxapcsgg meeaoecfj
meeaoezfjajkfxapcscg meeaoezfjajkfxa
meeaoezfjajkfxtpcsyg meeaoezfjajkfxt
mebaoezfjajhfxtpcsyg meba
webaoezfcajhfxspcsyg web
weiaoekfcadhfxspcsyg weiaoekf
weiaoekzcadhfxspcmyg weiaoekz
leigoekzcadhfxtpcmyg leigoekzcadhfxt
leigoekzcadhfxopcxzg leigoekzcadhfxo
leigovkzcadhaxypcxzg leigov
ldjgovkzcadhaxypcxfg ld
zdigxvkzcadhaxypcxfg zdig
zdixxvkzcanhaxypcxzg zdix
zdibqukzcanhaxypcxzg zdib
zdybqukzcanhazypcxzg zdyb
zoybqukzoanhazyptxzg zoy
toybqukzoansaoyptxzg to
tkybqukboansxoyptxzg tk
tsykqukboansxoyptxfg tsykqukboan
tsykqukboamsxodptxfg tsykqukboam
tsjkqukboamsxwdptxfi tsjk
tsjvhukboamsxwdpthfi tsjvhukboam
tsjvhukboadsxwdpapfi tsjvhukboad
tsjvwuxboadsxwdwapfi tsjvw
tsjewlxboadsxwdwaifi tsje
osjcwlxboadsxwdwavfi osjcwl
osjcwsxeoadsxwdwnvfi osjcwsx
osjcwsyezadsxwdqnvfi osjcwsy
fsjcwsyezadsywdqnvfp fsjcwsyezad
fsjcwsyezauspwzqnvfp fsjcwsyezau
fsjcwdyezauspzzlnvfp fsjcwd
dsjczdyezauspzzlnvfp dsj
ddjczdyezauspkzlgvfp ddj
fdjczdyedauspkzlgvfp fd
fnjczdyedausnkzlgvfp fnjcz
fnjctbyexausnkzlgvfp fnjct
fndchbyexausnkzlgcfp fnd
nndchbyexpusnkzlvcfp nndc
nndtobyexpusnkzyvcfp nndt
nvdtobyxxprsnkzyvcfp nvdt
nvdcgbyxuprsnkzyvcfp nvdc
nbdcgbyxuprstkzyvcfp nbdc
nbdmgttxuprstkzyvcfp nbdmg
nbdmjttxutrstkzyvcfz nbdmjttxu
nbdmjttxktrstezyvcfy nbdmjttxk
nbdmjttxbtrstezyvcvy nbdmjttxb
nbumjttxbtrsteryvcvy nbumjtt
nbumjtmlbqrsteryvcvy nbumjtmlbqrste
nbumjtmlbqrstfruvcvy nbumjtmlbqrstf
nbumjtslyqsstfruvcvy nbumjts
nbuqjtslyqsftfruvevy nbuq
nuuwjtslxqsftfruvevy nuuwjtslxqsftfruvevy
nuuwjtslxqsftfruveve nuuwjtslxqsftfruveve
nuuqjtslxqsktfruveue nuuqjts
nuuqjtzlxesktfruveuo nuuqjtzlx
nuuqjtzlqesttfmuveuo nuuqjtzlq
nuuqjtzguesttfouveuo nuuqjtzgues
nuuqjtzgueuttfrfveuo nuuqjtzgueu
nuuqjtzgejuitfrfveuo nuuqjtzge
buuqztzgejuitfrfveuy buuqz
buuqxczgejuitfrfveey buuqx
buuqgczgejuityrfteey buuqg
juuqgczgejuityrxtpey juuqgczgeju
juuqgczgejfityuxepey juuqgczgejf
fuuqgizgejfityuxepep fuuqgi
fuuqgrzjejfipyuxepep fuuqgr
fvuqgrzjekfipyuxepet fv
ftuqgrzbekfioyuxepet ft
ytuqgrzbekfiryuxepet ytuqgrzbe
ytuqgrzbqjfiayuxepet ytuqgrzbq
ytulgrybqjfiayuxwpet ytul
ywulglybqjfiayuxwpet ywul
ywuhilybqjfiayuxwpet ywuhily
ywuhilmaqjfiayuzwpet ywuhilmaq
ywuhilmavjkiayuzwpet ywuhilmav
ybuhilmavjkiayuzvpft yb
yemhilmjvjkiayuzvpft yemh
yemsilmcvjkiayuzvpft yemsilm
yemsildcvjkkayuzvpfr yemsild
yewsildevjkkbyuzvpfr yewsildev
yewsildefybkbyuzvpfr yewsildef
yewpildefyckbyuzvpfr yewp
yeppiodefyckbyuzqpfr yeppiodef
yeppioderzckbyuzspfr yeppioder
yeppipderzckbmuzspff yeppip
keppipderzckbmlzspfo keppipderzc
keppipderzhkbmrzspfo keppipderzhkb
keppipderzhkamrzspio keppipderzhka
keppipdwbzhmamrzspio keppipdw
kephiydwbzhmamszspio keph
kedhiydwbzhmsmszspio kedhiy
kedhiudwbzhhsmszsppo kedhiudwb
kedhiudwlzhssmsasppo kedhiudwl
kemhiudwlohssmsasmpo kemhiudw
kemhiudhlohssmpasmqo kemhiudh
kvmhiudhlohssmpabbqo kvmh
kvmsiudhldhssmwabbqo kvms
kqmgiudhldhsrmwabbqo kqmgiudh
kqmgiudyddhsrmwabbqo kqmgiudy
kqmgoulyddhsrmwabbqo kqmgoulyddhs
kqmgoulyddhqrawabbqo kqmgoulyddhq
nqmgoutyudhqrawabbqo nqmg
nqmrontyudhqraeabbqo nqmrontyudhq
nqmrontyudhjraowbbqo nqmrontyudhj
nqmeontymthjraowbbqo nqmeon
nqmeowtfmthjraowbbbo nqmeowtfmthjr
nqmeowtfmthjxaowbbww nqmeowtfmthjx
nqmeowtfmtdjjsowbbww nqmeowtfmtd
nqmeoqtfmidjjsowbbww nqmeoqtf
nqmeoqtymidjjsoybbwi nqmeoqty
qlmeoqtymidjjsoybbwi ql
nameoqtymidjjboybbwi nameoqtymid
nameoqtymiwjjsoybbwi nameoqtymiw
nqmeoqaymiwjjsoyebwi nqmeoqaymiwj
nqmeoqaymiwpjsvywbwi nqmeoqaymiwp
nqmeoqayuiwpjsvgwbwc nqmeoqayu
nrmeoqayuiwpjevgwcwc nr
nhmeoyayuiwpjevgwcic nhmeoya
nhmeoysyuiwpjevgwzic nhmeoys
nhmeoylyuiwojevgwzim nhmeoyl
khmewylyuiwojevgjzim khmewylyuiwojevg
khmewylyuiwojevdjzkm khmewylyuiwojevd
khmedylyutwojevxjzkm khmedy
khmedzuyuttojevxjzkm khmedzu
khmedzkylttojevxjrkm khmedzkylttojevx
khmedzkylttojevbjihm khmedzkylttojevb
khmedzkylthojevvjihx khmedzkylth
khmefzkylthojevgkihx khmefz
khmefskyuthojevgkihx khmefs
uhmofskyuthojetgkihx uhmo
uhmrfskyuthojetgkyxx uhmr
thmrfskyuthojetckyjx th
tgmrfxkyuthoeetckyjx tg
zgmrfxkyuthhektckyjx zgmrfx
zgmrcxkzuthhektikyjx zgmrcx
zgmrcckzutihektilyjx zgmrcc
zgmrfckzusioektilyjx zgmrfckzusioek
zgmrfckzusioemtiwyjl zgmrfckzusioem
zgmrfckwuczoemtiwyjl zgmrfckw
zfmrfckwumxoemtiwyjl zfmrfckwum
zfmrfckwuixohutiwyjl zfmrfckwui
zfcrfckwuixohutwqyjl zfc
bfcrfcswuitohutwqyjl bfcrf
bfcricswuitohutwfyzl bfcri
pfcricswuiuojutwfyzl pfcrics
pfcriclwukuojulwfyzl pfcriclw
pfcriclqukuklulwfyzl pfcriclq
pfcrqclqbkunlulwfyzl pfcrq
pfcrtclqbkynlumwfyzl pfcrtc
pfcrtjlqbkynlidwfyzl pfcrtj
pvcrtjlqbklnlidwfyzl pv
pocrtjlqbklnlwdwfyzd po
gocrtjoqbklnlwdwpyzd goc
gozrtjoqbklnlwdwxyzd gozrtjoqbkl
gozrtjoqbkxnlwdwfnzd gozrtjoqbkx
gozvtjbqbkxclwdwfnzd gozvtj
gozvtlbqbkxmlwfwfnzd gozvtl
uozvtkbqbkxmlwfwfnrd uozvtk
uozvthbmbkxmlgfwfnrd uozvth
uozqthbmbkxmlgfxfnro uozqthb
uozqthrmvkxilgfxfnro uozqthrmvkxi
uozqthrmvkxjljfxfcro uozqthrmvkxj
uozqthrtvkxjljfxfcrq uozqthrt
aozqtxrtvkxjljfxftrq aozqtxrtvkxjljf
aozqtxrtvkxjljxxdtre aozqtxrtvkxjljx
gozqtxrtvkxjljxxozre gozq
gozutxrmvkxjljxxozre gozu
oozutxrmokxjljxxozrv oo
oczutxrmokxjljxxozyg ocz
oqzutxrmokzjljxxozyg oqzutxrmo
oqzutxrmjfzjloxxozyg oqzutxrmj
oqzutmrmjbzjlfxxozyg oqzutmrmjbzjlfx
oqzutmrmjbzjlfwxozyg oqzutmrmjbzjlfw
gqzutmrqjbzalfwxozyg gqzu
dqzutmrqjbzzlfwmozyg dq
dyzutmrqjbzzlfwmomyg dyzut
dyzubmrqjbzzvftmomyg dyzub
dyzbbmrqjbzzvftmomxo dyzbbm
dyzbbyrqjbezvftmobxo dyzbby
dyzbbfrqjbezvftbobxg dyzbbfrqjb
dyzbbfrqjeezoftbobxt dyzbbfrqje
dyzbbfrjjeezoftbtbxx dyzbbfrj
dyzbbfrojexzoytbtbxx dyzbbfro
dyzbvfrojdnzoytbtbxx dyzbvfro
dyzbvfrsjdzzoytbdbxx dyzbvfrsjdz
dyzbvfrsjdgzoytbobxz dyzbvfrsjdg
ddzbvfrsjdgzoytufbxz ddz
dnzbvfrsjtgzoftufbxz dnzbvfrs
dnzbvfrjjkyzoftufbxz dnzbvfrj
dnzbvarjjkyzjftufbxz dnzbva
dtzbvarjjkyzjmtufbxi dtzbvarjj
dtzbvarjdkjzjetufbxi dtzbvarjd
dtzbvarjbbjzjetufbxi dtzbvarjbbjzj
dtzbvarjbbjzcetufqxi dtzbvarjbbjzc
dtznvarjubjzcetufqxj dtzn
djrnvaojubjzcetufqxj djrnv
djrntaojubjzcetufqxj djrnt
djhntaojubjkcetufqxj djh
dedntaoaubjkcetufqxj dedntaoa
dedntaojubkkcetufqxl dedntaoj
dedntavzubkkcetuiqxl dedntav
devntavkubkkceteiqxl dev
dnvntaskubkkceteiqxy dnv
dnxntasmubkkceteiqxy dnxntasmubkkc
dnxntasmubkkdetexqxy dnxntasmubkkd
dnxngasmubkkdejexvxy dnxng
dnnngjsmubkkdejeqvxy dnnng
dnnnxjsmubkgdejnqvxy dnnnxjsmub
dngnxjsmuxkgdejnqvry dng
dnnnxjsmuxkgvejnqlry dnnnxjsmux
dnnnxjsjufkgvejjqlry dnnnxjsj
dnnixysjffkgvejjqlry dnnixysj
dnnixyszfdkgvevjqlry dnnixysz
dnnixdszfdkgvevjwlru dnnixdszf
dnnixdszxdlgvevjwpru dnnixdszx
dnnixdgzadlgvevjwpau dnnixdg
dnnixhgzadrgvevjwzau dnnixh
dnniqhgmadrgvevjwfau dnniq
dsnbqhgmmdrgvevjwfau dsn
dslbqhgmmjrgvevfwfau dslbqhgm
dslbqhgvmjrggevfwvau dslbqhgvmjrgg
dslbqhgvmjrgyjofwvau dslbqhgvmjrgy
dsybqhgvtjrgyfofwvau dsy
dyybjhgvtjrgkfofwvau dyy
doybjhgvtjrgkfofyvaz do
duybjhgvtjrokfofyvaz du
djybjhgvtjrokfjfyvaz djybjhgvtj
djybjhgvtlnokfjgyvaz djybjhgvtlnokfj
djybjhgvtlnokfdgpaaz djybjhgvtlnokfd
djypjhgvtlnrkfdgpmaz djyp
djztjhgvtlnrkfdgpmaz djztjh
djztjbgvtlnrkfdgpmah djztjb
djzhjbgvtlsrkflgpmah djzhj
djzhqbgvtlsrkflgqmah djzhq
djzvqbgvtlsrkfggqmmh djzvqbgvtlsrk
djzvqbgvtlsrwfggbmmz djzvqbgvtlsrw
djzvdbgvtvsrwfhgbmmz djzvd
djzvxbgvtvrrwfhgzmmz djzvx
djavxbgvqvrrwfhgzmmw dja
dfavxbgvqurrwfhgzmhw df
exavxbgvqurrwfhszmhw exavx
exavpbtvqurrofhszmhw exavp
cxavpbtvqurvofhszphw cxavpbtvqurvof
cxavpbtvqurvoihszphw cxavpbtvqurvoi
ccavpytvrurvoihszphw cc
cnavcytvrurvoihslphw cnavcytvrurvoihslphw
cnavcytvrurvoihslphe cnavcytvrurvoihslphe
jnavcytvrurvoilslphe jnavcyt
jnavcysvrurvlilflphe jnavcysvrur
jnavcysvrugelilflphf jnavcysvrug
jnavcyfvrugelisflpif jnavcyf
jnavcybvrbgelisflpif jnavcyb
joavcybvrbgelisftpix joavcybvr
joavcybvebhelisftpix joavcybve
joaccybvebhklisftpix joacc
joaczybeebhklisfthix joacz
ueaczybhebhklisfthix uea
jeaczyehobhklisfthix je
bnaizyehobhklisfthix bn
mnarzyehohhklisfthix mnarzye
mnarzychowqklisfthix mnarzyc
cnarzychobqklisfthfx cnarzy
cnarzxchzbqklisfthfx cnarzx
cbarzxchzbqtlisfthfx cb
cxarzxchzbqtlvsfthfx cxarzxchzb
cxarzxchzwqvlvsathfx cxarzxchzw
cxarqxchvwqolvsathfx cxarq
cyarqxchvwqolvsjtbfx cyar
cyajqxchvwqoyvsjtbdx cyajqx
cyajqlmhvwqoyvsjsbdx cyajqlmhvwqo
cyajqlmhvwqdyvgjsbgx cyajqlmhvwqd
cyajqhmhvwqsavgjsbgx cyajqhmhv
cyajqhmhiwqbavgjsbgx cyajqhmhi
qyajqhchisqbavgjsbgx qyajqhc
qyajqhyhvsqiavgjsbgx qyajqhy
qyajqbyhvsqiavgisbgf qyajqbyhvsqia
qyajqbyhvsqigcgisogf qyajqbyhvsqig
qyxjqdyhvsqigcgisogh qyxjqdyhv
qyxjqdyhtlqigcgisogh qyxjqdyht
qgyjqiyhtlqigcgisogh qgyjqiyht
qgyjqiyhylqigbgisoih qgyjqiyhy
qgyiqiyhplqigbgisoih qgyiqiy
qgyiqiahptqjgbgisoih qgyiqia
quyiqiahptgjgbcisoih qu
juyiquahptgjgbcisoit juyiqu
juyiqoahptgjgbcssoix juyiqoa
juyiqoehptgjiqcssoix juyiqoe
jnyiqlehptgjiqcssoix jny
jnqiqlehpmgjiqgssoix jnqiqlehpm
jnqiqlehpngjpwgssoix jnqiqlehpn
jfqinlehpnggpwgssoix jfqi
jfqtnlehpnggpwgcsoix jfqtnlehp
jfqtnlehlnggowxcsoix jfqtnlehl
jfqynlerlnggowxcsiix jfqynl
jfqynsnrlnggowxcsiip jfqyns
jfqknserlnggowxcsiip jfqknser
jfqknseblnggowxcliip jfqknseb
jiqknseblnggowxcliil jiqknse
jiqknsmbljggowxclkil jiqknsm
jiqknkmbljggocxzlkil jiqknkmblj
jiqknkmblxgrocxzlkil jiqknkmblx
jtqknkmbsxgrocxzldil jtqkn
jtqkzkmbsvgdocxzldil jtqkzkm
jtqkzkkbsagdocxzldql jtqkzkkbsa
jtqkzkkbsygdocxzldqm jtqkzkkbsy
jtqkzikesygdocxzldqm jtqkzik
jtqkzinesegdocxzcdqm jtqkzin
jtvkzinesegdocxgcdam jtv
jkvkzinqsegdocxgidam jkvkzin
jkvkzicqsegdobxgidam jkvkzic
jkvkzqcqsegdobqgidam jkvkzq
jkvkqqcqsegdobflidam jkvkq
fkvkqqcqseudobflidam fkvkq
fkvkgqcrsepdobflidam fkvkgq
fkvkgxvdsepdobflidam fkvkgx
zkvkgxvdneplobflidam zkv
zknkgxvkneplobflidao zkn
jknkgxvunephobflidao jknkgxv
jknkgxmunbphobflidao jknkgxmunbp
jknkgxmunbuhobflitao jknkgxmunbu
jknpgxmunbuhobfginao jknpgxm
jknpgxxynbuhobfpinao jknpgxx
jbnpgxuynbuhobfyinao jbnpgxuyn
jbnpgxuyebuhobnginao jbnpgxuye
jbspgxryebuhobnminao jbs
jnspgxmyebuhobnminao jnspgx
jnspgemyebqhobnminao jnspge
jnfpgemyeqqhobnminaw jnfp
jnfkgemyeqqhobntinhw jnfkge
jnfkgomyeuqhobntinha jnfkgo
jvfkfbmyeuqhobntinha jvfkfbmye
jvfkfbmyxuqaohntinha jvfkfbmyx
rvfkfbmgxuqaohntinhr rv
rffwfbmgxuqpohntinhr rffwf
rffwwbmgxuqmohntynhr rffww
rfpvwbmgxuqmohntynhr rfpvw
rfpvcqmgxuqmorntynhr rfpvcqmgxuqmo
rfpvcqmgxuqmkrntyxhr rfpvcqmgxuqmk
rfpvcjmgqfqmkrntyxhr rfpvcj
rfpocjmaqfqmkrutyxhr rfpocj
rfpocsmaqfqxkvutyxhr rfpocsma
rfpocsmcqfqxkvuttkhr rfpocsmc
rfpocmmcqfqxkvuutqhr rfpocmmc
rfpocmmtqvqxkvuutqhr rfpocmmtq
rfpocmmtevqqkvuutqtr rfpocmmtev
rfpocmmtexqqkvuutmtr rfpocmmtex
rfpozmmttxqqkvuutmtr rfpoz
rwpozmmxtxqqxvuutmtr rwpozmmxtxqqxv
rwpozmmxtxqqxruutmfr rwpozmmxtxqqxr
awpczmmxtxqqxruutofr awpczmmxtxqqxr
awpczmmxtxqqxtyutolr awpczmmxtxqqxt
awptzmmitxqqxtyktolr awptzmmitxqqx
awptzmmitxqqktyksour awptzmmitxqqk
iwjtzmmitxqqktyksour iw
zwjawmmitxqqktyksour zw
gijawmritxqqktyksour gij
gcjawmiitxqlktyksour gcjawmi
gcjawmeitxqlkuykaour gcjawme
gcjawmzitxqlkuykaoue gcjawmz
xcjawfzitxqnkuykaoue xcjawfz
xcjawfditxqnluykaoua xcjawfditx
xcjawfditvqnluakaqua xcjawfditv
xcjawffitvqnlbakaquz xcjawff
lcjawffitsqnlbakaquz lcjaw
lcjajffitsqnlbavauuz lcjajff
lcjajfyiesqnlbavkuuz lcjajfy
lcjaofyiesqnlbavbuuk lcjao
lcdaofyibsqolbavbuuk lcd
lndaofwibsqolbhvbuuk lndaofwibsqo
lndaofwibsqulbrvbuuk lndaofwibsqu
lnzaoqwibsqolbrvbuuk lnzaoqw
lnzaoqcibsqkdbrvbuuk lnzaoqc
lnzaogcibsqkdbrvbupk lnzaogcib
lnzaogcieqqkdbkvbupk lnzaogcie
lnzqogcieqqwdtkvbupk lnzq
lpzqogcdeqqwdckvbupk lp
lqzqogideqkwdckvbupk lqzqo
lqztogideqkwdckvbupk lqzt
xrztogideqkwdckvbupe xr
xlztogideqkwpckvbjpe xlz
xlptogideqkwpikvbjpe xlptog
xlptojideckwpikvbjpq xlptoj
xoptojideykwpikvbjpq xoptoji
xoptojpdeokwpikvbjpq xoptojp
xtpgojpdeokwpikvbzpq xtpgo
xtpgljsdeokrpikvbzpq xtpgljsdeokrp
xtpgljsdeokrhikvbzoq xtpgljsdeokrhi
xtpgljsdeokrhhkvkzon xtpgljsdeokrhhk
xtpgljsdeokrhhlvkbon xtpgljsdeokrhhl
xtpgfjsdeokrhhbvkbon xtpgf
xfpgfnsdeokrhhbvkdon xfpgf
xfpguesdexkrhhbvkdon xfpguesdexk
xfpguesdexxlhhbvkdjn xfpguesdexx
xfpzuesdoxxlhhbvkdjn xfpz
xfizuesnoxxlhhbvkdjn xfizuesnox
xfizuesnogxlhhbvxajn xfizuesnog
xfiwursgogxlhhbvxajn xfiw
afiwlrsgonxlhhbvxajn afiwlr
afiwlgogonklhhbvxajn afiwlg
lfiblgogonklhhbvxamn lfiblgogo
lfiblgogfnklhbbvkamn lfiblgogf
lffblgogfcklhbbjkamn lffb
lffflgogzcklhbbjknmn lfff
gfjflgogncklhbbjknmn gfjfl
jfjflgogncklhbajknkn jfj
jfcflgogncklhbagknkb jfc
nbcflgogvcklhbagknkb nbcflgog
nbcflgoqvcklhbagkncb nbcflgoq
nbcflgouvoilhbagkncb nbcflgou
nbcfjgouvomlnbagkncb nbcfj
nbcijgovvomlnbagknjb nbcij
nbcilgovvomlnbagfnpb nbcil
ndcilgovvoulnbagdnpb ndc
smcrlgovvoulnbagdnpb smc
smzrlgovvoulnbagdnkb smzr
smzxlgovvoulnqogdnkb smzx
skzxlgovvouliiogdnkb sk
gkzxlgosvtuliiogdnkb gk
gnaxlgosvtulitogdnkb gnaxl
gnaolgosntulitogdikb gnaolg
gnaollosetulitzgdikb gnaoll
gnaqxlosetulutzgdikb gnaq
gnarxfosetulutcgdikb gnarxfose
gnarxfosrtulitcgdijb gnarxfosr
gnarhfosrtulitcgdwjb gnarh
gnaxhfosrhulitcgdfjb gnaxhfosr
gnaxhfoshhupitcgofjb gnaxhfosh
gnayhfoshhupitcgowvb gnay
guayhftshhupitcfowvb gu
gfayhftshnupitcfowvb gfayhftshn
gfayhftshsupetcfowvb gfayhftshs
gfayhfjshzupetcfowva gfayhfj
gfaycfjswzuqetcfowva gfayc
gfaxcfjswzuqetcfowva gfaxcfjswz
gfaxcfjswiuqktcfowma gfaxcfjswi
gfaxcfwswpuqktcfzwma gfaxcfwsw
gfaxcfwsnpuqktrfzwma gfaxcfwsn
rfaxcfwsniuqktrfzdma rfaxcf
rfaxcbssniuqktnfzdma rfaxcb
rfaxvbssniunktnfzdva rfaxvbssni
rfaxvbssngunftnfzdva rfaxvbssng
sfaxvbssngunftnfldva sfaxv
sfaxfbssngunfznbldva sfaxfb
sfaxfdssngunfzpbldva sfaxfd
sfbxfdulngunfzpbldva sfbx
sfbffdulrgunfzpbldva sfbffdu
sfbffdnlrgunezpbadva sfbffdn
sfvffonlrgunetpbadva sfvffo
sfvffrnjrgunrtpbadva sfvffr
nfvffrljrgunrtpoadva nf
yfvfffljrgunrtpoadia yfvfffl
yfvfffpvrjunrtpoadia yfvfffp
sfvfffpvrjuwrtpoadna sfvfffpvrjuw
sfvfffpvrjurrkpoadnz sfvfffpvrjur
sfvftfpvwjurrkpoadnz sfvft
sfggtfpvpjurrkpoadnz sfggtf
sfggtkavpjurrkpoaznz sfggtk
sfgotkavpjurrkpoazrz sfgotka
sfgotktvpsuirkpoazrz sfgotkt
sxgooktvpsuilkpoazrz sxgoo
sxgoqktvpsuilkeoaztz sxgoq
sxbosktvpsuilkeoazgz sxboskt
sxboskgvpsuixkefazgz sxboskgv
sxboskgjpsvexkefazgz sxboskgjpsvexkefa
sxboskgjpsvexkefyzgn sxboskgjpsvexkefy
sxboskdjpsvhxaefyzgn sxboskdjp
sxboskdjksvhxyesyzgn sxboskdjk
stgoskdjksvhxyehyzgn stg
stuoskdjkwvhxyehyzgn stuosk
stuoscdjkwvaxyedyzgn stuosc
dtuoscdjkmvaxyedyzsn dtuosc
dtuossdjkmoaxykdyzsn dtuossdjkm
dtuossdjkeoaxyodyzsn dtuossdjkeo
dtuossdjkefaxtodyzsn dtuossdjkef
dtuossdjkzeaxtodyzen dtuossdjkzea
dtuossdjkzeyxtodhzen dtuossdjkzeyxt
dtuossdjkzeyxrvdhren dtuossdjkzeyxr
jtuossdjkzcqxrvdhren jtu
jhunssdjkzcqxrvdhrkn jhunss
jhunsodzkzcqxrtdhrkn jhunso
jcunsomzkzcqcrtdhrkn jcunsomzkzcqcr
jcunsomzkzcqccjdhrtn jcunsomzkzcqcc
jcunpomzkzcqccjtrrtn jcunp
jcuqpkmzkznqccjtrrtn jcuqpk
jcuqpqmzkznqacjtrrun jcuqpq
rcuqpqmpkznqacjtrrun rcu
rcdqpdmpkznqacjtrrus rcdqpdmpk
rcdqpdmpmwnqacjtrrgs rcdqpdmpmwnqa
rcdqpdmpmwnqocjtergt rcdqpdmpmwnqocj
rcdqpdmpmwnqockhergt rcdqpdmpmwnqock
rcdxpompbwnqockhergt rcdx
rcdupompbwndzckhergt rcdupompbwndz
rcdupompbwndsckherkk rcdupompbwnds
rcdjpompbwndsckherkt rcdjpom
rcdjpoipbwndsgkhvrkt rcdjpoip
rcdjpoiabwngsgkhvrkl rcdjpoia
rcszpoiabwngsgkmvrkl rcsz
mcszpoiabwngsjkmvqkl mcszpoiab
mcszpoiaxwngsqkmvqkl mcszpoiax
mcszpoiawwngspumvqkl mcszpoiaw
mcszhoiawnngcpumvqkl mcszh
mchzhliawnngcpumiqkl mchz
pchghliawnngcpumiqkl pch
mchghliawnugcpumaqkl mchg
vchghliawnugcpuwatkl vc
achghliawnugcsuwatql ach
ackghliawnugcsunatql ack
xckghliawnugcpucatql xckghli
xckghlwainugcpucaoql xckghlw
xckbhlnainugmpucaoql xckb
xckzhlntinugmpucaoql xckzh
xckzrlntinpgmpucaoqd xckzrlntinpgmpuca
xckzrlntinpgmpucxntd xckzrlntinpgmpucx
xckzrlntinppmdccxntd xckzrlntinpp
xckzelntinppmdccxetd xckzelntinppmdcc
xckzelntinppmdcxxetn xckzelntinppmdcx
xcktelntinphmdcxxetj xckt
xpktelntinzhmdjxxetj xpktel
xpktevntinzhmdjaketj xpktev
xpkqevntinkhmdjdketj xpkq
xckqevatinghmdjdketj xckqevat
xckqevayinghmdjdkejj xckqevay
xcmqevayinghmdddkejj xcmqev
xcmqexayinghkdddqejj xcmqex
ocmquxayinghldddqejj ocmquxaying
ocmquxayinjhlddoqpjj ocmquxayinj
ocmquxayinphlddoqpjo ocmquxayinp
rcmquxayinphlddqqpjl rcm
rcsquxayonphlddqqpjl rcsq
pcsquxayknphlddqqpjl pcsquxayk
pcsquxaybnphlwdqqpjo pcsquxayb
pcsqsxaybcphtwdqqpjo pcsqsxaybcpht
pcsqsxaybcphywdqqujo pcsqsxaybcphy
pcsqscaimcphywdqqujo pcsqsc
pczvscaimrphywdqqujo pczvscaimr
pczvscaimzphywdhqyjo pczvscaimz
pctvscaimzphyvdpqyjo pct
actvscaizzphyvdpqujo actvscaizzphyvd
actvscaizzphyvspqujn actvscaizzphyvs
actvscaizzpuqvspqujn actvscaizzpu
acevscaizzeuqvspquvn ace
ajevscaizzebqvspquvn aj
auevscaizzebqdhpquvn auevsca
auevscjidvebqdhpquvn auevscj
auevshjidvebqdgpquvw auevsh
auevsgjidwebqdgpqutw auevsg
auevdgjudwebqqgpqutw auevdgjudwe
auevdgjudwfmqugpqutw auevdgjudwf
auevdgjjdwfmqugpqete auevdgjj
auevdgyjdwfsaugpqete auevdgyjdwf
auevdgyjdwtsaugpfete auevdgyjdwtsaugp
auevdgyjdwtsaugffewe auevdgyjdwtsaugf
fuevdgyjdwtqaugffeee fuev
fueqdgyydwtqaugffvee fueq
sueqdgyydwtqaugtflee sue
suiqdgyydwtqargtflee suiq
suiedgyydwtqargtflye suie
suigdkyydxtqargtflye suigdkyydxtqa
suigdkyydxtqrrgtylye suigdkyydxtqr
suigdtyydutqrrgtplye suigdt
subgetjydutqrrgtplye subge
subgytyyyutqrrgtplye subgytyyyu
subgytyyyltsrrgtpmye subgytyyyl
subgyyyyyltsrrgtpmye subgyyyyyl
subgyyyyypwsrrgtpmhe subgyyyyyp
rpbgyyyyypwsrrgtpmhe rp
jpbgyyyyhpwsrrgtzmhe jp
jtbtyyyyhpwsrrgtzbhe jtb
jybtyyyyhpwsregjzbhe jybtyyyyh
jybtyyyyfpwsreggzohe jybtyyyyf
jybhyyyyfkwsreggdohe jybh
jybkyyyyfhwsreggdmhe jybk
jybfjyyyfhwsreggdmhe jybf
jdbfjyyyehwseeggdmhe jd
jvbfjyyyehwseeggdmae jvbfjyyy
jvbfjyyqehwseeogcmae jvbfjyyq
jvffjoyqehwseeorcmae jvffjoyqehws
jvffjoyqehwveeorckae jvffjoyqehwv
jvffjoynehuveezrckae jvffjoyn
jvfqjoynehuvoezrckae jvfqjoynehu
jvfqjoynehwtoezrckay jvfqjoynehw
jvfqvsynehwtoezrckaj jvfqv
jvffvsynehwthezcckaj jvffv
jvpfvsyfehwthezcckmj jvp
vvpfwsyfehwthezccgmj vv
vepfasjfehwthezccgmj vep
vmnfasjfehwthezccymj vmnfa
vmnfnsjfehwthlzccymj vmnfnsj
vmnfnsnfetwthrzccymj vmnfnsnfetwt
vmnfnsnfetwrhfaccymj vmnfnsnfetwr
vmnjnspfetwrjfaccymj vmnj
vmnhnfpfelwrjfaccymj vmnh
vmhrnfpfeiwrjfaccymj vmhrnfpfei
vmhrnfpfeawrrfaccymj vmhrnfpfea
vmocnfpfeawnrfaccymj vmo
veocnfpfeawnrdaccqmj veoc
veoinfrfeawnrdactqmj veoinfrfeaw
veoinfrfeaanrmactqmj veoinfrfeaa
veoidfmfeaajrmactqmj veoidfmfea
veoidfmfeiajrmactqmq veoidfmfei
vnoimfmfeiajrmahtqmq vnoimfmfeia
vnoimfmfeinjtmahtkmq vnoimfmfein
vnoimfmfeibjtwahtkmn vnoimfmfeib
vooimfmfeikjtwastkmn vooimfmfe
vooimfmfuixjtwasxkmn vooimfmfu
vojimfmfuizjtwxsxkmn voj
zolimfmfuizjtwdsxkmn zol
sogimfmfuizjtwdsxkmx so
vugimftfuizjtwdsxkmx vugim
vugipftfuizjpwdslkmx vugipf
vugipvtfoizjpwdslkux vugipv
vugqpvtfcizjpwdslkux vugqpvtf
vugqpvtwqizjpwdslkuu vugqpvtw
vugqpztwqizjpwjslkuu vugqpz
vugqpttwqizjpwsslkuu vugqpttwqizj
vugqpttwqizzpwsslkxu vugqpttwqizz
vugqnttwqizzpwsslkxu vugqnttwqi
vugqnttwqzzdswsslkxu vugqnttwqz
vugfxttwqzzdswsslhxu vugf
vulfxttwqqzdswssshxu vulfxt
vulfxvtwqqzpswsoshxu vulfxv
vuyfxqtwqqzpswsosaxu vuyf
vuybxqtwohzpswsosaxu vuybx
vuybeqtwoazpswgosaxu vuybeqtwo
vuybeqtwiaznswyosaxu vuybeqtwi
vuybeqewiaznswyrsaxu vuybeqe
vuybeqjwmaznswyrsaxu vuybeqjw
vuybeqjhmaznswjrsacu vuybeqjhmaz
vuybeqjhmahnsmjrsaqu vuybeqjhmah
vuybeqdjmahnsmjriaqu vuybeqd
vuyceqdjmahnsmjriaqs vuyc
vxyceqdjmahnsojriuqs vxyceqd
vxyceqvjmuvnsojriuqs vxyceqv
dxyceqvjmbvnsowriuqs dxyceqvjmbvn
dxyceqvjmbvzsowoiuqp dxyceqvjmbvz
dxxcwqvembvzsowoiuqp dxxcw
dxxctqvembvzsowoiscp dxxctq
dxxctnvembvzszcoiscp dxxctnv
dxxctncemdvzszcoiskp dxxctnc
cxxctncemdwxszcoiskp cxxctncemd
cxxctncemxwxszcniskp cxxctncemx
cxxctncezxwzwzcniskp cxxctncez
cxxctnceuxwzkzcniskp cxxctnceuxwzk
cxxctnceuxwzdzviiskp cxxctnceuxwzd
cxxctnceuxrzdzvcisfp cxxctnceuxr
kxxctnceuxrzdzvcdsfp kx
jqxjtnceuxrzdzvcdsfp jqxjtnc
jqxjtnteuxrzgzvzdsfp jqxjtnteuxrz
jqxjtnteuxrpgzvzdsdp jqxjtnteuxrp
fqxctnteuxrpgkvzdsdp fqxctn
fqxctlveuxrpgkvzdsdv fqxctl
fyxctlveuxrhgkvzdsdv fy
yyxctlvmuxrhekvzdsdv yyxctlvmux
yyxctlvmuqnfekvzdsdv yyxctlvmuq
yymcqlvmpqnfekvzdsdv yymcql
yymcqhvmpqnfokvzdhdv yymcqhvmp
yymcqhvmeqnfokvznhvv yymcqhvme
yymcqhvceqnfbdvznhvv yymcqhvc
yybcqhvceqnfbdvzphvu yybc
yybnqhvjeqnfbevzphvu yybnqhvje
yybnqhvjfqnfbnvzphvm yybnqhvjf
yybhmhvjfqnfbnvzphvm yybhmh
yybhmgujfqnfbnvzptvm yybhmguj
yybhmgumfqnfbnvwbtvm yybhmgum
yybhmgbnfqnfbnvcbtvm yybhmgb
yybhmglnhqnfbnvcblvm yybhmgl
yubhmglqjqnfbnvcblvm yubh
yubymglqtqnfbnlcblvm yuby
yjhymglquqnfbnlcblvm yjh
yjoymxlquqzfbnlcblvm yjoym
yjoyrilquqzfinlcblvm yjoyr
yttyrilquqzfinlpblvm yttyri
yttyrarquqzfonlpblvm yttyra
yttylarquqzfanlpbjvm yttylarquq
yttylarqunbianlpbjvm yttylarqun
yttylauquwbiknlpbjvm yttylau
yttylarqucbhknlpbjvm yttylarquc
yttyllrqucbhknapbjvw yttyll
yttzllsqucbhknapbjvw yttzllsq
yttzllspuchhbnapbjvw yttzllsp
yttzllcpubhhbnapbjcw yttzllc
yttpllcpubhhbnvpbjcw yttpllcpubhh
yttpllcpubhnbnmybjcw yttpllcpubhn
yttpslcpuphnbsmybjcw yttpslcpu
yttpslcpbphnbsmygjcw yttpslcpb
yttuslcpbphnbrmygjcc yttu
ytquslcpbphnbrgywjcc ytq
ynquslcpbphnorgywucc ynquslc
ynqusltpbphoorgywucy ynquslt
ynqrsbtpxphoorgywucy ynqr
qnqrsboexphoorgywucy qnqr
qnqesgoyxphoorgywucy qnqesgoyxphoo
qnqesgoyxphoqrgywtiy qnqesgoyxphoq
qnqvsgokxphoqrgdwtiy qnqvsgok
qnqvsgoaxphoqrgdwtny qnqvsgoa
qnqvygoaxphoqrgdwtnt qnqvygoa
qnqvygooxpfoqrmdwtnt qnqvygoo
qoqqygooxpfoqdmdwtnt qo
qxqqygooxpfoqwmdwtnt qxqqygooxp
qxqqygooxlsoqwmdwttt qxqqygooxl
qxqqygobclsoqwmdwttt qxqqygob
qmqqygobclsoxwmvwttt qmq
qmgqygobclsoxwmvlttt qmgqygobcls
qmgqygobclpofwmvlttx qmgqygobclp
qmgqykobclpohwmvlltx qmgqykobclpo
qmgqykobclpfhwmvuhtx qmgqykobclpf
qmgqykosclpphwmvuktx qmgqykos
qcgiykosclpphwmvuktd qc
qhgrykosclpphwmvugtd qhgr
qhgpykosclpphwmdugtf qhgpykos
qhgpykolclpphimeugtf qhgpykol
qhgpwkoltlpphimeugtf qhgpwkoltlpphimeug
qhgpwkoltlpphimeultf qhgpwkoltlpphimeul
qhgpwkolelpphiotultf qhgpwkole
qhgpwkvdegpphiotultf qhgpwkv
qdgpjkvdegpphiotultf qdg
qdwpjkvdegpphibtultf qdwpjkvdegpph
qdwpjkvdegppfibtulhe qdwpjkvdegppf
bdwpjkvdegppfibxulhw bdwp
bdwbjkvdegppfebxuehw bdwb
bdwcjgvdevppfebxuehw bdwcjgvdevppfe
bdwcjgvdevppfhbuuihw bdwcjgvdevppfh
bdwcrgvdevpdyhbuuihw bdwcr
ndwcrgvdevkdbhbuuihw ndwc
ndwhrgvievydbhbuuihw ndwh
olwhrgvievydbhbuuihw ol
blwhrgvsevydbhbutihw blwh
blwdrgvsevydphautihw blwdrgv
blwdrghsesydphautisw blwdrgh
blvdrgksesydphautfsw blvdrgksesydpha
blvdrgksesydphnutfsp blvdrgksesydphn
blvdrgksesyddhnutfsv blvdrgksesydd
slvdrgisesyddlnutfsv slvdrgisesy
slvdrgiseszdzlnntfsv slvdrgisesz
slvdrgismsldzlnntfsv slvdrgisms
slvdrgismzldzlnnthcv slvdrgismzldz
slvdrgismzldulnnthcv slvdrgismzldu
slydrgismzkdulnnthxv sly
slofrgismzkdurnnthxv slo
spofrgismukdurnntcxv sp
sxofrhismukdgrnntcxv sxofr
sxofqhismukdfunntcxv sxofq
vxofqhismukdfujnfcxv vxofqh
vxofqrismukdfujwfvxv vxofqrismukdf
vxofqrismukdlujwfvdv vxofqrismukdl
dxoxqrismukmlujwfvdv dxo
dxfxqrismukmlujjfvdv dxf
ddfxqrvsmtkmlujjfvdv ddf
ddqxqbvsmtkmlujjfvdv ddqxqbv
ddqxqbnsmtkmlujjfvgv ddqxqbn
ddrxqbnsmlkmbujjfvgv ddrxqbnsmlkmb
ddrxqbnsmlkmiujifvgv ddrxqbnsmlkmi
ddyxqbnsmlkiiusifvgv ddy
zdyxqbnsmlxiizsifvgv zdyxqbnsm
zdyxqbnsktxiifsifvgv zdyxqbnsk
zdyxdbnsktxiifsifldv zdyxd
zdaxdmnsktxiifsifldb zda
zaaxdmnsktxbifsifldb zaax
zaaebmnsktxbifsifldg zaae
saaebmnsktxbifsifldg saa
sabvbmnsktxbifsnfldg sabv
sabwfmnsktxbifonfldg sabw
cabwfmnsktxbifonflvg cabwfm
cabwfknsktxwifonflqg cabwfknsktxwi
cabwfknsktxwdfouflql cabwfknsktxwd
cabvfknsktwwdfooflql cabv
cibvfknsktwwyfooflql cibvfknsktwwy
cibvfknsktwwcfoetlql cibvfknsktwwc
cibvfunsktwwcfretmql cibvfunskt
cibvfunskjwwcfrewmqm cibvfunskj
cibvfpnskjwvcfvewmqm cibvfp
cibvqpnskjwvcfvermqy cibvq
cvbvqpnskjwvguvermqy cv
uvbvqpnskcwvguvzrmqy uvbvqpnskcw
uvbvqpnskcqeguvzrfqy uvbvqpnskcq
urbvqpnhkcqeguvzrfqy urbvq
urbvapnhkcqeuuvzrfqy urbvapnh
urbvapnvkrqeutvzrfqy urbvapnv
urfvapgvkrieutvzrfqy urfvapgvkrieu
urfvapgvkrieprvzrfqy urfvapgvkriep
uhfvapavkrieprvarfqy uhf
uhuvapavkryeprvyrfqy uhu
ucuvapavkzyecrvyrfqy ucuvapavkzyecrv
ucuvapavkzyecrmyzrqy ucuvapavkzyecrm
uebvapavkzyecrmyzrqy uebvap
uebvamavkzyecrmyzrqy uebvam
mebvemaqkzyecrmyzrqy mebvemaq
mebvemaokzyewrmyzrqy mebvemao
bebvemaokzyewrmqzrqy bebv
bebiemaokzyexdmqzrqy bebi
bqbiemaokzyexdjqzbqy bqbiemaokzyex
bqbiemaokzyerdjqzhqy bqbiemaokzyer
bqbiesaokvyerdjqzvqy bqbies
nqbiesaowvyerdjqzvqe nqbi
nqbtesaowvywrdjqzvqe nqbt
nqjtesahwvywrdjqwvqe nqjte
nqjtcschwvywrejqwvqe nqjtc
nqxtbschwvywrejqwvqe nqxt
nqxnblchwvywrejqwvqe nqxnblchwv
nqxnblchwuywrejqwvee nqxnblchwu
nqxnbqcywuewrejqwvee nqxnbqcy
nqxnbqccbuewreeqwvee nqxnbqcc
nqxnrqccbuewpeeqwvge nqxnr
eqxnrxccbuewdeeqwvge eqx
eqfnrxmcbuewdpeqwvge eqf
eqjnrxmcbuerppeqwvge eqjnr
eqjnzxmcbuerppeqrvge eqjnz
eijnzxmcbuerppeqyuge eijnzx
eijnzlmrbuerppxqyuge eijnzl
eijmzlmrbuerppxcuuge eijmzlmrbuer
eijmzlmrbuetppxiuute eijmzlmrbuet
eijmzlmdouutppxiuute eijmzlmdo
eijmzlmdwuutppxiuuhl eijmzlmdwuutpp
eijmzlmdwuutplximuol eijmzlmdwuutpl
mzjmzlmdwuutplximpol mzjmzlm
mzjmzlhdwuutulxikpol mzjmzlhdw
mzjmzlhdeuutulxibpol mzjmzlhde
mzmmzlhdeuuzulxivpol mzm
zzmyzlhieuuzulxivpol zzmyz
zzmyalhqeuuzulxivjol zzmya
lzmyaehqeuuzulxivjvl lzmyaehqeuu
lzmyaehqeuizumvivjvl lzmyaehqeui
rzmyaehneuizumeivjvl rzmya
rzmyuejneuizumeivivl rzmyuej
rzmyueeteuizumeivivl rzmyueet
rzmyueeheuimumeimivl rzmyueeh
rsmyueehhuimumevmivl rsmyueeh
rsmyueeyhuimumevhlvl rsmyueeyhuimume
rsmyueeyhuimumtvnlel rsmyueeyhuimumt
rsmyceeyhuimvmtvnfel rsmyc
zlmyceeyhuimpmtvnfel zlmyceeyhuim
zlmyceeyhuidpmxvnfal zlmyceeyhuid
zlmaceeyhuidpmxknfal zlmacee
zlmacexyhuidpmxkjfao zlmacex
zemacexyhuizpmxkjfao zemacexyhuizpm
zemacexyhuizpoxojfro zemacexyhuizpo
zemagexyhuizpokojflo zemagexyhui
zemagexyhuzzpotolflo zemagexyhuz
zemagebyhuzzpotolfwf zemageb
zepagebytyzzpotolfwf zepageby
zepagebctyzzpotoffsf zepagebc
oeiagebctyzzpotoffst oeiagebctyzzpoto
oeiagebctyzzpotifdst oeiagebctyzzpoti
oeiageyctyzzpotirdst oeiageyctyzz
oeiageyctyzlpotisdst oeiageyctyzl
oeiagryctyzlpotibdsh oeiagr
oepagryctnzlpqtibdsh oepagryctnzl
oepagryctnzwiqtjbdsh oepagryctnzw
oepatrycpnzwiqtjwdsh oepat
iepatrycpnzwmqnjwdsh ie
yepatrocpnzwmqnjwdah yepa
ijpatrocpnzwmqnywdah ijpa
ijpktrycpnzwmqnhwdah ijpktrycpnzwmqnhwda
ijpktrycpnzwmqnhwdlf ijpktrycpnzwmqnhwdl
