vfcnzhthhutemincgary vfcnzhthhutemincg
vfcnzhthhuteminctarm vfcnzhthhuteminct
nfcnzhtbhrteminctarm nfcn
nfckzhtbhxtemincrarm nfckzht
nfcuzhqbhztemincrarm nfcu
nfckzhqbhbtemiqcrarm nfckzhqbhbt
nfckzhqbhbxemiqcrapr nfckzhqbhbx
nfckzhdbhbxemiqbrspr nfckzhd
nfgkzhdbhbxemiqbrsjr nfgkzhdbhbx
nfgkzhdbhbmdmiqirsjr nfgkzhdbhbm
nfgtzhdbhbvdmikirsjr nfgtzhdbh
nfgtzhdbnbvdmikjesjr nfgtzhdbn
gvgtuhdbnbvdmikjesjr gvgtuhd
gvgtuhybnbvdmikjeojr gvgtuhy
jvgtuhybnbvdxikjeojr jvgtuhy
jvgtuhcbnivdxokjeojr jvgtuhcbniv
jvgtuhcbniddxopjeojr jvgtuhcbnid
jvgtrvcbniddxopjeojr jvgtrvcbnidd
jvgtrvcbnidxmepjeojr jvgtrvcbnidx
jdgcrvcznidxmepjeojr jdgc
jdgrrvcznndxmeqjeojr jdgr
tdgrrvcznnixmeqjhojr td
thgrrvcznoixmeyjhojr thgrrvcz
thgrrvcjnoixmeyuhoyr thgrrvcjnoixmeyuhoy
thgrrvcjnoixmeyuhodu thgrrvcjnoixmeyuhod
thgbrvcjnoixmeyuhodq thgbr
thgbpvcjnoidmeyuhoyq thgbp
hhgbpvcjnoidmeythogq hhg
hhvlpvqjnoidmeythogq hhvlpv
hhvlppqjnoxdmmythogq hhvlppqjnoxdm
hhvlppqjnoxdbmytkogi hhvlppqjnoxdb
hhvlppqjnogdboytkogl hhvlppqjnog
hhvlppqmnoadboytkogh hhvlppqm
hhvrplqmnoadboytkggh hhvr
xhtrplqmnoadfoytkggh xhtrplqmnoad
xhtrplqmnoahfxytksgh xhtrplqmnoah
xbtrprqmnoalfxytksgh xbt
xbbrprqmnoalfxttksgh xbb
xbmtprqmnoalfxttksgh xbm
xcmtprqmnoalfxtskcgh xcmtprq
xcmtprsmdoalfxtskcgu xcmtprs
xcmtbrwmdoalfetskcgu xcmtb
xcmpbrwmdoalfetqkcgu xcmpbrwmdoa
xcmpbrwmdoklqetqkcgk xcmpbrwmdok
bcmpqrwmdoklqetwkcgk bcmpq
bcmpfwmmdoklqetwkcgk bcmpf
bmmpmwmmdoklqetwkcgk bmmpmwm
bmmpmwbmdokldetwkcbk bmmpmwb
bmmpwwbmdoklnetwkfbk bmmpwwbmdo
bmmpwwbmdjklnetxkfbk bmmpwwbmdj
fmmpwwbmdykinetxkfbk fmm
fmrpwwbmdfkinqtxkfbk fmrpwwb
fmrpwwimdfkinqtxksbt fmrpwwi
fmopwwrmofkinqtxksbt fmopww
fmopwqrmofkilqtxfsbt fmopwq
fmopoqrmofkilqtxfxbt fmopoq
fmoposrsofkilvtxfxbt fmopos
fmjcoursofkilvtxfxbt fmj
bmjclursofkilvtzfxbt bmjclursofkilvt
bmjclursofkilvdzvxbt bmjclursofkilvd
bmjclursypkplvdzvxbt bmjclursy
bmjclbrsypkplvtzvxbi bmjclbrsy
bmjclbrslpkulvtzvxbi bmjclbrsl
bmjclbrsopkulvtzvebi bmjclbrso
bmjclbrmotkulvzzvebi bmjclbrm
omjclarmotkulvzovebi omjclar
omjclaimotkulvzrvebh omjclai
omjilaiwotkuyvzrvebh omji
zmjilenwotkuyvzrvebh zmjilenwot
zmjilenwookuyvzaiebh zmjilenwoo
vmjivenwookuyvzviebh vmji
vmjavenwoafuyvzviebh vmjavenwoa
vmjavenwomfuyvdviebd vmjavenwom
nmjdvenwomfkyvdviebd nmj
nmxbvenwomfkyvdvihbd nmxbve
nmxbvtnwomfkyvdvipud nmxbvt
nmxbrtnwymfkyvdvhpud nmxbr
nmobrtnwymfkyvdvhpuz nmob
nmoxrtnwymfhxvdvhpuz nmox
imoxttzwymfhxvdvhpuz imoxttzw
imoxttzmpmfhxvdphpuz imoxttzm
imoxttzupmfhxvdjhfuz imoxttzu
imdwttzupmfhxvdjhfxz imdwttzup
imdwttzufmftxvddhfxz imdwttzuf
imdwttzhfmftovddhfxn imdwttzh
imlwttzhfmftovddhqxc imlwttz
imlwttbhfmfuovydhqxc imlwttbhfmfuo
imlwttbhfmfusvydcqxl imlwttbhfmfus
imlwttbhqjfusvydcqxl imlwttbhq
imlwttbhajvusnydcqxl imlwttbha
imlbttcaajvusnydcqxl imlbttcaa
imlbttcahjvysnydhqxl imlbttcah
imnbttcjhjvysuydhqxl imn
vmnbttcjhjvysuydhhll vmnbttcjhjvy
vmnbttcjhjvnsuqdohll vmnbttcjhjvn
vmnbttqjhjvnshqdolll vmnbttq
vmnbltqjhjrdshqdolll vmnbltq
vmnbltcjhsrdshqdolll vmnbltc
cmnblccjhcrdshqdolll cmnblcc
cmnblcdjhcrjshqdolkl cmnblcd
cmnelcdjhcrjnhpdolkl cmnelcdjhcrjnhpdo
cmnelcdjhcrjnhpdvlfl cmnelcdjhcrjnhpdv
vmoelcdjhcrjnhpdvlft vmoe
vmoplcdjhcrjnhpdglft vmoplcd
vmoplccuhcrjnhpsglft vmoplcc
vmoplcxuhcrjnhpsgogt vmoplcxuhcrjnhp
vmoplcxuhcrjnhcsgogw vmoplcxuhcrjnhc
vmfpluxuhcranhcsgogw vmfp
vmfbluxubcranhcsgogw vmfbluxubcr
vmfbluxubcuasmcsgogw vmfbluxubcu
vmfilgxubcuasmcsjogw vmfilgx
vmfilgeubcuasmksjobw vmfilge
nmfilgeubjuasmkbjobw nmfilge
nmfilglqbjuasgkbjobw nmfilgl
nmfioglqhjuasukbjobw nmfioglqhjuasukbj
nmfioglqhjuasukbwobj nmfioglqhjuasukbw
nmfwoglqhjucsukbwojj nmfw
ntfwoglqhjecsulbwojj ntfwoglqhjecs
ntfwoglqhjecwulbwocj ntfwoglqhjecw
ntfwoglqhcecwulqhocj ntfwoglqhc
ntfwoglqhjediulqhocj ntfwoglqhjed
ntfwoglqhjapiulqhocc ntfwoglqhja
nyfwoglqhgamiulqhocc nyfw
nyfooglxhgamiulqhocc nyfo
nyxooglxhgamiulqhocd nyx
nymoogsxhgamiulqhjcd nymoogsxh
nymoogsxxgamialqijcd nymoogsxx
nymoagsqxgamiavqijcd nymoa
nymoulsqxganiavqijcd nymou
ndmoulsqxganmavqijcd ndmoulsq
ndmoulsrxganmavqiagd ndmoulsrx
ndmoulsrlgantavqiagd ndmoulsrl
cdmoilsrlgantdvqiagd cdmoilsr
cdmoilsdlgantdvhxagd cdmoilsd
cdmoylsdggantdmhxagd cdmoy
cdmrylsdggqntdmqxagd cdmry
cdmrcdsdggqntdmqxagd cdmrc
cdcrcxsdgdqntdmqxagd cdcrcxsdgdqntdmqx
cdcrcxsdgdqntdmqrjhd cdcrcxsdgdqntdmqr
cdcrcxsdgdqntdjyrjhd cdcrcxsdgdqntdj
cdcrlxsdgdqntdjyrjhu cdcrlxsdg
cdcrlxsdndqqtdjyrjhu cdcrlxsdn
kdcrlxsdndqqtdjwrjhu kdc
kdhraxodndqqtdjwrjhu kdh
ldhraxovndqqtdjwrjgu ldhraxo
ldhraxavndkotdjwrjgu ldhraxa
lshraxavndkotqjmrjgu lshraxavn
lshraxavhdkotqdmqjgu lshraxavh
lsiraxavhdpotqdmqjqu lsi
lszraxavhdpogqdmqjqu lszraxavhd
lszraxavhxpkgqdmsjqu lszraxavhx
lszraxathxpkgkdgsjqu lszraxat
lszraxaahxskgkdgsjnu lszraxaa
lmzrnxaahxskgkdgslnu lmzrnx
lmzrnbaahxskakdhslnu lmzrnbaah
lmzrnbaafxskaodhslnu lmzrnbaaf
lmzrnbatfxskaodfslnk lmzrnbat
hezrnbatfxskaodfshnk hez
hedrnbatfxskahdfshnk hedrnb
hedrnsatfxskahayshnk hedrns
hwdrnsadfxskahaychnk hwdrnsadf
hwdrnsadxxmkahatchnk hwdrnsadx
hsdrnsafxxmdahatchnk hsdrnsafxxm
hsdrnsafxxodahadchnk hsdrnsafxxo
hsdrnstfxxodahadchwh hsdrnstfxxodahadc
hsdrnstfxxodahadqqwh hsdrnstfxxodahadq
hrdrnstfxxozahadqqwh hrd
hxdrnstoxxozahidqqwh hxdrnstoxxoza
hxdrnstoxxozrdimqqwh hxdrnstoxxozr
hxdrnjtbxxozruimqqwh hxdrnj
hxbfnjtbxxotruimqqwh hxb
qxbfnjtbxxekruimqqwh qxbfnjtb
qxbfnjtyxxecruimqnwh qxbfnjty
qxgfnjtlxeecruimqnwh qxgfnjtl
qxgfnjtsxeechuimcnwh qxgfnjts
qxgfnjtzxeechuimcnmm qxgfnjtzx
qxgfnjtzbeecrcimcnmm qxgfnjtzb
qxhfnjtzmiecrcimcnmm qxh
qlhfnjtzmiecrcimonmm qlh
qlfinjtzmiefrcimonmm qlfinjtzmie
qlfinjtzmibfrrimonmm qlfinjtzmib
dlfinbtzmibfrrimwnmm dlf
rrfinbtzmibfrrvmwnmm rrfinb
rrfinsdzmibfrrvywnmm rrfins
drfinsdzmibfiqvywnmm drfins
drfinndzmibfiovywnmm drfinn
vrfinndzmibfiovyfsmm vrfinndzmibfiovyf
vrfinndzmibfiovyhsmh vrfinndzmibfiovyh
vwfinndzmibfiokmhsmh vwfinndzmi
vwfinndzmlufiokmhsnh vwfinndzml
vwfinntzmlufiokzhsnw vwfinntzmlufiokzh
vwfinntzmlufiokzwseh vwfinntzmlufiokzw
vwlinntzmlufizazwseh vwl
vwninntzmlufezazwseh vwninntzmlu
vwninntzmlzfezazwxer vwninntzmlz
vwninntmmlzfezhzwxey vwninntm
vwninnrmmbzfezhrwxey vwninnrmmbz
vwninnrmmbufezhrlxex vwninnrmmbu
vwnkynrmmbufezgrlxex vwnkynrmmbufezgr
vwnkynrmmbufezgpyxex vwnkynrmmbufezgp
vwakynrmmbufelgpyxex vwa
viakynjmmbufelipyxex viaky
viakunjambffelipyxex viakun
viakucjawbffelgpyxex viakucjaw
viakucjazbffelhpyxvx viakucjaz
vdakucjazbfavlhpyxvx vdakucj
vdakucnazxfavlhpxxvx vdakucnazx
vdakucnazwfavlhnxxhx vdakucnazw
vdakucnazzgahlhnxxhx vdakucnazz
vdakucnwzzgnnlhnxxhx vdakucnwzz
vdakucnwznxnnlgnxxhx vdakucnwzn
vdakucnwgnxnnlgnoqhx vdakucnwg
sdakbcnwgnxnnsgnoqhx sdakb
sdakicuwonxnnsgnoqhx sdaki
sdbdicuwonxnnngnoqhx sdbdicuwonx
sdbdicuwonynnngnmqqx sdbdicuwony
udbqicuwonynnngnmqqx udbqicu
udbqicowonynnnsnmqqx udbqicowonynnns
udbqicowonynnnvetqqx udbqicowonynnnv
utbqicowonynnnvetqqx utbqi
utbqgcowofynnnvetqqx utbqg
utbqccoaofynnnvetqqx utbqccoaofyn
utbqccoaofyzinvetqvx utbqccoaofyz
utbqccofofyninnetqvx utbqccof
utbqcahfowyninnetqvx utbqca
utbqcrhfohyninzetqvx utbqcr
utuqcrhfoeynijzetqvx utuqcrhf
utuqcrhzoeynigzetqvg utuqcrhz
utuqcvszoepnigzetqvg utuqcvszo
utuqcvszpepnigzetrfg utuqcvszp
utuqlvshpepnigzexrfg utuqlvshpepnigze
utuqlvshpepnigzkxmfk utuqlvshpepnigzk
utuzlzshpepnigzksmfk utuzlz
utuzlqahpepnigzismfk utuzlqahp
utuzlqahvepnibeismfk utuzlqahv
upuzlqawvepnibyismfk upuzlqawvepni
upuzlqawvepnvbyjimfk upuzlqawvepnv
upuklqawvepnvryjimfk upuklqa
upuklqewvepnpryjimfk upuklqe
ueuklqewvmpnpryjimrk ue
uyuklqewvmpnpryzimuk uyuklq
uyuklaewvmpnpryzimuu uyuklaewvmpnpr
uyuklaewvmpnpfvzimuu uyuklaewvmpnpf
uylklaewvupnpfvzimuu uylkla
uylklkewvupnpfvzimus uylklkewvupnpf
uylklkewvupnphvzjmus uylklkewvupnph
uvlslkeweupnphvzjmus uvl
uvtslkzweupnphvzjmus uvt
xhtslkzweupnchvzjmus xhts
xotslkzweupnfhvzjmun xotslkz
xotslkbweapnxhvzjmun xotslkb
xotslebweapdxhvzjmun xotsle
notslebweapuxhvzjmen notslebweapux
notslebweapuqhvrjmed notslebweapuq
notmlebweapuqivrjued notmlebweap
notmlebweabufivrjueo notmlebweab
notzlebwegbufiurjueo notz
iotzlebweubufiurjueh io
aotzlebwwbbufiurjueh aotz
aotolebwwjbufiurjuem aotole
aotolzbwrjbufiurjeem aotolzbwrjbuf
aotolzbwrjbuyiurjenm aotolzbwrjbuy
aojolzbwgjbuyiuqjenm aoj
agbolzbwgjbuyuuqjenm agbolzbwgjbuyuuq
agbolzbwgjbuyuudjeni agbolzbwgjbuyuud
agbdlzbwgjbcyuugjeni agbdl
agbdmzbwgjbcyuqgjoni agbdmzbwgj
agbdmzbwglbceuqgjooi agbdmzbwgl
agbdmzbwsleceuqgjuoi agbdmzbws
aqbznzbwsleceuqgjuoi aqbznzbws
aqbznzbwkseceuagjuoi aqbznzbwk
anbztzbwxseceuagjuoi anbztzbw
anbztzbmxceceuagjuot anbztzbm
axbzwzbmxceceuagjuot axbzwzbmxcec
axbzwzbmxceneuagjutt axbzwzbmxceneuagj
axbzwzbmxceneuagastt axbzwzbmxceneuaga
axbjozbmxceneudgastt axbj
jxbjozbmxceneudhasct jxbjo
jxbjnzbxxceneujhasct jxbjnzbxxc
jxbjnzbxxzpnlujhasct jxbjnzbxxz
jxbjnhbxxzpzlbjhasct jxbjnh
zxijnxbxxzpzlbjhasct zxijnxbxxz
zxijnxbxxvwzlbjhvsct zxijnxbxxv
fxijnxbpxvwclbjhvsct fx
hpijnxbpxvwclbjhvsct hpijnxbp
hpijnxbhxvwclbjhpfct hpijnxbhx
hpijnxbhlvwclbjhpfrt hpijnxbhl
hpijjxbhlvwclbjhporr hpijj
hpgjjxbhlvmclbjhporr hpgjjxb
hpgjjxshlvmmlbjhpoyr hpgjjxshl
hpgjjxshzvumlbjcpoyr hpgjjxshz
hpgjjxmhzvumlbjcpjyr hpgjjxm
hrgjjxmhzvumlojcpjyr hrg
hrvjlxmhzvumloicpjyr hrvjlxmh
hrvjlxmmzvumloicrjyr hrvjlxmm
hrijlxmmyvumlsicrjyr hrijlx
hrijlpmmyvumlsgcrjar hrijlp
hrzblpmmyzumlsgcrjar hrzbl
hrzbopmmyzumjsgcraar hrzbop
hrzboummyzfmjsycraar hrzboum
hrzbouxmyzfmveycraar hrzbouxmyzfmve
hrzbouxmyzfmvnycryir hrzbouxmyzfmvn
trzbouxmyzfmvnycwyir tr
tkzbouxmyzfcvnypwyir tk
vkzbonxmyzfcrnypwyir vkzbonxmy
vkzbonxmozfbrnmpwyir vkzbonxmo
vkzeonxmhzfbrnmpwyqr vkzeon
vkzeovxmhzfbrnmpqyqr vkzeov
vlzeovxmhztbrnmvqyqr vlz
fuzeovxmhztbanmvqyqr fu
fgzeovxmhzjbanmvqyqr fgzeovxmhzjba
fgzeovxmhzjbfnmlqyqr fgzeovxmhzjbf
ftzeovxmhzjbznmlqyqg ft
flzeovxmhzjbznmlqycg flzeovxmhzjbznmlq
flzeovxmhzjbznmlzqct flzeovxmhzjbznmlz
flzeovxmyzjbzuplzqct flzeovxmyz
flzeovxmyyjbzuplrqct flzeovxmyy
flzeovxmgnjbauplrqct flzeovxmg
fyzekvxmgnjbauplrqct fy
syzekvxmgnjuauplvqct syzekv
syzekfxzgnjuaupcvqct syzekf
syzzkfxzlnjaaupcvqct syzzkf
sqzzkfxzlnjeaupevqct sq
syzzkrxzlnjeakpevqct syzzkr
cyczkrxzlnjeakpevqjt cyczkrxzln
cyczkrxzlvjeakpevljt cyczkrxzlvj
cyczkrxzlvgeakpuvljq cyczkrxzlvg
cyczkcxvlvgeakpulljq cyczkc
cyczccovlhgeakpulljq cyczc
ryczccovlhgeakpklljg ryczcc
ryczceovlhmeakpkfljg ryczce
ryszceovlhmehkpkfljg ryszce
ryszcqovlhxehkpkoljg ryszcq
reszcqodbhxehkpkoljg res
rxszsqodbhxeukpkoljg rxszsqodbhxeukpk
rxszsqodbhxeukpjoljt rxszsqodbhxeukpj
rcszsqodbhxdukpjpljt rcs
rcwzsqedbhxdukpjpvjt rcwzsqe
rcwzsqhdbhxdukpxpvat rcwzsqhdb
rcwzcqhdbzxdukpxpqat rcwzcqhdb
rcwzcqhdwzxdukexpqao rcwzcqhdw
rcwzsqhdwzxdukxqpqao rcwzsqhdw
ruwzsqzdwzxdukoqpqao ru
rrwzsqzdwzxdukoqpqao rrwzsqzdwzx
rrwzsqzdwzhdukodpbao rrwzsqzdwzh
rrwzsqodwzhdukodppzo rrwzsqodwzhdukod
rrwzsqodwzhdukoszpzo rrwzsqodwzhdukos
rrwzsqodhwhdusoszpzo rrwzsqodh
krwksqodhwhdusoszpzq kr
kfwksqodhwhdusoszqzq kfw
kfvksqodhwhdusotzqzq kfv
kdvkeqodhwhdysotzqzq kdv
eivkeqodhwhdysotgqzq eivkeqodhwhdy
eivkeqodhwhdxsjtgqdq eivkeqodhwhdx
eiskeqoehwqdxsjtgqdq eiskeqoehw
eiskeqoeheqdxsjtgqdq eiskeqoehe
eiskwqysheqdxsjtgqdq eiskwqysheqdxsjt
eiskwqysheqdxsjvhqdq eiskwqysheqdxsjv
eiskhqysheqdbsjvhqdn eiskh
eiykhqesheqdbyjvhqdn eiykhqes
eiykhqewhcydbyjvhqdn eiykhqew
eyykhqewhcysbyjvhqdy eyy
ecykhqewpcysbyzvhqdy ecykhqe
ecykhqqwpcysbpwvhqdy ecykhqq
eeykhqqwpcysbpwvhndz ee
geykhqqwpcysbpwvhnqe gey
gxyphqqwpcysbpwvhnqe gx
gmyphqqwecysbphvhnqe gmy
uryphqqwecysbphvonqe uryphqqwecysbp
uryphqqwecysbnhvznqe uryphqqwecysbn
uryphqqwmaysbnhiznqe uryphqqwm
uryphqqcmaysgnziznqe uryphqqc
rhyphqqcmaysgnziznqe rh
zhqphqqcmaysgnziznqe zh
ajqphqqomaysgnziznqe ajqphqqo
ajqphqqgmaysguciznqe ajqphqqg
yjqihqqgyaysguciznqe yjq
yjnihqqgyqysgucicnqe yjn
yhnihqhgyqysfucicnqe yhnihqhgyqys
yhnihqhgyqymfucicnqe yhnihqhgyqym
yhnihqhgoqymfuiicyqe yhnihqhgo
yheihqhgoqymfuyioyqe yhe
yneihzhgoqymfuyioyde yneihz
yneihqhgoqfmfuyioyse yneihq
ypeihqhooqfmfurioyse ypeihq
ypeihgzooqfmfurqoyse ypeihg
ypbkhgzoovfmfurqoyse ypbk
ypbvhgzlovfmfurqoysx ypbv
ypbehgzpovfmfurqoysg ypbe
yobehgzpovfmfurqqysu yo
robehgzpcvfmfurqqysu robe
robrhgzpcvwxfurqqysu robrh
robrwgzpcvwxburqzysu robrwg
rmbrwfzpcvwxourqzysu rmbrwf
rmbrwcapcvwxourqzysu rmbrwcapcv
rmbrwcapcbwcourqbysu rmbrwcapcb
robrwcapcbwcouvqbysj robrwc
rlnrwcapcbwcouvqbysh rl
rznrwcapcbwcfkvqbysh rz
fznswcapcvwcfkvqbysh fznswcapcv
fznswcapcnwcpkvqbywh fznswcapcn
fznswbapcngcpkvqbyih fznswbapcng
fznswbapcnicxkvqbfih fznswbapcni
fzjswbapcnioxkvqcfih fzjswbapcniox
fzjswbapcniopklqcfih fzjswbapcniop
fzjswbarcnzopklwcfih fzjswbar
fzjsfbarcneopklwcfxh fzjsf
fzjdfrarcneopklwbfxh fzjdfr
fzjdfwartneowklwbfxh fzjdfw
fzjdfoaetneownlwbfxh fzjdfoa
fzjdfoieuneownlwbfxh fzjdfoi
fzjdjoieuneownlwbfxy fzjdj
fzjcjoieuneownlwbrxq fzjcjoie
fzjcjoiwsnyownlwbrxq fzjcjoiw
fzjcjoibswyoxnlwbrxq fzjcjoibsw
fzjcjoibsiyoxnlwhrxq fzjcjoibsi
fzjcjcvbsiyoxxlwhrxq fzjcjcv
fzjcjcybsiyoxxlwerxq fzjcjcy
fhpcjclbsiyoxxlwerxq fh
jhpcjhlbsiyoxxlwerxd jhpcjhlbsiy
jhpcjhlbsivoxelwerxd jhpcjhlbsiv
jhpcfhlbsivoxplwerxd jhpcf
gupcfhlbsivlxplwerxd gupcf
gupcohlbmivzxplwerxd gupco
glhcohlbmivzxplwerxd glhcohlbmivzxp
glhcohlbmivzxvlwvrhd glhcohlbmivzxv
glhmohlbmivzxvlwvwcd glhm
glhoohlkmivzxvlwvwcb glhoohl
glhooflkmiuzxvlwvwcb glhooflkmiuz
glhooflkmiubuvlwvwcc glhooflkmiub
glhooalkmiuyuvlwfwcc glhooa
glhoohekmiuyuvlwfwci glhoohe
glhoehekmhuyuvlwkwci glhoehe
glhoehjkmhuyunlwlwci glhoehj
glhorejkmhuyunlwlbci glhor
gchorajkmhujunlwlbci gchor
gchoxajkmhujcnlwlbci gchox
ychoxbjkmhujcnlwlbci yc
vchoxbjkmhhjcnmwlbci vchoxb
vchoxnkkmhhjcnmwlbcg vchoxnkk
vchoxnksmhhjcnbwkbcg vchoxnks
vcaoxnksmhhjcnawkbug vca
vqapxnksmhhjcnawnbug vq
vyaprndsmhhjcnawnbug vyaprnd
vyaprnqsmhwjcnawnbug vyaprnq
dyaprnqsmhwjcnaqnbug dyaprnqsmhw
dyaprnqsmhgjcnhqnbug dyaprnqsmhgjcn
dyaprnqsmhgjcfpqnbug dyaprnqsmhgjcf
dyappnqsfhgjcfpqnbua dyappnqs
dyapjnqhfhgjchpqnbua dyapj
dyappnqhfhgjchpqnaua dyappnqhf
dyappnqhchgjcyiqnaua dyappnqhc
dyzppnahcjgjcyiqnaua dyzppnahcj
dyzppnahcagzcyiqnaut dyzppnahca
dlzppnaecagzcyiqnaut dlzppnaecagz
dlzppnaecagocfiqnalt dlzppnaecago
dlzipnaqcagoceiqnalt dlzi
dlpipnaqcagoceidnllt dlp
llpitnaqcaroceidnllt llp
lapitnaqcaroceirnllt lap
lamitnaycaqoceirnllt lami
lamytnaycaqoaeirnllu lamy
lakytnaycaqoaeirnlly lakytnaycaq
lakytnaycasoaeisnlly lakytnaycas
lakyanavcrsoaeisnlly lakya
lakyjnvvcrsraeisnlly lakyjnv
lakyjnhvcrsramisnlly lakyjnhvcrs
lakyjnhvcrnramisylly lakyjnhvcrn
lakyjnhvcknramiswlly lakyjnhvck
zaaytnhvcknramiswlly zaaytnhv
zaaytnhfckzramiswwly zaaytnhf
zzaytnhfckzrqmiswwly zzaytnhfckzrqmi
zzaytnhfckzrqmrsywly zzaytnhfckzrqmr
zzaytuhfikkrqmrsywly zzaytu
zqaytuvfikkrqmrsywle zqayt
zqayluvfikkbqmcsywle zqayl
zqaoluvfikkbqyctywle zqao
nqaoluvoikkbqyctywre nq
otaoluvoikybqyctywre otaol
otaobuvoikybqymtywrr otaobuv
otaobuaaikybqymtywrr otaobuaai
otakbuaaigybqymtywjr otak
otaobuaazgybqymnywjr otaobuaaz
otkobuavzgybqymnygjr otko
otkvquavzgybqymnyqjr otkv
otyvqaavzgybqymnyqjr oty
lgyvqaavzgybqyknyqjr lgyvqa
lgyvqzavzgybqykzyijr lgyvqz
lgyvqfavxgybqykzoijr lgyvqf
lgyvmfavxgyzqykeoijr lgyvmfavxgyzqykeo
lgyvmfavxgyzqykexikr lgyvmfavxgyzqykex
lgyvpfavxgrzqykexdkr lgyvp
lgyypfavxgrzqqkexdkr lgyy
lgoyzfavxgrzqnkexdkr lgoy
lgoazsavxcrzqnkexdkr lgoa
lgaazsapxcrzqnkexdbr lgaazsa
lgaazszrxcrzqnkexdbr lgaazsz
lgaazsvrxchzqrkexdbr lgaazsv
lgaaztvrxvhzqrkexqbr lgaaztvrx
lgaaztvruzhzqrkexqbr lgaaztvru
ljaaztkruzhzqrkexqbr ljaaztkr
ljaaztkyuzhzhrkexqsr ljaaztkyuzhz
ljaaztkyuzhfhrseuqsr ljaaztkyuzhf
ljaaztkyukhfhfseuqsr ljaaztkyuk
ljaaztryukhfhxseuqsr ljaaztr
ljaazttyukpfzxseuqsr ljaazttyukp
ljaazttyukwfzxseyqsr ljaazttyukw
lkaaztcyukwfzxseyusr lkaaztc
lkaaztoyfkbfzxseyusr lkaazto
lnaaztoyfkbfzxhzyusr lnaaz
lnaattoyfkbfzxhzeusg lnaattoyfkbfzx
lnaattoyfkbfzahzeusf lnaattoyfkbfza
lnvattoyfkbszahzsusf lnv
jnvattoyikbszahzsfsf jnva
jnvhttoyikbszyhzyfsf jnvhttoyikbsz
jnvhttoyikbsqphzrfsf jnvhttoyikbsq
jnvhttoaikbsephhrfsf jnvhttoa
hnvhttmaikbsepthrfsf hn
hzvhttmairbsepthrfsf hzv
hzmhttmairbsypthrfsf hzmhttm
hzmhttnairbsopthrfsn hzmhttn
hzmhttihirblopthrfsn hzmhtti
hdmhttihirbpoptnrfsn hdmhttihi
hdmhttiharypoptnrvsn hdmhttiharypo
hdmhttiharypcpxfrvsn hdmhttiharypc
pdmhttiharypcpxfrvsj pdmhtti
pdmhttkhatypcpqfrvsj pdmhttkhat
pdmhttkharypckqfrvsa pdmhttkhar
pdmhttohmryxckqfrvsa pdmhtto
pvahttohmeyxckqfrvsa pva
pvmhttohmeyxdtqfrvsa pvm
xvmhttohmxyxdtqfrvsm xvm
rvmhttbhmxysdtqfrvsm rvmh
rymhttahxxysdtqfrvsm rymhtt
rymhtyahxxysdcqhrvsm rymhty
rythtyahxxfsdjqhrvsm rythty
rythtuahxxfgbjqhrvsm rythtu
ryfhfuqhxxfgbjqhrvsm ryfhfuq
ryfhfulhxxfgbjqhpzsm ryfhful
ryfhfuhhxxfgbjqhpwhm ryfhfuh
rwfhfyhhxxfgbqqhpwhm rw
rdfhfyhhxxfgbqqhpwtm rd
rpfhfybhxxfgcqqhpwtm rpfhfybhxx
rpfhfybhxwfgcqqhpwtm rpfhfybhxw
rpfhfyyhxwfgcqyhpwtm rpfhfyy
xpfhfyyhxwfgcqyhaytm xpfh
xpfxfyyzxgfgcqyhaytm xpfxfy
xpfxfqyzxgfgcqyhaymm xpfxfq
xpfxfeyzxgfgctdhaymm xpfxfe
bjfxfeyxxgfgctdhaymm bjfx
bjfofeyxxgfgcfthaymm bjfo
ejfofeywxgfgcnthaymm ejf
ejcofvywxgrgcnthaymm ejcofv
ejcofnybxgrgnnthaymm ejcofnyb
ejcofnyrqgrgnnthaymm ejcofnyr
xjcofnyrqgronnnhaymm xjc
xfclfnyrqgropnnhaymm xfcl
xfctfnyrqsropnnhaynm xfct
xfcmfnyrbsropnnhaybm xfcmf
xfcmtnyrxsropcnhaybm xfcmt
xfcwtnxresropcnhaybm xfcw
tfcwtnxresropwnhagbm tfc
tfywtnxrerropwnaagbm tfyw
tfyftnxrsrropwnaasbm tfyftnxrsrropw
tfyftnxrsrropbdaasxm tfyftnxrsrropb
thyftpdrsrropbdaasxm thyftp
thyftidrjrropbdazsxm thyfti
ttyftidrjrropbdrzsxb tty
ktyftigrjrropbdrzsxb ktyftigrjr
ktyftigrjorovbdrzsxb ktyftigrjo
qryftigrjrrovbdrzsxb qryf
qrybtighjrrovbdrzsxb qryb
ceybtighjrxovbdrzsxb ceyb
ceyttighjrxovqdrzsxo ceyttighjrxo
ceyttighjrxjvqdrzsoh ceyttighjrxj
ceyttighefxjvqdrzsoh ceyttighefxj
ceyttighefxwvqdrzpoc ceyttighefxw
ceyztighefmwvqdrzpoc ceyz
ceyytighefmwvqdropoc ceyytighef
ceyytighezmwhcdropoc ceyytighez
cejftighezmwhcdronoc cejftig
cejftibhnzmwhcdronjc cejftib
ceuftabhnzmwhcdrpnjc ceu
cjuftabhxzmwhcdrpnxc cj
ejuftnbhxnmwhcdrpnxc ejuft
ejuflnbhxnmwhcdcpnxc ejufln
ejufltuhxnmwhcdcpexc ejuflt
eguflwuhxnmwhcdcpexv egu
egyflwuhxnmwicdcpexv egy
igyflfuhxnmnicdcpexv igyflfu
igyflfihynmnicdcpeev igyflfi
igzflfihnnmnmcdcpeev igz
igeflfihnnmnmcdcaeev ige
igaflfihnnmnmcocamev igafl
igafyficnnmnmcocamev igafyf
igafylicnncnfcocamev igafylicnncn
igafylicnncmfcocarev igafylicnncm
ixafylicnkymfcocarev ix
kxvfylicnkymfzocarev kx
vcvfylicnkymfzocazev vcvfy
vcvfnlicnkygfzocavev vcvfnlicnkygfz
vcvfnlicnkygfeoctvev vcvfnlicnkygfe
vcvfnlicnsygneoctvev vcvfnlicns
vcvfneiclsygneactvev vcvfne
vcefneiclsygnqactved vce
vlwfneiclsygnqactved vlw
glwxneiclsygnqacqved glwxneiclsyg
glwxneiclsyinqacqvow glwxneiclsyi
glwxkeiclsyinqahqvow glwxk
glwxaeiclsyinqahqdow glwxaeicl
glwxaeicnsyinqahedow glwxaeicn
glwxpeicnzyinqlhedow glwxp
guwxpeicnzyinbrhedow guwx
guwlpeicnzyinbrhejmw guwlpeicnzyi
guwlpeicnzyanbrfejmk guwlpeicnzya
gmmlpeicnzyanbrfmjmk gmm
gsmlpeixnzyanhrfmjmk gsm
gsolpeixizyanlrfmjmk gsol
gsojpjixizyanlrfmjnk gsojpji
gcajpjixizyanlrfmjlk gcajpjixi
gcajpjixvayaslrfmjlk gcajpjixv
gcajxjixvaybslrfmklk gcajx
gsajxjixvaybzlrymklk gsajxji
gsajxjrxvaybolrymknk gsajxjr
gsajpjrxvaybylrymktk gsajp
gsojpjrxvawbylrymktk gsojpjr
gstvpjrxvawbzlrymktk gst
gdtvpjrxvawszrrymktk gdtvpjrxvaw
gdtvpjrxvagszrrymntk gdtvpjrxvag
gptvpjrxeagszrhymntk gptvp
gptvljrxeagszrhcmnsk gptvljrxeag
gptvljrxeaiszrhcjnck gptvljrxeaiszrhcjnck
gptvljrxeaiszrhcjncu gptvljrxeaiszrhcjncu
gptvljrxeaxszrhcpncu gptvljrxeax
gztvljrxearszrhcpgcu gzt
gzgvljrxearszrhcxgcu gzgvljrxe
gzgvljrxbauszrhcxgcu gzgvljrxb
gvgvljrxbauszrhcxgcr gvgv
gmgvljrxbauwzrkcxgcr gmg
bmgvljhxbauwzrkccgcr bmgvljhxb
bmgvljhxmauwzckcngcr bmgvljhxmauwzckcngcr
bmgvljhxmauwzckcngcv bmgvljhxmauwzckcngcv
bmvvljhxmauwzckvngcw bmvv
bmviljhxrsuwzckvngcw bmvi
cmviljhxrsuwzrkvngcw cmv
cnviljhxrsuwzrkvntcw cnviljhxrsu
cnviljhxrsgwzrlvvtcw cnviljhxrsg
cnvipjhxrsawzrlvvtmw cnvipjhxr
cnvipjhxhsawhrlvvtml cnvipjhxh
cnvipjhqxsaqhrlvvtml cnvipjhq
cnvipjqqtsaqirlvvtml cnvipjq
cnvipjbqtsaqirlivtml cnvipjbqtsaqirliv
cnvipjbqtsaqirpietmi cnvipjbqtsaqirp
cnvipjbqtsaqirliecwi cnvipjbqtsaqirlie
cnvipjbqtveqirliecwi cnvipjbqtv
cnvicjbqxveqirliecji cnvicjbqxv
cnvicjbqxyeqirlaeaji cnvicjbqxy
cnvicjyqxyeqirhkeaji cnvicjyqx
cnvicjyqsygqirikeaji cnvicjyqs
cnlicjyqsyyqnrikeaji cnl
qnlicmyqsyyqnrikeaji qnlicmyqsyy
qnlicmyqsycqnriknaji qnlicmyqsyc
qnlccmyisycqcriknaji qnlc
qnlicyyisycqcwiknaji qnlicy
qniicyuisycqcwiknaji qni
qkiicyuisycqcwxmnaji qk
qoiigyucsycqcwxmnaji qoii
qoixgyucsycqcwkmnaja qoix
qoiugyucsycqlwdmnaja qoiu
soiugyucsycqlwdmngja soiug
soiuoyucsocqlcdmngja soiuoy
soiuorucshcqlcdmndja soiuorucs
soiuorucjhzqlckmndja soiuorucj
soiuorucohfqlckmndjn soiuoruco
soiuorhcohfqlcrmrdjn soiuorh
hoiuorhcohfqkcrmrdjn hoi
hoauqrhcohfqkcrmrtjn hoa
woauqrhcohftkcxmrtjn woauqr
woauqthcohatkcxmrtjx woauqt
ooauqthcohabkcxcrtjx ooauqthcohab
ooauqthcohawkcxcrtjn ooauqthcohaw
ooauqthqohawkcxcrtjn ooauqthq
ooaeqtfqohawkcxcrtkn ooae
soaeptfqohawkqxcrtkn soa
foaettfqohawkqxcrtkn foa
fomettfqohawkqodrtkn fom
tomettfqzhawkqodrtkn to
tvmettfqzhawkqodrukn tv
rvmettfqzhawkqrdruyn rvmettfq
rvmettfwzrawkqrdrgyn rvmettfw
rvmettdwzrawkmrdrgyn rvmettd
rvtettlwzrawkmrdrgsn rvtettl
rvtettzwzeawkmrbrgsn rvtettzwzea
rvtettzwzexwkmrbrgsa rvtettzwzex
rvtettznzexwkmrbrgao rvtettzn
rvueltznzexwkmrbrjao rvu
rvgeltznzexwkmahrjao rvgel
rvgeifznzexkkmahrjao rvgei
rvgaifznzexkkmahnjao rvga
cvgaizznzexkkmahnpao cv
cygaizznzezkkmahnpao cyg
cyaawzpnzezkkmahnpao cyaawzpnzez
cyaawzpnzevkymahnpao cyaawzpnzev
cmagwzpnzevkymahnrao cmagwzpnz
cmagwzpnmevkymahnral cmagwzpnm
mmagwzpkmevkymahnrai mmagwzpkmevky
mmagwzpkmevkffahnrai mmagwzpkmevkf
jmagpzskmevkffahnrai jmagpzs
jmagpzikeevkffahnrai jmagpzi
jmagptikeeykffahnrpi jmagpt
jmjgplikeeykffahnvpi jmjgplike
jmjgplikcepgffahnvpi jmjgplikcepgffahnvp
jmjgplikcepgffahnvky jmjgplikcepgffahnvk
tmjrxlikcepgffahnvky tmjr
tmjoxlikaepgffahtvky tmjoxli
tmjoxlkkaepgffvhtuky tmjoxlk
omjoxlkkaepgofvmtuky omjox
omjowlkkaeugofvmtuxy omjowl
omjowwkkaeugofvbiuxy omjowwk
omjowwfkakumofvbiuxy omjowwf
omjowwjkalumofvbiuxu omjowwjkalu
omjowwjkalkmefvbiuxw omjowwjkalk
omjowwjkalomefcbifxw omjowwjkalo
omjopdjkalomefcbifxw omjopdj
omjopdqoalomefcwifxw omjopdq
ttjopdqoalomofcwifxw ttjopd
ttjoplqoalomofxwifgw ttjopl
ztjoplqoalptofxwifgw ztjo
ztjwpldoalptofxwqfgw ztjw
zjjwpldoglptufxwqfgw zj
zqjwpldoglptufxcqfpw zqjwp
zqjwrodoglptufpcqfpw zqjwr
zqjmrjdoglptuxpcqfpw zqjm
wqjmljdoglptuxpcqfps wqjml
wqjmtjdoggptuxvcqfps wqjmtjdog
wqjmtjdoygktufvcqfps wqjmtjdoygktu
wqjmtjdoygktlfvnqfpa wqjmtjdoygktl
wqjmtqdoygkklfvnqfpa wqjmtq
wqjmjqdoygkklfvoqfpg wqjmj
wqjbjrdokgkklfvoqfpg wqjbjrdo
wqjbjrdukkkklfvodfpg wqjbjrdukkk
wqjbjrdukkbkldpodfpg wqjbjrdukkb
wqjbjrduvkuklspodfpg wqjbjrduv
wqjbjrdukkunespodfpg wqjbjrdukku
oqnbjrdukkunespodffg oqn
oqubjrdukkqnespodfft oqubj
oqubqrdukkmtespodfft oqubqrd
oqubqrjuakmtmspodfft oqubqrj
oqujqmjuakmtmspodfft oquj
ozujpmjuakmtmspxdfft ozujpmjua
ozujpmjujqmtmskxdfft ozujpmjujq
ozujpmjujgmwmsvxdfft ozujpmjujg
ozfjpmkujgmwmsvxtfft ozfjpmkujg
ozfjpmkujhmwmsvrtpft ozfjpmkujh
ozfjpmkucsmwmuvrtpft ozfjpmkuc
ozfppmkucamwwuvrtpft ozfppmku
ozfppmkrcamwwuvvtpht ozfppmkr
ozfpmmkreamwwuvvtdht ozfpmmkrea
ozfpmmkrezmwwugvtuht ozfpmmkrez
ozfimmkrezmwwupttuht ozfi
oefiomkrezmwwupttjht oefio
oefiemurezmwwnpttjht oefie
oeiiemurezmmwppttjht oei
oriiemukezmmwvpttjht oriie
oriiwmuzezmmwvptnjht oriiw
ouiiwmuzezmmfvptnjft ouiiwmu
ouiiwmxzezmmfcptnjfq ouiiwmxzezm
ouiiwmxzezxmfcppndfq ouiiwmxzezx
obiiwmxrezxmfcppxdfq obiiwmxr
obiiwmxhezxffcppxdeq obiiwmxh
obiiwmxfezxffcppxdev obiiwmxf
oiijwmxfezxffcppxdev oiij
oiihwmifezxffcppxdjv oiih
oiqhwmifezxffcppxtjv oiq
biqhwgifezgffcppxtjv bi
beqhwgifezgfkcppxtjy be
tethwgifezgfkcppxtxy tethwg
tethwekfezgfkcppxtxy tethwe
tethqektezgykcppxtxy tethqektezgykcp
tethqektezgykcxpitxy tethqektezgykcx
tethqekmezgywcxpitxy tethqekm
tetfqdkmehgywcxpitxy tetfqd
tetfqnymehgywcxpilxy tetfqn
tetkgnymehrywcxpilxy tetk
tethgnymehrywcxpixxy tethg
rethgnymehxywcxpixxy rethgny
rethgnkmehxpwcxpijxy rethgnk
rethgikmehxpwfxpijny rethgikme
rethgikmghxpwqxpijny rethgikmg
rethcikmgmxpwqipijny rethcikmg
rethcikmsmupwyipijny rethcikms
rrbhchkmsmupwyipijny rrb
arbhchomsmlpwyipijny arbhchomsmlpwyip
arbhchomsmlpwyintjny arbhchomsmlpwyin
arbhfhomnllpwyintjny arbhfh
arbhfvotnllpwyiktjny arbhfv
acbhfvotnllpwygktjny acbhfv
acbhftotnllpwdgktjdy acbhft
acdhftotnllpwdgktjgx acdhftot
acdhftobnllpwdqkwjgx acdhftob
acthftubnllywdqkwjgx act
vcthffubnllywdqkwjgx vcthffu
vcthffnbnllywdqnwjgx vcthffn
vcthffhbnllykdqnwjgx vcthffhbnllyk
vcthffhbnllyxdqnwjpz vcthffhbnllyx
vcthfahbnllyldqnwjpz vcthfahbn
vcthfahbilgyldqtwjpz vcthfahbilgyld
vcthfahbilgylnmtwxpz vcthfahbilgyln
vcjofahbplgylnmtwxpz vcjofahbpl
vcjofahbphgslnmtwxpk vcjofahbph
vcjofahbpigslvmtdxpk vcjofahbpi
vcjsfahdpigslvstdxpk vcjs
vcdsnahdpigslvstdxak vcd
vgdsnahdpigslustdxak vg
vodynahdpidslustdxak vodyn
vodyjamdpidsluspdxak vodyjamdpi
vodyjamdpadslusqdxyk vodyjamdpa
vxdyjamdiadqlusqdxyk vx
vhmyjahdiadqlusqdxyk vh
khmyyahdiadmlusqdxyk khmy
khmuyahdiadmlusqxxyv khmuyahdi
khmuyahdyakmlusqxxys khmuyahdy
kvmuyahdyafmlusqxhys kvmuyahdyaf
kvmuyahdyaxmlusqxhyf kvmuyahdyaxm
kvmuyahdyaxklusqyhyd kvmuyahdyaxk
kvmzyahwyaxkbusqyhyd kvmzyah
kvmzyapwyaxkbmsqyhyl kvmzyapwyax
kvmzyapwyavqbmsqyhyl kvmzyapwyav
klmzyapwyavqomsqyhzl klm
dlqzyapdyavqomsqyhzl dlqzya
dlqzyojdyavqomjqyhzl dlqzyo
hlkzyojdyavqomjvyhzl hl
klkzyojdyavqomjvyhvl klkzy
klkzoojdyavqomjhyhvl klkzo
wlkboajdyavqomjhyhvl wlkboajdy
wlkboajdjavqoyjhyhal wlkboajdjavqoy
wlkboajdjavqoujhyitl wlkboajdjavqou
wlkboajdiakqoujhxitl wlkboajdi
wlkboajezaxqoujhxitl wlkboajezaxq
wlkboajezaxgzujhxirl wlkboajezaxg
wlkboajenaxgzmjdxirl wlkboajen
wlqbohnenaxgzmjdxirl wlqbo
wlqbaheenaxgzmjdxdrl wlqba
wjqbaheenaxgfmjdxdql wj
djqbaheenaajfmjdxdql djqbaheenaa
djqbaheenazjfmjdxdnm djqbaheenaz
djqfaheexazjfgjdxdnm djqfahe
djqfahgexazjfgjyxdnm djqfahg
hjqfahgexazdfkjyxdnm hj
haqfahhexazdfkjyxdnm ha
raqfahhlxazdfkjyudnm ra
daqfanhlxazdfkjyudbm daqfa
paqfhthlxazdfkjyudbm paqfhthlxazd
paqfhthlxazufqjysdbm paqfhthlxazu
daqfhthlxazufqjysdlb daqfhthlxazufqjysd
daqfhthlxazufqjysqlb daqfhthlxazufqjysq
daqfhtelxzzufqjysqlb daqfhte
daqfhtzlxqzcfqjysqlb daqfhtz
dakfhozlxqzcfqjymqlb dakfhozlxq
dakfhozlxezmfqjyiqlb dakfhozlxe
daufhozexezmfqjyiqlb daufhozex
daufhozedezmfqjoiqlb daufhozed
daufiozxdezmfqjbiqlb daufi
iaufiozadezmfqrbiqlb iaufiozadez
iaufiozadeqmtqrbiqlz iaufiozadeq
iaufiocadmqmwqrbiqlz iaufioc
xaufmocadmqmwqrbiqlc xaufmoca
xaufmochdmjmwbrbiqlc xaufmoch
xezfmochdmjmwbryiqlc xez
xeofmochdmjmwiryiolc xeo
geofmochdmjmwiryinhc geofmochdmjmwi
geofmochdmjmwbryfnbc geofmochdmjmwb
qeofmocbdmjmwbryfnbc qeofm
qeofaocbdmjmwbryfnhc qeofa
qeoeaocbdmjfwbryfnhc qeoeaocbd
qeoeaocbqmjfwbryfchu qeoeaocbq
qeodaocbqzgfwbryfchu qeod
qeonrocbqigfwbryfchu qeon
qeoprocbqbgfwbryfchu qeop
qioprocbqbgfabryfchu qioprocbqbgf
qioprocbqbgwabryfchi qioprocbqbgw
qioprocbqbgbabryfemi qioprocbqbgb
qioprocblbhbavryfemi qioprocbl
qzoprocnlbhbavryfedi qzoprocnlbhbavr
qzoprocnlbhbavnyordi qzoprocnlbhbavn
qzopuocnlbhbrvnuordi qzopu
qzocuocnlbhbrvnmordi qzocuocnlbh
qzocuocnlbdbrvnpordi qzocuocnlbdbrvnp
qzocuocnlbdbrvngaqdi qzocuocnlbdbrvng
qzocuoculbdbrvoyaqdi qzocuocu
qziruoculbdbevoyaqdi qzi
qzuruocglbdbevoyaqwi qzu
xluruvcglbdbevoyaqwi xluruvcgl
xluruvcgnbdbevoydqwx xluruvcgn
xlurkvcgnbdnevcydqwx xlurkvcg
xlurkvcqnbdnevcydqwb xlurkvcq
olurkvcqnpdnevcwdqwb olurkvcqnp
olurkvcqnmdnovcwdqwb olurkvcqnm
olurkvkqnmdngvcwdqlb olurkvkqn
olurkvkqumdngvcwdieb olurkvkqu
olurkvcqumznmvcwdieb olurkvcqu
olurkvsqukwnmvcwdieb olurkvsqukwnmvc
olurkvsqukwnmvlldihb olurkvsqukwnmvl
olurkosqukwnmvllddhs olurko
elurkostukwnmvrlddhs elu
elzrkostukwnmgrlddhs elzr
elzmkostukwnmgrvddhs elzm
eyzykrstukwnmgrvddhs eyz
eyvykrstukznmgkvddhs eyvykrst
eyvykrsbukznmgtcddhs eyvykrsb
evvykrdbuuznmgtcddhs evv
evgmkrdbuuznmgtfddhs evgmkrdbu
evgmkrdbzuznagtfddhm evgmkrdbz
evumkrdbzuznqgtfddhm evu
evbmkrdlzuznqgtfddhv evbmk
evbmardlzuznqgtvddhv evbmardlzu
evbmardlzoznpgtyddhv evbmardlzo
evbdardlzoznpgmypdhv evbd
svbdardlzozfpgmypdhv sv
avbdardlxozfpgmypdhv avb
avpdardlpozfpgqypdhv avp
avjdordlpozfpbqypdhv avjdordlpozf
avjdordlpozhppqypehv avjdordlpozh
avjdordcpozhppqynvhv avjdordc
atqdordcpozhppqfnvhv atqdordc
atqdordzpozhpplfnvcv atqdordz
atqdojzzpozhpplfnkcv atqdojzzpo
atqdojzzpqzhpglfekcv atqdojzzpq
atquojzzfqahpglfekcv atqu
ltquojaxfqahpglfekcv ltquojaxf
ltquojaxqqchpglfekcx ltquojaxq
ltquojhxbqchpglfekcx ltquojh
ltqupmrxbqchpglfekcx ltqup
ltqutmrxbqcypglfekcx ltqut
lhqutmrxbqcspglflkcx lhqu
lhqntmrxbqcspglwrkcx lhqntmrxb
lhqntmrxnqcspglwowcx lhqntmrxn
lhmntmrxnfcspglwowcx lhmntmr
lhmntmuxnfcszglwowcx lhmntmuxnfcsz
lhmntmuxnfcsfzywowcx lhmntmuxnfcsf
lhmntmvxnfcsfzdwowcx lhmntmv
lsmntmvxnfcsgzdwjwcx lsmntmvx
lsmntmvwnflqgzdwjwcx lsmntmvw
lsmntmvfnflqgcdyjwcx lsmntmvf
lsmntlvfnelqgcdyewcx lsmntlvfnel
lsmntlvfneoqgcdyswcx lsmntlvfneo
lsmntlvfreoqgcdyswch lsmntlvfr
llcctlvfreoqgcdyswch llcctlvf
llcctlvzretqgcdysuch llcctlvz
llccmxvzretqgcdmsuch llccmxvzr
llccmxvzhetqgckcsuch llccmxvzh
llccmmvzhetqqckcsuth llccmm
lgccmmvzqetqqckckuth lgccmmv
lgccmmyzqebqqckckuth lgccmmy
lgccmcyzqebqqczckuth lgccmcyz
lgccmcyoqebqqczxsuth lgccmcyo
lqcfmcfoqebqqczxsuth lqcf
lqcxmcxoqebqqjzxsuth lqcxm
lqcxecxoqebeqjzxsueh lqcxecxoq
lqcxecxobeneqjzxsuph lqcxecxob
lqcxemxobeneqizxsupm lqcxemxo
lqcxemxmbeneqvzxsupi lqcxemxm
lqchnmxmbeneqvzxsupw lqchnmxmb
lqchnmxmdenesvzxshpw lqchnmxmd
lqchnmxmuenesvvxshpw lqchnmxmu
lqchnmamuekesvvxshsw lqchnma
lqchngamuekesovxshsw lqchngamue
lqchnfamuekesooxshsw lqchnf
lqchngamubkesooxshsg lqchngamub
luchngamubkesooxshsa luch
lucyngamubkesooxshta lucyngamubk
lucyngamubpesooxshtj lucyngamubp
lmcyngamubzesooxdhtj lmc
bmcytgamupzesooxdhtj bmc
bmfytgamuplesorxdhtj bmfytgamu
bmfytgamlpleskrxihtj bmfytgaml
bmfytggmlpljskrxihtw bmfytggm
bmfytggzlpyjskrxihts bmfytggz
bmfctggzlpyjmkrxdhts bmfc
bmqctggzxiyjmkrxdhts bmq
bpqctygzxiycmkrxdhts bp
bzqctqgnxiycmkrxdhts bzqctq
bzqctdgnxiycmkreyhts bzqctdgn
bzqctdgzxiycmkpeyhts bzqctdgz
bvqctdgyxiycmkpeyhts bvqctdgyxiy
bvqctdgyxiuabkpeyhts bvqctdgyxiu
bvqctjgyxidabkpeydts bvqctj
bvqctngyxidabepeydts bvqctngyx
bvqctngykidtbepeydts bvqctngyki
bvqctngykedtbeylydts bvqctngyke
bvqclngykeapbeylydts bvqclngy
bvqclngxkeapbeflkdts bvqclngx
xvqclngxkewpbeglkdts xvq
xiqclngxkewmbeglkdtn xiqcl
xiqcmnexkewmbeglkdtn xiqcm
xjqcmnexkewlbeglfdtn xjqcm
xjqcrnexkxwlbeglfdtn xjqcrn
xqqcrneekxvlbeglfdtn xq
xeqcrneekxllbeglfvtn xeq
xjqcrdhekxllbeglfvtn xjqcrd
