3 BCa
3 BCaC
3 BCaCA
3 BCaCAb
3 BCaCAbb
3 BCaCAbbB
3 BCaCAbbBB
3 BCaCAbbBBc
3 BCaCAbbBBcC
3 BCaCAbbBBcCb
3 BCaCAbbBBcCba
3 BCaCAbbBBcCbaB
3 BCaCAbbBBcCbaBC
3 BCaCAbbBBcCbaBCc
3 BCaCAbbBBcCbaBCcC
3 BCaCAbbBBcCbaBCcCC
3 BCaCAbbBBcCbaBCcCCc
3 BCaCAbbBBcCbaBCcCCcA
3 BCaCAbbBBcCbaBCcCCcAb
3 BCaCAbbBBcCbaBCcCCcAbb
3 BCaCAbbBBcCbaBCcCCcAbba
3 BCaCAbbBBcCbaBCcCCcAbbaa
3 BCaCAbbBBcCbaBCcCCcAbbaaA
3 BCaCAbbBBcCbaBCcCCcAbbaaAC
3 BCaCAbbBBcCbaBCcCCcAbbaaACb
5 aCA
5 aCAb
5 aCAbb
5 aCAbbB
5 aCAbbBB
5 aCAbbBBc
5 aCAbbBBcC
5 aCAbbBBcCb
5 aCAbbBBcCba
5 aCAbbBBcCbaB
5 aCAbbBBcCbaBC
5 aCAbbBBcCbaBCc
5 aCAbbBBcCbaBCcC
5 aCAbbBBcCbaBCcCC
5 aCAbbBBcCbaBCcCCc
5 aCAbbBBcCbaBCcCCcA
5 aCAbbBBcCbaBCcCCcAb
5 aCAbbBBcCbaBCcCCcAbb
5 aCAbbBBcCbaBCcCCcAbba
5 aCAbbBBcCbaBCcCCcAbbaa
5 aCAbbBBcCbaBCcCCcAbbaaA
5 aCAbbBBcCbaBCcCCcAbbaaAC
5 aCAbbBBcCbaBCcCCcAbbaaACb
20 CcA
20 CcAb
20 CcAbb
20 CcAbba
20 CcAbbaa
20 CcAbbaaA
20 CcAbbaaAC
20 CcAbbaaACb
