0 ABacCCaBaccABaCB
0 ABacCCaBaccABaCBAccacCb
0 ABacCCaBaccABaCBAccacCbaBCaaaAaBABbCaCCB
6 aBaccABaCB
6 aBaccABaCBAccacCb
6 aBaccABaCBAccacCbaBCaaaAaBABbCaCCB
11 ABaCB
11 ABaCBAccacCb
11 ABaCBAccacCbaBCaaaAaBABbCaCCB
23 aBCaaaAaBABbCaCCB
30 aBABbCaCCB
32 ABbCaCCB
