0 cCbb
0 cCbbcaCaBB
0 cCbbcaCaBBbbbbBcAcacaaB
0 cCbbcaCaBBbbbbBcAcacaaBbAAAcACAbb
0 cCbbcaCaBBbbbbBcAcacaaBbAAAcACAbbCAaCacabb
0 cCbbcaCaBBbbbbBcAcacaaBbAAAcACAbbCAaCacabbaCcBaB
0 cCbbcaCaBBbbbbBcAcacaaBbAAAcACAbbCAaCacabbaCcBaBbAacbACCaAb
0 cCbbcaCaBBbbbbBcAcacaaBbAAAcACAbbCAaCacabbaCcBaBbAacbACCaAbcaaB
1 CbbcaCaBB
1 CbbcaCaBBbbbbBcAcacaaB
1 CbbcaCaBBbbbbBcAcacaaBbAAAcACAbb
1 CbbcaCaBBbbbbBcAcacaaBbAAAcACAbbCAaCacabb
1 CbbcaCaBBbbbbBcAcacaaBbAAAcACAbbCAaCacabbaCcBaB
1 CbbcaCaBBbbbbBcAcacaaBbAAAcACAbbCAaCacabbaCcBaBbAacbACCaAb
1 CbbcaCaBBbbbbBcAcacaaBbAAAcACAbbCAaCacabbaCcBaBbAacbACCaAbcaaB
2 bbcaCaBB
2 bbcaCaBBbbbbBcAcacaaB
2 bbcaCaBBbbbbBcAcacaaBbAAAcACAbb
2 bbcaCaBBbbbbBcAcacaaBbAAAcACAbbCAaCacabb
2 bbcaCaBBbbbbBcAcacaaBbAAAcACAbbCAaCacabbaCcBaB
2 bbcaCaBBbbbbBcAcacaaBbAAAcACAbbCAaCacabbaCcBaBbAacbACCaAb
2 bbcaCaBBbbbbBcAcacaaBbAAAcACAbbCAaCacabbaCcBaBbAacbACCaAbcaaB
3 bcaCaBB
3 bcaCaBBbbbbBcAcacaaB
3 bcaCaBBbbbbBcAcacaaBbAAAcACAbb
3 bcaCaBBbbbbBcAcacaaBbAAAcACAbbCAaCacabb
3 bcaCaBBbbbbBcAcacaaBbAAAcACAbbCAaCacabbaCcBaB
3 bcaCaBBbbbbBcAcacaaBbAAAcACAbbCAaCacabbaCcBaBbAacbACCaAb
3 bcaCaBBbbbbBcAcacaaBbAAAcACAbbCAaCacabbaCcBaBbAacbACCaAbcaaB
4 caCaBB
4 caCaBBbbbbBcAcacaaB
4 caCaBBbbbbBcAcacaaBbAAAcACAbb
4 caCaBBbbbbBcAcacaaBbAAAcACAbbCAaCacabb
4 caCaBBbbbbBcAcacaaBbAAAcACAbbCAaCacabbaCcBaB
4 caCaBBbbbbBcAcacaaBbAAAcACAbbCAaCacabbaCcBaBbAacbACCaAb
4 caCaBBbbbbBcAcacaaBbAAAcACAbbCAaCacabbaCcBaBbAacbACCaAbcaaB
5 aCaBB
5 aCaBBbbbbBcAcacaaB
5 aCaBBbbbbBcAcacaaBbAAAcACAbb
5 aCaBBbbbbBcAcacaaBbAAAcACAbbCAaCacabb
5 aCaBBbbbbBcAcacaaBbAAAcACAbbCAaCacabbaCcBaB
5 aCaBBbbbbBcAcacaaBbAAAcACAbbCAaCacabbaCcBaBbAacbACCaAb
5 aCaBBbbbbBcAcacaaBbAAAcACAbbCAaCacabbaCcBaBbAacbACCaAbcaaB
6 CaBB
6 CaBBbbbbBcAcacaaB
6 CaBBbbbbBcAcacaaBbAAAcACAbb
6 CaBBbbbbBcAcacaaBbAAAcACAbbCAaCacabb
6 CaBBbbbbBcAcacaaBbAAAcACAbbCAaCacabbaCcBaB
6 CaBBbbbbBcAcacaaBbAAAcACAbbCAaCacabbaCcBaBbAacbACCaAb
6 CaBBbbbbBcAcacaaBbAAAcACAbbCAaCacabbaCcBaBbAacbACCaAbcaaB
7 aBBbbbbBcAcacaaB
7 aBBbbbbBcAcacaaBbAAAcACAbb
7 aBBbbbbBcAcacaaBbAAAcACAbbCAaCacabb
7 aBBbbbbBcAcacaaBbAAAcACAbbCAaCacabbaCcBaB
7 aBBbbbbBcAcacaaBbAAAcACAbbCAaCacabbaCcBaBbAacbACCaAb
7 aBBbbbbBcAcacaaBbAAAcACAbbCAaCacabbaCcBaBbAacbACCaAbcaaB
8 BBbbbbBcAcacaaB
8 BBbbbbBcAcacaaBbAAAcACAbb
8 BBbbbbBcAcacaaBbAAAcACAbbCAaCacabb
8 BBbbbbBcAcacaaBbAAAcACAbbCAaCacabbaCcBaB
8 BBbbbbBcAcacaaBbAAAcACAbbCAaCacabbaCcBaBbAacbACCaAb
8 BBbbbbBcAcacaaBbAAAcACAbbCAaCacabbaCcBaBbAacbACCaAbcaaB
9 BbbbbBcAcacaaB
9 BbbbbBcAcacaaBbAAAcACAbb
9 BbbbbBcAcacaaBbAAAcACAbbCAaCacabb
9 BbbbbBcAcacaaBbAAAcACAbbCAaCacabbaCcBaB
9 BbbbbBcAcacaaBbAAAcACAbbCAaCacabbaCcBaBbAacbACCaAb
9 BbbbbBcAcacaaBbAAAcACAbbCAaCacabbaCcBaBbAacbACCaAbcaaB
10 bbbbBcAcacaaB
10 bbbbBcAcacaaBbAAAcACAbb
10 bbbbBcAcacaaBbAAAcACAbbCAaCacabb
10 bbbbBcAcacaaBbAAAcACAbbCAaCacabbaCcBaB
10 bbbbBcAcacaaBbAAAcACAbbCAaCacabbaCcBaBbAacbACCaAb
10 bbbbBcAcacaaBbAAAcACAbbCAaCacabbaCcBaBbAacbACCaAbcaaB
11 bbbBcAcacaaB
11 bbbBcAcacaaBbAAAcACAbb
11 bbbBcAcacaaBbAAAcACAbbCAaCacabb
11 bbbBcAcacaaBbAAAcACAbbCAaCacabbaCcBaB
11 bbbBcAcacaaBbAAAcACAbbCAaCacabbaCcBaBbAacbACCaAb
11 bbbBcAcacaaBbAAAcACAbbCAaCacabbaCcBaBbAacbACCaAbcaaB
12 bbBcAcacaaB
12 bbBcAcacaaBbAAAcACAbb
12 bbBcAcacaaBbAAAcACAbbCAaCacabb
12 bbBcAcacaaBbAAAcACAbbCAaCacabbaCcBaB
12 bbBcAcacaaBbAAAcACAbbCAaCacabbaCcBaBbAacbACCaAb
12 bbBcAcacaaBbAAAcACAbbCAaCacabbaCcBaBbAacbACCaAbcaaB
13 bBcAcacaaB
13 bBcAcacaaBbAAAcACAbb
13 bBcAcacaaBbAAAcACAbbCAaCacabb
13 bBcAcacaaBbAAAcACAbbCAaCacabbaCcBaB
13 bBcAcacaaBbAAAcACAbbCAaCacabbaCcBaBbAacbACCaAb
13 bBcAcacaaBbAAAcACAbbCAaCacabbaCcBaBbAacbACCaAbcaaB
14 BcAcacaaB
14 BcAcacaaBbAAAcACAbb
14 BcAcacaaBbAAAcACAbbCAaCacabb
14 BcAcacaaBbAAAcACAbbCAaCacabbaCcBaB
14 BcAcacaaBbAAAcACAbbCAaCacabbaCcBaBbAacbACCaAb
14 BcAcacaaBbAAAcACAbbCAaCacabbaCcBaBbAacbACCaAbcaaB
15 cAcacaaB
15 cAcacaaBbAAAcACAbb
15 cAcacaaBbAAAcACAbbCAaCacabb
15 cAcacaaBbAAAcACAbbCAaCacabbaCcBaB
15 cAcacaaBbAAAcACAbbCAaCacabbaCcBaBbAacbACCaAb
15 cAcacaaBbAAAcACAbbCAaCacabbaCcBaBbAacbACCaAbcaaB
16 AcacaaB
16 AcacaaBbAAAcACAbb
16 AcacaaBbAAAcACAbbCAaCacabb
16 AcacaaBbAAAcACAbbCAaCacabbaCcBaB
16 AcacaaBbAAAcACAbbCAaCacabbaCcBaBbAacbACCaAb
16 AcacaaBbAAAcACAbbCAaCacabbaCcBaBbAacbACCaAbcaaB
17 cacaaB
17 cacaaBbAAAcACAbb
17 cacaaBbAAAcACAbbCAaCacabb
17 cacaaBbAAAcACAbbCAaCacabbaCcBaB
17 cacaaBbAAAcACAbbCAaCacabbaCcBaBbAacbACCaAb
17 cacaaBbAAAcACAbbCAaCacabbaCcBaBbAacbACCaAbcaaB
18 acaaB
18 acaaBbAAAcACAbb
18 acaaBbAAAcACAbbCAaCacabb
18 acaaBbAAAcACAbbCAaCacabbaCcBaB
18 acaaBbAAAcACAbbCAaCacabbaCcBaBbAacbACCaAb
18 acaaBbAAAcACAbbCAaCacabbaCcBaBbAacbACCaAbcaaB
19 caaB
19 caaBbAAAcACAbb
19 caaBbAAAcACAbbCAaCacabb
19 caaBbAAAcACAbbCAaCacabbaCcBaB
19 caaBbAAAcACAbbCAaCacabbaCcBaBbAacbACCaAb
19 caaBbAAAcACAbbCAaCacabbaCcBaBbAacbACCaAbcaaB
20 aaBbAAAcACAbb
20 aaBbAAAcACAbbCAaCacabb
20 aaBbAAAcACAbbCAaCacabbaCcBaB
20 aaBbAAAcACAbbCAaCacabbaCcBaBbAacbACCaAb
20 aaBbAAAcACAbbCAaCacabbaCcBaBbAacbACCaAbcaaB
21 aBbAAAcACAbb
21 aBbAAAcACAbbCAaCacabb
21 aBbAAAcACAbbCAaCacabbaCcBaB
21 aBbAAAcACAbbCAaCacabbaCcBaBbAacbACCaAb
21 aBbAAAcACAbbCAaCacabbaCcBaBbAacbACCaAbcaaB
22 BbAAAcACAbb
22 BbAAAcACAbbCAaCacabb
22 BbAAAcACAbbCAaCacabbaCcBaB
22 BbAAAcACAbbCAaCacabbaCcBaBbAacbACCaAb
22 BbAAAcACAbbCAaCacabbaCcBaBbAacbACCaAbcaaB
23 bAAAcACAbb
23 bAAAcACAbbCAaCacabb
23 bAAAcACAbbCAaCacabbaCcBaB
23 bAAAcACAbbCAaCacabbaCcBaBbAacbACCaAb
23 bAAAcACAbbCAaCacabbaCcBaBbAacbACCaAbcaaB
24 AAAcACAbb
24 AAAcACAbbCAaCacabb
24 AAAcACAbbCAaCacabbaCcBaB
24 AAAcACAbbCAaCacabbaCcBaBbAacbACCaAb
24 AAAcACAbbCAaCacabbaCcBaBbAacbACCaAbcaaB
25 AAcACAbb
25 AAcACAbbCAaCacabb
25 AAcACAbbCAaCacabbaCcBaB
25 AAcACAbbCAaCacabbaCcBaBbAacbACCaAb
25 AAcACAbbCAaCacabbaCcBaBbAacbACCaAbcaaB
26 AcACAbb
26 AcACAbbCAaCacabb
26 AcACAbbCAaCacabbaCcBaB
26 AcACAbbCAaCacabbaCcBaBbAacbACCaAb
26 AcACAbbCAaCacabbaCcBaBbAacbACCaAbcaaB
27 cACAbb
27 cACAbbCAaCacabb
27 cACAbbCAaCacabbaCcBaB
27 cACAbbCAaCacabbaCcBaBbAacbACCaAb
27 cACAbbCAaCacabbaCcBaBbAacbACCaAbcaaB
28 ACAbb
28 ACAbbCAaCacabb
28 ACAbbCAaCacabbaCcBaB
28 ACAbbCAaCacabbaCcBaBbAacbACCaAb
28 ACAbbCAaCacabbaCcBaBbAacbACCaAbcaaB
29 CAbb
29 CAbbCAaCacabb
29 CAbbCAaCacabbaCcBaB
29 CAbbCAaCacabbaCcBaBbAacbACCaAb
29 CAbbCAaCacabbaCcBaBbAacbACCaAbcaaB
30 AbbCAaCacabb
30 AbbCAaCacabbaCcBaB
30 AbbCAaCacabbaCcBaBbAacbACCaAb
30 AbbCAaCacabbaCcBaBbAacbACCaAbcaaB
31 bbCAaCacabb
31 bbCAaCacabbaCcBaB
31 bbCAaCacabbaCcBaBbAacbACCaAb
31 bbCAaCacabbaCcBaBbAacbACCaAbcaaB
32 bCAaCacabb
32 bCAaCacabbaCcBaB
32 bCAaCacabbaCcBaBbAacbACCaAb
32 bCAaCacabbaCcBaBbAacbACCaAbcaaB
33 CAaCacabb
33 CAaCacabbaCcBaB
33 CAaCacabbaCcBaBbAacbACCaAb
33 CAaCacabbaCcBaBbAacbACCaAbcaaB
34 AaCacabb
34 AaCacabbaCcBaB
34 AaCacabbaCcBaBbAacbACCaAb
34 AaCacabbaCcBaBbAacbACCaAbcaaB
35 aCacabb
35 aCacabbaCcBaB
35 aCacabbaCcBaBbAacbACCaAb
35 aCacabbaCcBaBbAacbACCaAbcaaB
36 Cacabb
36 CacabbaCcBaB
36 CacabbaCcBaBbAacbACCaAb
36 CacabbaCcBaBbAacbACCaAbcaaB
37 acabb
37 acabbaCcBaB
37 acabbaCcBaBbAacbACCaAb
37 acabbaCcBaBbAacbACCaAbcaaB
38 cabb
38 cabbaCcBaB
38 cabbaCcBaBbAacbACCaAb
38 cabbaCcBaBbAacbACCaAbcaaB
39 abbaCcBaB
39 abbaCcBaBbAacbACCaAb
39 abbaCcBaBbAacbACCaAbcaaB
40 bbaCcBaB
40 bbaCcBaBbAacbACCaAb
40 bbaCcBaBbAacbACCaAbcaaB
41 baCcBaB
41 baCcBaBbAacbACCaAb
41 baCcBaBbAacbACCaAbcaaB
42 aCcBaB
42 aCcBaBbAacbACCaAb
42 aCcBaBbAacbACCaAbcaaB
43 CcBaB
43 CcBaBbAacbACCaAb
43 CcBaBbAacbACCaAbcaaB
44 cBaB
44 cBaBbAacbACCaAb
44 cBaBbAacbACCaAbcaaB
45 BaBbAacbACCaAb
45 BaBbAacbACCaAbcaaB
46 aBbAacbACCaAb
46 aBbAacbACCaAbcaaB
47 BbAacbACCaAb
47 BbAacbACCaAbcaaB
48 bAacbACCaAb
48 bAacbACCaAbcaaB
49 AacbACCaAb
49 AacbACCaAbcaaB
50 acbACCaAb
50 acbACCaAbcaaB
51 cbACCaAb
51 cbACCaAbcaaB
52 bACCaAb
52 bACCaAbcaaB
53 ACCaAb
53 ACCaAbcaaB
54 CCaAb
54 CCaAbcaaB
55 CaAb
55 CaAbcaaB
56 aAbcaaB
57 AbcaaB
58 bcaaB
59 caaB
