0 CCCAbBBaaCabcCbCaaCBabAaCBaAabbCBbcBBaaBABCBaaAaCAAaaCcbbBbABaCABcCcAc
1 CCAbBBaaCabcCbCaaCBabAaCBaAabbCBbcBBaaBABCBaaAaCAAaaCcbbBbABaCABcCcAc
9 CabcCbCaaCBabAaCBaAabbCBbcBBaaBABCBaaAaCAAaaCcbbBbABaCABcCcAc
13 CbCaaCBabAaCBaAabbCBbcBBaaBABCBaaAaCAAaaCcbbBbABaCABcCcAc
15 CaaCBabAaCBaAabbCBbcBBaaBABCBaaAaCAAaaCcbbBbABaCABcCcAc
31 CBbcBBaaBABCBaaAaCAAaaCcbbBbABaCABcCcAc
42 CBaaAaCAAaaCcbbBbABaCABcCcAc
